Archive member included to satisfy reference by file (symbol)

/opt/devkitpro/libnds/lib/libmm7.a(mm_comms7.o)
                              template.o (mmInstall)
/opt/devkitpro/libnds/lib/libmm7.a(mm_main.o)
                              /opt/devkitpro/libnds/lib/libmm7.a(mm_comms7.o) (mmSetEventHandler)
/opt/devkitpro/libnds/lib/libmm7.a(mm_effect.o)
                              /opt/devkitpro/libnds/lib/libmm7.a(mm_comms7.o) (mm_sfx_clearmask)
/opt/devkitpro/libnds/lib/libmm7.a(mm_mas.o)
                              /opt/devkitpro/libnds/lib/libmm7.a(mm_effect.o) (mm_achannels)
/opt/devkitpro/libnds/lib/libmm7.a(mm_mas_arm.o)
                              /opt/devkitpro/libnds/lib/libmm7.a(mm_effect.o) (mmAllocChannel)
/opt/devkitpro/libnds/lib/libmm7.a(mm_main7.o)
                              /opt/devkitpro/libnds/lib/libmm7.a(mm_mas.o) (mmModuleBank)
/opt/devkitpro/libnds/lib/libmm7.a(mm_mixer_super.o)
                              /opt/devkitpro/libnds/lib/libmm7.a(mm_effect.o) (mm_mix_channels)
/opt/devkitpro/calico/lib/libcalico_ds7.a(irq.o)
                              /opt/devkitpro/libnds/lib/libmm7.a(mm_comms7.o) (irqSet)
/opt/devkitpro/calico/lib/libcalico_ds7.a(thread_cold.o)
                              /opt/devkitpro/libnds/lib/libmm7.a(mm_comms7.o) (threadPrepare)
/opt/devkitpro/calico/lib/libcalico_ds7.a(thread_hot.32.o)
                              /opt/devkitpro/calico/lib/libcalico_ds7.a(thread_cold.o) (__sched_state)
/opt/devkitpro/calico/lib/libcalico_ds7.a(mailbox.o)
                              /opt/devkitpro/libnds/lib/libmm7.a(mm_comms7.o) (mailboxTrySend)
/opt/devkitpro/calico/lib/libcalico_ds7.a(arm-copy-fill.32.o)
                              /opt/devkitpro/calico/lib/libcalico_ds7.a(thread_cold.o) (armCopyMem32)
/opt/devkitpro/calico/lib/libcalico_ds7.a(arm-context.32.o)
                              /opt/devkitpro/calico/lib/libcalico_ds7.a(thread_cold.o) (armContextSave)
/opt/devkitpro/calico/lib/libcalico_ds7.a(arm-shims.32.o)
                              /opt/devkitpro/calico/lib/libcalico_ds7.a(thread_cold.o) (armIrqLockByPsr)
/opt/devkitpro/calico/lib/libcalico_ds7.a(bios.o)
                              /opt/devkitpro/calico/lib/libcalico_ds7.a(thread_cold.o) (svcHalt)
/opt/devkitpro/calico/lib/libcalico_ds7.a(pxi.o)
                              /opt/devkitpro/libnds/lib/libmm7.a(mm_comms7.o) (pxiSetHandler)
/opt/devkitpro/calico/lib/libcalico_ds7.a(keypad.o)
                              template.o (keypadStartExtServer)
/opt/devkitpro/calico/lib/libcalico_ds7.a(pm.o)
                              template.o (rtcSyncTime)
/opt/devkitpro/calico/lib/libcalico_ds7.a(bootstub_arm7.o)
                              (__ds7_bootstub)
/opt/devkitpro/calico/lib/libcalico_ds7.a(rtc.o)
                              template.o (rtcInit)
/opt/devkitpro/calico/lib/libcalico_ds7.a(spi.o)
                              /opt/devkitpro/calico/lib/libcalico_ds7.a(pm.o) (g_spiMutex)
/opt/devkitpro/calico/lib/libcalico_ds7.a(pmic.o)
                              /opt/devkitpro/calico/lib/libcalico_ds7.a(pm.o) (pmicWriteRegister)
/opt/devkitpro/calico/lib/libcalico_ds7.a(env.o)
                              template.o (envReadNvramSettings)
/opt/devkitpro/calico/lib/libcalico_ds7.a(pm_arm7.o)
                              /opt/devkitpro/calico/lib/libcalico_ds7.a(pm.o) (pmGetBatteryState)
/opt/devkitpro/calico/lib/libcalico_ds7.a(touch.o)
                              template.o (touchStartServer)
/opt/devkitpro/calico/lib/libcalico_ds7.a(mic.32.o)
                              template.o (micStartServer)
/opt/devkitpro/calico/lib/libcalico_ds7.a(scfg.twl.o)
                              /opt/devkitpro/calico/lib/libcalico_ds7.a(pm.o) (scfgSetMcPower)
/opt/devkitpro/calico/lib/libcalico_ds7.a(i2c.twl.o)
                              /opt/devkitpro/calico/lib/libcalico_ds7.a(pm.o) (g_i2cMutex)
/opt/devkitpro/calico/lib/libcalico_ds7.a(mcu.twl.o)
                              /opt/devkitpro/calico/lib/libcalico_ds7.a(pm.o) (g_mcuPwrBtnState)
/opt/devkitpro/calico/lib/libcalico_ds7.a(codec.twl.o)
                              /opt/devkitpro/calico/lib/libcalico_ds7.a(touch.o) (cdcTscInit)
/opt/devkitpro/calico/lib/libcalico_ds7.a(gpio.twl.o)
                              /opt/devkitpro/calico/lib/libcalico_ds7.a(pm.o) (gpioSetWlModule)
/opt/devkitpro/calico/lib/libcalico_ds7.a(sound.o)
                              template.o (soundStartServer)
/opt/devkitpro/calico/lib/libcalico_ds7.a(sound_pxi.o)
                              /opt/devkitpro/calico/lib/libcalico_ds7.a(sound.o) (_soundPxiProcess)
/opt/devkitpro/calico/lib/libcalico_ds7.a(blk.o)
                              template.o (blkInit)
/opt/devkitpro/calico/lib/libcalico_ds7.a(blk.twl.32.o)
                              /opt/devkitpro/calico/lib/libcalico_ds7.a(blk.o) (twlblkInit)
/opt/devkitpro/calico/lib/libcalico_ds7.a(wlmgr.o)
                              template.o (wlmgrStartServer)
[...]
Memory Configuration

Name             Origin             Length             Attributes
lma7             0x02380000         0x00040000
lma7i            0x02e80000         0x00108000
main             0x02fcc000         0x00028000
twlwram          0x037c0000         0x00038000
wram             0x037f8000         0x00017000
*default*        0x00000000         0xffffffff

Linker script and memory map

                0x00000000                        __sync_synchronize = __sync_synchronize_none
LOAD /opt/devkitpro/devkitARM/bin/../lib/gcc/arm-none-eabi/15.1.0/thumb/crti.o
LOAD /opt/devkitpro/devkitARM/bin/../lib/gcc/arm-none-eabi/15.1.0/thumb/crtbegin.o
LOAD template.o
LOAD /opt/devkitpro/libnds/lib/libmm7.a
LOAD /opt/devkitpro/libnds/lib/libnds7.a
LOAD /opt/devkitpro/calico/lib/libcalico_ds7.a
START GROUP
LOAD /opt/devkitpro/devkitARM/bin/../lib/gcc/arm-none-eabi/15.1.0/thumb/libgcc.a
LOAD /opt/devkitpro/devkitARM/bin/../lib/gcc/arm-none-eabi/15.1.0/../../../../arm-none-eabi/lib/thumb/libg.a
LOAD /opt/devkitpro/devkitARM/bin/../lib/gcc/arm-none-eabi/15.1.0/../../../../arm-none-eabi/lib/thumb/libc.a
LOAD /opt/devkitpro/devkitARM/bin/../lib/gcc/arm-none-eabi/15.1.0/../../../../arm-none-eabi/lib/thumb/libsysbase.a
END GROUP
LOAD /opt/devkitpro/devkitARM/bin/../lib/gcc/arm-none-eabi/15.1.0/thumb/crtend.o
LOAD /opt/devkitpro/devkitARM/bin/../lib/gcc/arm-none-eabi/15.1.0/thumb/crtn.o
                0x0380f000                        PROVIDE (__sys_start = (ORIGIN (wram) + LENGTH (wram)))
                0x0380fe80                        PROVIDE (__sp_usr = (__sys_start + 0xe80))
                0x0380ff80                        PROVIDE (__sp_irq = (__sp_usr + 0x100))
                0x0380ffc0                        PROVIDE (__sp_svc = (__sp_irq + 0x40))
                0x0380ffc0                        PROVIDE (__irq_flags2 = (__sp_svc + 0x0))
                [!provide]                        PROVIDE (__scfg_buf = (__sp_svc + 0x4))
                [!provide]                        PROVIDE (__dma_fill = (__sp_svc + 0x20))
                0x0380fff8                        PROVIDE (__irq_flags = (__sp_svc + 0x38))
                0x0380fffc                        PROVIDE (__irq_vector = (__sp_svc + 0x3c))
                0x00000000                        PROVIDE (__end__ = 0x0)

.crt0           0x02380000      0x620
 *(.prepad)
                0x02380000                        . = ALIGN (0x4)
 *(.bootstub .bootstub.*)
 .bootstub.__ds7_bootstub
                0x02380000      0x150 /opt/devkitpro/calico/lib/libcalico_ds7.a(bootstub_arm7.o)
                0x02380000                __ds7_bootstub
 *(.crt0 .crt0.* .text.build_argv .text.__libc_init_array .text._blkShelterDldi)
 .text._blkShelterDldi
                0x02380150       0xa4 /opt/devkitpro/calico/lib/libcalico_ds7.a(blk.o)
                0x02380150                _blkShelterDldi
 .text.__libc_init_array
                0x023801f4       0x54 /opt/devkitpro/devkitARM/bin/../lib/gcc/arm-none-eabi/15.1.0/../../../../arm-none-eabi/lib/thumb/libg.a(libc_a-init.o)
                0x023801f4                __libc_init_array
 .text.build_argv
                0x02380248       0x58 /opt/devkitpro/devkitARM/bin/../lib/gcc/arm-none-eabi/15.1.0/../../../../arm-none-eabi/lib/thumb/libsysbase.a(libsysbase_libsysbase_a-build_argv.o)
                0x02380248                build_argv
 *.crt0.*(.text .stub .text.* .gnu.linkonce.t.*)
 .text.crt0ProcessLoadList
                0x023802a0       0x58 /opt/devkitpro/calico/lib/libcalico_ds7.a(startup.crt0.o)
                0x023802a0                crt0ProcessLoadList
 .text.crt0Startup
                0x023802f8      0x244 /opt/devkitpro/calico/lib/libcalico_ds7.a(startup.crt0.o)
                0x023802f8                crt0Startup
 .text.crt0CopyMem32
                0x0238053c       0x4c /opt/devkitpro/calico/lib/libcalico_ds7.a(utils.crt0.o)
                0x0238053c                crt0CopyMem32
 .text.crt0FillMem32
                0x02380588       0x58 /opt/devkitpro/calico/lib/libcalico_ds7.a(utils.crt0.o)
                0x02380588                crt0FillMem32
 .text.crt0FillMem32.__stub
                0x023805e0       0x40 linker stubs
 *.crt0.*(.glue_7t .glue_7 .vfp11_veneer .v4_bx)
 *.crt0.*(.rodata .rodata.* .gnu.linkonce.r.*)
 *.crt0.*(.rodata1)
                0x02380620                        . = ALIGN (0x4)

.twl            0x037c0000     0x752c load address 0x02e80000
 *(.twl .twl.* .text.irqSet2 .text.threadIrqWait2)
 .text.irqSet2  0x037c0000       0x38 /opt/devkitpro/calico/lib/libcalico_ds7.a(irq.o)
                0x037c0000                irqSet2
 .text.threadIrqWait2
                0x037c0038       0x70 /opt/devkitpro/calico/lib/libcalico_ds7.a(thread_cold.o)
                0x037c0038                threadIrqWait2
 .twl._micReadSampleTwl
                0x037c00a8       0x54 /opt/devkitpro/calico/lib/libcalico_ds7.a(mic.32.o)
 .twl._micDmaIsr
                0x037c00fc       0x74 /opt/devkitpro/calico/lib/libcalico_ds7.a(mic.32.o)
 *.twl.*(.text .stub .text.* .gnu.linkonce.t.*)
 .text.scfgSetMcPower
                0x037c0170       0x9c /opt/devkitpro/calico/lib/libcalico_ds7.a(scfg.twl.o)
                0x037c0170                scfgSetMcPower
 .text._i2cSelectDevice
                0x037c020c       0x28 /opt/devkitpro/calico/lib/libcalico_ds7.a(i2c.twl.o)
 .text._i2cSelectRegister
                0x037c0234       0x40 /opt/devkitpro/calico/lib/libcalico_ds7.a(i2c.twl.o)
 .text._i2cStop.part.0
                0x037c0274       0x38 /opt/devkitpro/calico/lib/libcalico_ds7.a(i2c.twl.o)
 .text._i2cSetMcuDelay
                0x037c02ac        0xc /opt/devkitpro/calico/lib/libcalico_ds7.a(i2c.twl.o)
                0x037c02ac                _i2cSetMcuDelay
 .text.i2cWriteRegister8
                0x037c02b8       0xa0 /opt/devkitpro/calico/lib/libcalico_ds7.a(i2c.twl.o)
                0x037c02b8                i2cWriteRegister8
 .text.i2cReadRegister8
                0x037c0358       0xac /opt/devkitpro/calico/lib/libcalico_ds7.a(i2c.twl.o)
                0x037c0358                i2cReadRegister8
 .text._mcuThread
                0x037c0404       0x98 /opt/devkitpro/calico/lib/libcalico_ds7.a(mcu.twl.o)
 .text.mcuInit  0x037c049c       0x30 /opt/devkitpro/calico/lib/libcalico_ds7.a(mcu.twl.o)
                0x037c049c                mcuInit
 .text.mcuStartThread
                0x037c04cc       0x28 /opt/devkitpro/calico/lib/libcalico_ds7.a(mcu.twl.o)
                0x037c04cc                mcuStartThread
 .text.mcuIrqSet
                0x037c04f4       0x3c /opt/devkitpro/calico/lib/libcalico_ds7.a(mcu.twl.o)
                0x037c04f4                mcuIrqSet
 .text.mcuIssueReset
                0x037c0530       0x30 /opt/devkitpro/calico/lib/libcalico_ds7.a(mcu.twl.o)
                0x037c0530                mcuIssueReset
 .text.mcuIssueShutdown
                0x037c0560       0x28 /opt/devkitpro/calico/lib/libcalico_ds7.a(mcu.twl.o)
                0x037c0560                mcuIssueShutdown
 .text._cdcRawReadByte
                0x037c0588       0x54 /opt/devkitpro/calico/lib/libcalico_ds7.a(codec.twl.o)
 .text._cdcRawWriteByte
                0x037c05dc       0x3c /opt/devkitpro/calico/lib/libcalico_ds7.a(codec.twl.o)
 .text._cdcSelectPage
                0x037c0618       0x28 /opt/devkitpro/calico/lib/libcalico_ds7.a(codec.twl.o)
 .text.cdcReadReg
                0x037c0640       0x3c /opt/devkitpro/calico/lib/libcalico_ds7.a(codec.twl.o)
                0x037c0640                cdcReadReg
 .text.cdcWriteReg
                0x037c067c       0x40 /opt/devkitpro/calico/lib/libcalico_ds7.a(codec.twl.o)
                0x037c067c                cdcWriteReg
 .text.cdcWriteRegMask
                0x037c06bc       0x50 /opt/devkitpro/calico/lib/libcalico_ds7.a(codec.twl.o)
                0x037c06bc                cdcWriteRegMask
 .text.cdcReadRegArray
                0x037c070c       0xac /opt/devkitpro/calico/lib/libcalico_ds7.a(codec.twl.o)
                0x037c070c                cdcReadRegArray
 .text.cdcTscInit
                0x037c07b8       0x88 /opt/devkitpro/calico/lib/libcalico_ds7.a(codec.twl.o)
                0x037c07b8                cdcTscInit
 .text.cdcTscReadTouch
                0x037c0840      0x15a /opt/devkitpro/calico/lib/libcalico_ds7.a(codec.twl.o)
                0x037c0840                cdcTscReadTouch
 *fill*         0x037c099a        0x2 ff
 .text.cdcMicSetAmp
                0x037c099c       0x98 /opt/devkitpro/calico/lib/libcalico_ds7.a(codec.twl.o)
                0x037c099c                cdcMicSetAmp
 .text.gpioSetWlModule
                0x037c0a34       0x38 /opt/devkitpro/calico/lib/libcalico_ds7.a(gpio.twl.o)
                0x037c0a34                gpioSetWlModule
 .text._twlblkAesPrepare
                0x037c0a6c       0x84 /opt/devkitpro/calico/lib/libcalico_ds7.a(blk.twl.32.o)
 .text._twlblkAesDmaXferRecv
                0x037c0af0       0x3c /opt/devkitpro/calico/lib/libcalico_ds7.a(blk.twl.32.o)
 .text._twlblkAesDmaXferSend
                0x037c0b2c       0x3c /opt/devkitpro/calico/lib/libcalico_ds7.a(blk.twl.32.o)
 .text._sdmcIrqHandler
                0x037c0b68       0x18 /opt/devkitpro/calico/lib/libcalico_ds7.a(blk.twl.32.o)
 .text._twlblkAesDmaFinish.isra.0
                0x037c0b80       0x38 /opt/devkitpro/calico/lib/libcalico_ds7.a(blk.twl.32.o)
 .text._twlblkAesDmaWrite
                0x037c0bb8       0xac /opt/devkitpro/calico/lib/libcalico_ds7.a(blk.twl.32.o)
 .text._twlblkAesDmaRead
                0x037c0c64       0xac /opt/devkitpro/calico/lib/libcalico_ds7.a(blk.twl.32.o)
 .text._twlblkDmaWrite
                0x037c0d10       0x70 /opt/devkitpro/calico/lib/libcalico_ds7.a(blk.twl.32.o)
 .text._twlblkDmaRead
                0x037c0d80       0x70 /opt/devkitpro/calico/lib/libcalico_ds7.a(blk.twl.32.o)
 .text.twlblkInit
                0x037c0df0       0xa8 /opt/devkitpro/calico/lib/libcalico_ds7.a(blk.twl.32.o)
                0x037c0df0                twlblkInit
 .text.twlSdInit
                0x037c0e98       0x50 /opt/devkitpro/calico/lib/libcalico_ds7.a(blk.twl.32.o)
                0x037c0e98                twlSdInit
 .text.twlNandInit
                0x037c0ee8       0xd8 /opt/devkitpro/calico/lib/libcalico_ds7.a(blk.twl.32.o)
                0x037c0ee8                twlNandInit
 .text.twlSdIsInserted
                0x037c0fc0        0x8 /opt/devkitpro/calico/lib/libcalico_ds7.a(blk.twl.32.o)
                0x037c0fc0                twlSdIsInserted
 .text.twlSdReadSectors
                0x037c0fc8       0x44 /opt/devkitpro/calico/lib/libcalico_ds7.a(blk.twl.32.o)
                0x037c0fc8                twlSdReadSectors
 .text.twlSdWriteSectors
                0x037c100c       0x44 /opt/devkitpro/calico/lib/libcalico_ds7.a(blk.twl.32.o)
                0x037c100c                twlSdWriteSectors
 .text.twlNandReadSectors
                0x037c1050       0x44 /opt/devkitpro/calico/lib/libcalico_ds7.a(blk.twl.32.o)
                0x037c1050                twlNandReadSectors
 .text.twlNandWriteSectors
                0x037c1094       0x44 /opt/devkitpro/calico/lib/libcalico_ds7.a(blk.twl.32.o)
                0x037c1094                twlNandWriteSectors
 .text.twlNandReadSectorsAes
                0x037c10d8       0x90 /opt/devkitpro/calico/lib/libcalico_ds7.a(blk.twl.32.o)
                0x037c10d8                twlNandReadSectorsAes
 .text.twlNandWriteSectorsAes
                0x037c1168       0x90 /opt/devkitpro/calico/lib/libcalico_ds7.a(blk.twl.32.o)
                0x037c1168                twlNandWriteSectorsAes
 .text._twlwifiOnScanComplete
                0x037c11f8       0x48 /opt/devkitpro/calico/lib/libcalico_ds7.a(wifi.twl.32.o)
 .text._twlwifiWpaInstallKey
                0x037c1240      0x118 /opt/devkitpro/calico/lib/libcalico_ds7.a(wifi.twl.32.o)
 .text._twlwifiWpaAllocPacket
                0x037c1358       0x18 /opt/devkitpro/calico/lib/libcalico_ds7.a(wifi.twl.32.o)
 .text._twlwifiOnDisassoc
                0x037c1370       0x64 /opt/devkitpro/calico/lib/libcalico_ds7.a(wifi.twl.32.o)
 .text._twlwifiOnAssoc
                0x037c13d4       0x94 /opt/devkitpro/calico/lib/libcalico_ds7.a(wifi.twl.32.o)
 .text._twlwifiOnBssInfo
                0x037c1468      0x114 /opt/devkitpro/calico/lib/libcalico_ds7.a(wifi.twl.32.o)
 .text._sdioIrqHandler
                0x037c157c       0x18 /opt/devkitpro/calico/lib/libcalico_ds7.a(wifi.twl.32.o)
 .text._twlwifiSdioDma
                0x037c1594       0x9c /opt/devkitpro/calico/lib/libcalico_ds7.a(wifi.twl.32.o)
 .text._twlwifiRx
                0x037c1630       0x50 /opt/devkitpro/calico/lib/libcalico_ds7.a(wifi.twl.32.o)
 .text.twlwifiInit
                0x037c1680      0x2c0 /opt/devkitpro/calico/lib/libcalico_ds7.a(wifi.twl.32.o)
                0x037c1680                twlwifiInit
 .text.twlwifiStartScan
                0x037c1940      0x1c4 /opt/devkitpro/calico/lib/libcalico_ds7.a(wifi.twl.32.o)
                0x037c1940                twlwifiStartScan
 .text.twlwifiAssociate
                0x037c1b04      0x364 /opt/devkitpro/calico/lib/libcalico_ds7.a(wifi.twl.32.o)
                0x037c1b04                twlwifiAssociate
 .text.twlwifiDisassociate
                0x037c1e68       0x54 /opt/devkitpro/calico/lib/libcalico_ds7.a(wifi.twl.32.o)
                0x037c1e68                twlwifiDisassociate
 .text.twlwifiExit
                0x037c1ebc       0x88 /opt/devkitpro/calico/lib/libcalico_ds7.a(wifi.twl.32.o)
                0x037c1ebc                twlwifiExit
 .text.twlwifiTx
                0x037c1f44       0x30 /opt/devkitpro/calico/lib/libcalico_ds7.a(wifi.twl.32.o)
                0x037c1f44                twlwifiTx
 .text._twlwifiWpaTx
                0x037c1f74        0x8 /opt/devkitpro/calico/lib/libcalico_ds7.a(wifi.twl.32.o)
 .text._wpaRsnSnagGtk
                0x037c1f7c       0x84 /opt/devkitpro/calico/lib/libcalico_ds7.a(wpa.twl.32.o)
 .text._wpaEapolCalcMic
                0x037c2000       0x88 /opt/devkitpro/calico/lib/libcalico_ds7.a(wpa.twl.32.o)
 .text._wpaEapolCreateReplyPacket
                0x037c2088      0x140 /opt/devkitpro/calico/lib/libcalico_ds7.a(wpa.twl.32.o)
 .text._wpaPairwiseHandshake34
                0x037c21c8      0x104 /opt/devkitpro/calico/lib/libcalico_ds7.a(wpa.twl.32.o)
 .text._wpaGroupHandshake
                0x037c22cc       0xdc /opt/devkitpro/calico/lib/libcalico_ds7.a(wpa.twl.32.o)
 .text.wpaPseudoRandomFunction
                0x037c23a8       0x90 /opt/devkitpro/calico/lib/libcalico_ds7.a(wpa.twl.32.o)
                0x037c23a8                wpaPseudoRandomFunction
 .text._wpaPairwiseHandshake12
                0x037c2438      0x184 /opt/devkitpro/calico/lib/libcalico_ds7.a(wpa.twl.32.o)
 .text.wpaAesUnwrap
                0x037c25bc      0x11c /opt/devkitpro/calico/lib/libcalico_ds7.a(wpa.twl.32.o)
                0x037c25bc                wpaAesUnwrap
 .text.wpaPrepare
                0x037c26d8       0x28 /opt/devkitpro/calico/lib/libcalico_ds7.a(wpa.twl.32.o)
                0x037c26d8                wpaPrepare
 .text.wpaReset
                0x037c2700       0x2c /opt/devkitpro/calico/lib/libcalico_ds7.a(wpa.twl.32.o)
                0x037c2700                wpaReset
 .text.wpaSupplicantThreadMain
                0x037c272c      0x2c4 /opt/devkitpro/calico/lib/libcalico_ds7.a(wpa.twl.32.o)
                0x037c272c                wpaSupplicantThreadMain
 .text.wpaHmacSha1
                0x037c29f0      0x104 /opt/devkitpro/calico/lib/libcalico_ds7.a(wpa_hmac_sha1.twl.32.o)
                0x037c29f0                wpaHmacSha1
 .text.wpaGenerateEapolNonce
                0x037c2af4       0xcc /opt/devkitpro/calico/lib/libcalico_ds7.a(wpa_hmac_sha1.twl.32.o)
                0x037c2af4                wpaGenerateEapolNonce
 .text.wpaAesSetEncryptKey
                0x037c2bc0      0x340 /opt/devkitpro/calico/lib/libcalico_ds7.a(wpa_aes.twl.o)
                0x037c2bc0                wpaAesSetEncryptKey
 .text.wpaAesSetDecryptKey
                0x037c2f00       0x20 /opt/devkitpro/calico/lib/libcalico_ds7.a(wpa_aes.twl.o)
                0x037c2f00                wpaAesSetDecryptKey
 .text._armAesSetEncToDecKey
                0x037c2f20      0x128 /opt/devkitpro/calico/lib/libcalico_ds7.a(wpa_aes.twl.o)
 .text.wpaAesDecrypt
                0x037c3048      0x104 /opt/devkitpro/calico/lib/libcalico_ds7.a(wpa_aes.twl.o)
                0x037c3048                wpaAesDecrypt
 .text._armAesDecryptImpl
                0x037c314c      0x1f8 /opt/devkitpro/calico/lib/libcalico_ds7.a(wpa_aes.twl.o)
 .text.svcSha1InitTWL
                0x037c3344        0x4 /opt/devkitpro/calico/lib/libcalico_ds7.a(bios.twl.o)
                0x037c3344                svcSha1InitTWL
 .text.svcSha1UpdateTWL
                0x037c3348        0x4 /opt/devkitpro/calico/lib/libcalico_ds7.a(bios.twl.o)
                0x037c3348                svcSha1UpdateTWL
 .text.svcSha1DigestTWL
                0x037c334c        0x4 /opt/devkitpro/calico/lib/libcalico_ds7.a(bios.twl.o)
                0x037c334c                svcSha1DigestTWL
 .text.svcSha1CalcTWL
                0x037c3350        0x4 /opt/devkitpro/calico/lib/libcalico_ds7.a(bios.twl.o)
                0x037c3350                svcSha1CalcTWL
 .text.tmioAckPortCardIrq.part.0
                0x037c3354       0x84 /opt/devkitpro/calico/lib/libcalico_ds7.a(tmio.twl.32.o)
 .text.tmioInit
                0x037c33d8       0xb0 /opt/devkitpro/calico/lib/libcalico_ds7.a(tmio.twl.32.o)
                0x037c33d8                tmioInit
 .text.tmioSetPortCardIrqHandler
                0x037c3488       0x6c /opt/devkitpro/calico/lib/libcalico_ds7.a(tmio.twl.32.o)
                0x037c3488                tmioSetPortCardIrqHandler
 .text.tmioAckPortCardIrq
                0x037c34f4        0xc /opt/devkitpro/calico/lib/libcalico_ds7.a(tmio.twl.32.o)
                0x037c34f4                tmioAckPortCardIrq
 .text.tmioIrqHandler
                0x037c3500      0x25c /opt/devkitpro/calico/lib/libcalico_ds7.a(tmio.twl.32.o)
                0x037c3500                tmioIrqHandler
 .text.tmioThreadMain
                0x037c375c      0x3b0 /opt/devkitpro/calico/lib/libcalico_ds7.a(tmio.twl.32.o)
                0x037c375c                tmioThreadMain
 .text.tmioTransact
                0x037c3b0c       0x88 /opt/devkitpro/calico/lib/libcalico_ds7.a(tmio.twl.32.o)
                0x037c3b0c                tmioTransact
 .text.tmioThreadCancel
                0x037c3b94       0x34 /opt/devkitpro/calico/lib/libcalico_ds7.a(tmio.twl.32.o)
                0x037c3b94                tmioThreadCancel
 .text.tmioXferRecvByCpu
                0x037c3bc8       0x90 /opt/devkitpro/calico/lib/libcalico_ds7.a(tmio.twl.32.o)
                0x037c3bc8                tmioXferRecvByCpu
 .text.tmioXferSendByCpu
                0x037c3c58       0x88 /opt/devkitpro/calico/lib/libcalico_ds7.a(tmio.twl.32.o)
                0x037c3c58                tmioXferSendByCpu
 .text.tmioDecodeTranSpeed
                0x037c3ce0       0x48 /opt/devkitpro/calico/lib/libcalico_ds7.a(tmio.twl.32.o)
                0x037c3ce0                tmioDecodeTranSpeed
 .text._sdmmcTransact
                0x037c3d28       0x6c /opt/devkitpro/calico/lib/libcalico_ds7.a(sdmmc.twl.32.o)
 .text._sdmmcCardReadWriteSectors
                0x037c3d94       0x68 /opt/devkitpro/calico/lib/libcalico_ds7.a(sdmmc.twl.32.o)
 .text.sdmmcCardInit
                0x037c3dfc      0x51c /opt/devkitpro/calico/lib/libcalico_ds7.a(sdmmc.twl.32.o)
                0x037c3dfc                sdmmcCardInit
 .text.sdmmcCardInitFromState
                0x037c4318      0x1d4 /opt/devkitpro/calico/lib/libcalico_ds7.a(sdmmc.twl.32.o)
                0x037c4318                sdmmcCardInitFromState
 .text.sdmmcCardDumpState
                0x037c44ec      0x138 /opt/devkitpro/calico/lib/libcalico_ds7.a(sdmmc.twl.32.o)
                0x037c44ec                sdmmcCardDumpState
 .text.sdmmcCardReadSectors
                0x037c4624       0x20 /opt/devkitpro/calico/lib/libcalico_ds7.a(sdmmc.twl.32.o)
                0x037c4624                sdmmcCardReadSectors
 .text.sdmmcCardWriteSectors
                0x037c4644       0x20 /opt/devkitpro/calico/lib/libcalico_ds7.a(sdmmc.twl.32.o)
                0x037c4644                sdmmcCardWriteSectors
 .text._sdioCardReadWriteExtended
                0x037c4664      0x108 /opt/devkitpro/calico/lib/libcalico_ds7.a(sdio.twl.32.o)
 .text.sdioCardReadDirect
                0x037c476c       0x9c /opt/devkitpro/calico/lib/libcalico_ds7.a(sdio.twl.32.o)
                0x037c476c                sdioCardReadDirect
 .text.sdioCardWriteDirect
                0x037c4808       0xa8 /opt/devkitpro/calico/lib/libcalico_ds7.a(sdio.twl.32.o)
                0x037c4808                sdioCardWriteDirect
 .text.sdioCardInit
                0x037c48b0      0x540 /opt/devkitpro/calico/lib/libcalico_ds7.a(sdio.twl.32.o)
                0x037c48b0                sdioCardInit
 .text.sdioCardSetIrqEnable
                0x037c4df0       0xa4 /opt/devkitpro/calico/lib/libcalico_ds7.a(sdio.twl.32.o)
                0x037c4df0                sdioCardSetIrqEnable
 .text.sdioCardReadExtended
                0x037c4e94       0x40 /opt/devkitpro/calico/lib/libcalico_ds7.a(sdio.twl.32.o)
                0x037c4e94                sdioCardReadExtended
 .text.sdioCardWriteExtended
                0x037c4ed4       0x40 /opt/devkitpro/calico/lib/libcalico_ds7.a(sdio.twl.32.o)
                0x037c4ed4                sdioCardWriteExtended
 .text._ar6kCardIrqHandler
                0x037c4f14       0x24 /opt/devkitpro/calico/lib/libcalico_ds7.a(ar6k.twl.32.o)
 .text._ar6kDevSetAddrWinReg
                0x037c4f38       0x5c /opt/devkitpro/calico/lib/libcalico_ds7.a(ar6k.twl.32.o)
 .text._ar6kWmiAllocPacket.constprop.0
                0x037c4f94       0x38 /opt/devkitpro/calico/lib/libcalico_ds7.a(ar6k.twl.32.o)
 .text.ar6kDevThreadCancel
                0x037c4fcc       0x34 /opt/devkitpro/calico/lib/libcalico_ds7.a(ar6k.twl.32.o)
                0x037c4fcc                ar6kDevThreadCancel
 .text.ar6kDevReadRegDiag
                0x037c5000       0x50 /opt/devkitpro/calico/lib/libcalico_ds7.a(ar6k.twl.32.o)
                0x037c5000                ar6kDevReadRegDiag
 .text.ar6kDevWriteRegDiag
                0x037c5050       0x5c /opt/devkitpro/calico/lib/libcalico_ds7.a(ar6k.twl.32.o)
                0x037c5050                ar6kDevWriteRegDiag
 .text._ar6kDevSetIrqEnable
                0x037c50ac       0x60 /opt/devkitpro/calico/lib/libcalico_ds7.a(ar6k.twl.32.o)
                0x037c50ac                _ar6kDevSetIrqEnable
 .text._ar6kDevPollMboxMsgRecv
                0x037c510c       0x8c /opt/devkitpro/calico/lib/libcalico_ds7.a(ar6k.twl.32.o)
                0x037c510c                _ar6kDevPollMboxMsgRecv
 .text._ar6kDevSendPacket
                0x037c5198       0x30 /opt/devkitpro/calico/lib/libcalico_ds7.a(ar6k.twl.32.o)
                0x037c5198                _ar6kDevSendPacket
 .text._ar6kDevRecvPacket
                0x037c51c8       0x30 /opt/devkitpro/calico/lib/libcalico_ds7.a(ar6k.twl.32.o)
                0x037c51c8                _ar6kDevRecvPacket
 .text._ar6kHtcWaitforControlMessage
                0x037c51f8       0x78 /opt/devkitpro/calico/lib/libcalico_ds7.a(ar6k.twl.32.o)
 .text.ar6kBmiBufferSend
                0x037c5270       0x74 /opt/devkitpro/calico/lib/libcalico_ds7.a(ar6k.twl.32.o)
                0x037c5270                ar6kBmiBufferSend
 .text.ar6kBmiBufferRecv
                0x037c52e4       0x28 /opt/devkitpro/calico/lib/libcalico_ds7.a(ar6k.twl.32.o)
                0x037c52e4                ar6kBmiBufferRecv
 .text.ar6kBmiDone
                0x037c530c       0x24 /opt/devkitpro/calico/lib/libcalico_ds7.a(ar6k.twl.32.o)
                0x037c530c                ar6kBmiDone
 .text.ar6kBmiWriteMemory
                0x037c5330       0xa4 /opt/devkitpro/calico/lib/libcalico_ds7.a(ar6k.twl.32.o)
                0x037c5330                ar6kBmiWriteMemory
 .text.ar6kBmiWriteSocReg
                0x037c53d4       0x2c /opt/devkitpro/calico/lib/libcalico_ds7.a(ar6k.twl.32.o)
                0x037c53d4                ar6kBmiWriteSocReg
 .text.ar6kBmiGetTargetInfo
                0x037c5400       0xa4 /opt/devkitpro/calico/lib/libcalico_ds7.a(ar6k.twl.32.o)
                0x037c5400                ar6kBmiGetTargetInfo
 .text._ar6kHtcSendPacket
                0x037c54a4      0x128 /opt/devkitpro/calico/lib/libcalico_ds7.a(ar6k.twl.32.o)
                0x037c54a4                _ar6kHtcSendPacket
 .text._ar6kWmiSendCmdPacket
                0x037c55cc       0x5c /opt/devkitpro/calico/lib/libcalico_ds7.a(ar6k.twl.32.o)
 .text.ar6kHtcInit
                0x037c5628       0x4c /opt/devkitpro/calico/lib/libcalico_ds7.a(ar6k.twl.32.o)
                0x037c5628                ar6kHtcInit
 .text.ar6kHtcConnectService
                0x037c5674       0xec /opt/devkitpro/calico/lib/libcalico_ds7.a(ar6k.twl.32.o)
                0x037c5674                ar6kHtcConnectService
 .text.ar6kHtcSetupComplete
                0x037c5760       0x30 /opt/devkitpro/calico/lib/libcalico_ds7.a(ar6k.twl.32.o)
                0x037c5760                ar6kHtcSetupComplete
 .text.ar6kDevInit
                0x037c5790      0x368 /opt/devkitpro/calico/lib/libcalico_ds7.a(ar6k.twl.32.o)
                0x037c5790                ar6kDevInit
 .text._ar6kWmiEventRx
                0x037c5af8      0x280 /opt/devkitpro/calico/lib/libcalico_ds7.a(ar6k.twl.32.o)
                0x037c5af8                _ar6kWmiEventRx
 .text._ar6kWmiDataRx
                0x037c5d78      0x114 /opt/devkitpro/calico/lib/libcalico_ds7.a(ar6k.twl.32.o)
                0x037c5d78                _ar6kWmiDataRx
 .text._ar6kHtcRecvMessagePendingHandler
                0x037c5e8c      0x290 /opt/devkitpro/calico/lib/libcalico_ds7.a(ar6k.twl.32.o)
                0x037c5e8c                _ar6kHtcRecvMessagePendingHandler
 .text.ar6kDevThreadMain
                0x037c611c       0xe8 /opt/devkitpro/calico/lib/libcalico_ds7.a(ar6k.twl.32.o)
                0x037c611c                ar6kDevThreadMain
 .text.ar6kWmiTx
                0x037c6204      0x158 /opt/devkitpro/calico/lib/libcalico_ds7.a(ar6k.twl.32.o)
                0x037c6204                ar6kWmiTx
 .text.ar6kWmiSimpleCmd
                0x037c635c       0x30 /opt/devkitpro/calico/lib/libcalico_ds7.a(ar6k.twl.32.o)
                0x037c635c                ar6kWmiSimpleCmd
 .text.ar6kWmiSimpleCmdWithParam8
                0x037c638c       0x38 /opt/devkitpro/calico/lib/libcalico_ds7.a(ar6k.twl.32.o)
                0x037c638c                ar6kWmiSimpleCmdWithParam8
 .text.ar6kWmiSimpleCmdWithParam32
                0x037c63c4       0x38 /opt/devkitpro/calico/lib/libcalico_ds7.a(ar6k.twl.32.o)
                0x037c63c4                ar6kWmiSimpleCmdWithParam32
 .text.ar6kWmiConnect
                0x037c63fc       0x5c /opt/devkitpro/calico/lib/libcalico_ds7.a(ar6k.twl.32.o)
                0x037c63fc                ar6kWmiConnect
 .text.ar6kWmiCreatePstream
                0x037c6458       0x40 /opt/devkitpro/calico/lib/libcalico_ds7.a(ar6k.twl.32.o)
                0x037c6458                ar6kWmiCreatePstream
 .text.ar6kWmiStartScan
                0x037c6498       0x50 /opt/devkitpro/calico/lib/libcalico_ds7.a(ar6k.twl.32.o)
                0x037c6498                ar6kWmiStartScan
 .text.ar6kWmiSetScanParams
                0x037c64e8       0x4c /opt/devkitpro/calico/lib/libcalico_ds7.a(ar6k.twl.32.o)
                0x037c64e8                ar6kWmiSetScanParams
 .text.ar6kWmiSetBssFilter
                0x037c6534       0x3c /opt/devkitpro/calico/lib/libcalico_ds7.a(ar6k.twl.32.o)
                0x037c6534                ar6kWmiSetBssFilter
 .text.ar6kWmiSetProbedSsid
                0x037c6570       0x40 /opt/devkitpro/calico/lib/libcalico_ds7.a(ar6k.twl.32.o)
                0x037c6570                ar6kWmiSetProbedSsid
 .text.ar6kWmiSetChannelParams
                0x037c65b0       0xd8 /opt/devkitpro/calico/lib/libcalico_ds7.a(ar6k.twl.32.o)
                0x037c65b0                ar6kWmiSetChannelParams
 .text.ar6kWmiAddCipherKey
                0x037c6688       0x40 /opt/devkitpro/calico/lib/libcalico_ds7.a(ar6k.twl.32.o)
                0x037c6688                ar6kWmiAddCipherKey
 .text.ar6kWmiSetFrameRate
                0x037c66c8       0x4c /opt/devkitpro/calico/lib/libcalico_ds7.a(ar6k.twl.32.o)
                0x037c66c8                ar6kWmiSetFrameRate
 .text.ar6kWmiSetBitRate
                0x037c6714       0x44 /opt/devkitpro/calico/lib/libcalico_ds7.a(ar6k.twl.32.o)
                0x037c6714                ar6kWmiSetBitRate
 .text.ar6kWmixConfigDebugModuleCmd
                0x037c6758       0x48 /opt/devkitpro/calico/lib/libcalico_ds7.a(ar6k.twl.32.o)
                0x037c6758                ar6kWmixConfigDebugModuleCmd
 .text.ar6kWmiStartup
                0x037c67a0       0xa8 /opt/devkitpro/calico/lib/libcalico_ds7.a(ar6k.twl.32.o)
                0x037c67a0                ar6kWmiStartup
 .text.ar6kWmiStartup.__stub
                0x037c6848      0x158 linker stubs
 *.twl.*(.glue_7t .glue_7 .vfp11_veneer .v4_bx)
 *.twl.*(.rodata .rodata.* .gnu.linkonce.r.*)
 .rodata.dummy_scan_params.0
                0x037c6a10       0x14 /opt/devkitpro/calico/lib/libcalico_ds7.a(wifi.twl.32.o)
 .rodata.cipher.1
                0x037c6a24        0x4 /opt/devkitpro/calico/lib/libcalico_ds7.a(wifi.twl.32.o)
 .rodata.authtype.2
                0x037c6a28        0x4 /opt/devkitpro/calico/lib/libcalico_ds7.a(wifi.twl.32.o)
 .rodata.key_length.3
                0x037c6a2c        0x3 /opt/devkitpro/calico/lib/libcalico_ds7.a(wifi.twl.32.o)
 *fill*         0x037c6a2f        0x1 ff
 .rodata.pstream_params.4
                0x037c6a30       0x40 /opt/devkitpro/calico/lib/libcalico_ds7.a(wifi.twl.32.o)
 .rodata.dummy_scan_params.5
                0x037c6a70       0x14 /opt/devkitpro/calico/lib/libcalico_ds7.a(wifi.twl.32.o)
 .rodata.dummy_probed_ssid.6
                0x037c6a84       0x23 /opt/devkitpro/calico/lib/libcalico_ds7.a(wifi.twl.32.o)
 .rodata.s_macAny
                0x037c6aa7        0x6 /opt/devkitpro/calico/lib/libcalico_ds7.a(wifi.twl.32.o)
 .rodata._wpaPairwiseHandshake12.str1.1
                0x037c6aad       0x17 /opt/devkitpro/calico/lib/libcalico_ds7.a(wpa.twl.32.o)
 .rodata._armAesTableEncode
                0x037c6ac4      0x540 /opt/devkitpro/calico/lib/libcalico_ds7.a(wpa_aes.twl.o)
 .rodata._armAesTableDecode
                0x037c7004      0x500 /opt/devkitpro/calico/lib/libcalico_ds7.a(wpa_aes.twl.o)
 .rodata.multipliers.0
                0x037c7504       0x10 /opt/devkitpro/calico/lib/libcalico_ds7.a(tmio.twl.32.o)
 .rodata.units.1
                0x037c7514        0x8 /opt/devkitpro/calico/lib/libcalico_ds7.a(tmio.twl.32.o)
 .rodata._ar6kWmiEventRx
                0x037c751c       0x10 /opt/devkitpro/calico/lib/libcalico_ds7.a(ar6k.twl.32.o)
 *.twl.*(.rodata1)
                0x037c752c                        . = ALIGN (0x4)

.twl.rw         0x037c752c        0x4 load address 0x02e8752c
 *.twl.*(.data .data.* .gnu.linkonce.d.*)
 .data.s_cdcCurPage
                0x037c752c        0x1 /opt/devkitpro/calico/lib/libcalico_ds7.a(codec.twl.o)
 *.twl.*(.data1)
                0x037c7530                        . = ALIGN (0x4)
 *fill*         0x037c752d        0x3 ff
                0x02e80000                        PROVIDE (__twl_lma = LOADADDR (.twl))
                0x037c0000                        PROVIDE (__twl_start = ADDR (.twl))
                0x037c752c                        PROVIDE (__twl_end = (ADDR (.twl) + SIZEOF (.twl)))

.twl.bss        0x037c7530     0x2728 load address 0x02e87530
 *(.twl_bss .twl_bss.*)
 *.twl.*(.dynbss)
 *.twl.*(.bss .bss.* .gnu.linkonce.b.*)
 .bss.s_i2cMcuDelay
                0x037c7530        0x4 /opt/devkitpro/calico/lib/libcalico_ds7.a(i2c.twl.o)
 .bss.s_i2cDelay
                0x037c7534        0x4 /opt/devkitpro/calico/lib/libcalico_ds7.a(i2c.twl.o)
 .bss.g_i2cMutex
                0x037c7538        0x4 /opt/devkitpro/calico/lib/libcalico_ds7.a(i2c.twl.o)
                0x037c7538                g_i2cMutex
 .bss.s_mcuIrqTable
                0x037c753c       0x20 /opt/devkitpro/calico/lib/libcalico_ds7.a(mcu.twl.o)
 *fill*         0x037c755c        0x4 
 .bss.s_mcuThreadStack
                0x037c7560      0x200 /opt/devkitpro/calico/lib/libcalico_ds7.a(mcu.twl.o)
 .bss.s_mcuThread
                0x037c7760       0x70 /opt/devkitpro/calico/lib/libcalico_ds7.a(mcu.twl.o)
 .bss.g_mcuPwrBtnState
                0x037c77d0        0x1 /opt/devkitpro/calico/lib/libcalico_ds7.a(mcu.twl.o)
                0x037c77d0                g_mcuPwrBtnState
 *fill*         0x037c77d1        0x3 
 .bss.s_sdmcNandAesIv
                0x037c77d4       0x10 /opt/devkitpro/calico/lib/libcalico_ds7.a(blk.twl.32.o)
 .bss.s_sdmcDevNand
                0x037c77e4       0x38 /opt/devkitpro/calico/lib/libcalico_ds7.a(blk.twl.32.o)
 .bss.s_sdmcDevSd
                0x037c781c       0x38 /opt/devkitpro/calico/lib/libcalico_ds7.a(blk.twl.32.o)
 *fill*         0x037c7854        0x4 
 .bss.s_sdmcThreadStack
                0x037c7858      0x400 /opt/devkitpro/calico/lib/libcalico_ds7.a(blk.twl.32.o)
 .bss.s_sdmcThread
                0x037c7c58       0x70 /opt/devkitpro/calico/lib/libcalico_ds7.a(blk.twl.32.o)
 .bss.s_sdmcCtlBuf
                0x037c7cc8       0x10 /opt/devkitpro/calico/lib/libcalico_ds7.a(blk.twl.32.o)
 .bss.s_sdmcCtl
                0x037c7cd8       0x28 /opt/devkitpro/calico/lib/libcalico_ds7.a(blk.twl.32.o)
 .bss.s_assocVars
                0x037c7d00        0xc /opt/devkitpro/calico/lib/libcalico_ds7.a(wifi.twl.32.o)
 .bss.s_scanVars
                0x037c7d0c       0x18 /opt/devkitpro/calico/lib/libcalico_ds7.a(wifi.twl.32.o)
 .bss.s_wpaIeBuf
                0x037c7d24       0x20 /opt/devkitpro/calico/lib/libcalico_ds7.a(wifi.twl.32.o)
 *fill*         0x037c7d44        0x4 
 .bss.s_wpaState
                0x037c7d48       0xd0 /opt/devkitpro/calico/lib/libcalico_ds7.a(wifi.twl.32.o)
 .bss.s_ar6kWorkBuf
                0x037c7e18      0x820 /opt/devkitpro/calico/lib/libcalico_ds7.a(wifi.twl.32.o)
 .bss.s_ar6kDev
                0x037c8638       0x70 /opt/devkitpro/calico/lib/libcalico_ds7.a(wifi.twl.32.o)
 .bss.s_sdioCard
                0x037c86a8       0x14 /opt/devkitpro/calico/lib/libcalico_ds7.a(wifi.twl.32.o)
 *fill*         0x037c86bc        0x4 
 .bss.s_wpaSupplicantThreadStack
                0x037c86c0      0x800 /opt/devkitpro/calico/lib/libcalico_ds7.a(wifi.twl.32.o)
 .bss.s_wpaSupplicantThread
                0x037c8ec0       0x70 /opt/devkitpro/calico/lib/libcalico_ds7.a(wifi.twl.32.o)
 .bss.s_sdioIrqThreadStack
                0x037c8f30      0x800 /opt/devkitpro/calico/lib/libcalico_ds7.a(wifi.twl.32.o)
 .bss.s_sdioIrqThread
                0x037c9730       0x70 /opt/devkitpro/calico/lib/libcalico_ds7.a(wifi.twl.32.o)
 .bss.s_sdioThreadStack
                0x037c97a0      0x400 /opt/devkitpro/calico/lib/libcalico_ds7.a(wifi.twl.32.o)
 .bss.s_sdioThread
                0x037c9ba0       0x70 /opt/devkitpro/calico/lib/libcalico_ds7.a(wifi.twl.32.o)
 .bss.s_sdioCtlBuf
                0x037c9c10        0x8 /opt/devkitpro/calico/lib/libcalico_ds7.a(wifi.twl.32.o)
 .bss.s_sdioCtl
                0x037c9c18       0x28 /opt/devkitpro/calico/lib/libcalico_ds7.a(wifi.twl.32.o)
 .bss.s_tmioTxEndQueue
                0x037c9c40        0x8 /opt/devkitpro/calico/lib/libcalico_ds7.a(tmio.twl.32.o)
 .bss.s_tmioIrqQueue
                0x037c9c48        0x8 /opt/devkitpro/calico/lib/libcalico_ds7.a(tmio.twl.32.o)
 .bss.s_ar6kCreditWaitList
                0x037c9c50        0x8 /opt/devkitpro/calico/lib/libcalico_ds7.a(ar6k.twl.32.o)
 *.twl.*(COMMON)
                0x037c9c58                        . = ALIGN (0x4)
                [!provide]                        PROVIDE (__twl_bss_start = ADDR (.twl.bss))
                0x037c9c58                        PROVIDE (__twl_bss_end = (ADDR (.twl.bss) + SIZEOF (.twl.bss)))

.main           0x02fcc000     0x1214 load address 0x02380620
 *(SORT_NONE(.init))
 .init          0x02fcc000        0x4 /opt/devkitpro/devkitARM/bin/../lib/gcc/arm-none-eabi/15.1.0/thumb/crti.o
                0x02fcc000                _init
 .init          0x02fcc004        0x8 /opt/devkitpro/devkitARM/bin/../lib/gcc/arm-none-eabi/15.1.0/thumb/crtn.o
 *(.main .main.* .text.frame_dummy .text.exit .text.__call_exitprocs .text.__do_global_dtors_aux .text.__libc_fini_array .text._exit .text._pmJumpToBootstub .text._pmJumpToNextApp .text._*_r)
 .text.__do_global_dtors_aux
                0x02fcc00c       0x2c /opt/devkitpro/devkitARM/bin/../lib/gcc/arm-none-eabi/15.1.0/thumb/crtbegin.o
 .text.frame_dummy
                0x02fcc038       0x24 /opt/devkitpro/devkitARM/bin/../lib/gcc/arm-none-eabi/15.1.0/thumb/crtbegin.o
 .main.mmtables
                0x02fcc05c      0x740 /opt/devkitpro/libnds/lib/libmm7.a(mm_mas.o)
                0x02fcc05c                ST3_FREQTABLE
                0x02fcc47c                IT_PitchTable
 .text._pmJumpToNextApp
                0x02fcc79c       0xbc /opt/devkitpro/calico/lib/libcalico_ds7.a(pm.o)
 .text._pmJumpToBootstub
                0x02fcc858       0x40 /opt/devkitpro/calico/lib/libcalico_ds7.a(pm.o)
 .text.__call_exitprocs
                0x02fcc898        0xc /opt/devkitpro/devkitARM/bin/../lib/gcc/arm-none-eabi/15.1.0/../../../../arm-none-eabi/lib/thumb/libg.a(libc_a-exit.o)
                0x02fcc898                __call_exitprocs
 .text.exit     0x02fcc8a4       0x24 /opt/devkitpro/devkitARM/bin/../lib/gcc/arm-none-eabi/15.1.0/../../../../arm-none-eabi/lib/thumb/libg.a(libc_a-exit.o)
                0x02fcc8a4                exit
 .text.__libc_fini_array
                0x02fcc8c8       0x30 /opt/devkitpro/devkitARM/bin/../lib/gcc/arm-none-eabi/15.1.0/../../../../arm-none-eabi/lib/thumb/libg.a(libc_a-fini.o)
                0x02fcc8c8                __libc_fini_array
 .text._exit    0x02fcc8f8       0x14 /opt/devkitpro/devkitARM/bin/../lib/gcc/arm-none-eabi/15.1.0/../../../../arm-none-eabi/lib/thumb/libsysbase.a(libsysbase_libsysbase_a-_exit.o)
                0x02fcc8f8                _exit
 *.16.o(.text .stub .text.* .gnu.linkonce.t.*)
 .text.mwlCalibLoad
                0x02fcc90c       0x4c /opt/devkitpro/calico/lib/libcalico_ds7.a(mwl_calib.16.o)
                0x02fcc90c                mwlCalibLoad
 .text._mwlRfInit
                0x02fcc958       0xb4 /opt/devkitpro/calico/lib/libcalico_ds7.a(mwl_dev_base.16.o)
 .text.mwlDevWakeUp
                0x02fcca0c       0x5c /opt/devkitpro/calico/lib/libcalico_ds7.a(mwl_dev_base.16.o)
                0x02fcca0c                mwlDevWakeUp
 .text.mwlDevSetChannel
                0x02fcca68      0x124 /opt/devkitpro/calico/lib/libcalico_ds7.a(mwl_dev_base.16.o)
                0x02fcca68                mwlDevSetChannel
 .text.mwlDevSetMode
                0x02fccb8c       0x8c /opt/devkitpro/calico/lib/libcalico_ds7.a(mwl_dev_base.16.o)
                0x02fccb8c                mwlDevSetMode
 .text.mwlDevSetBssid
                0x02fccc18       0x64 /opt/devkitpro/calico/lib/libcalico_ds7.a(mwl_dev_base.16.o)
                0x02fccc18                mwlDevSetBssid
 .text.mwlDevSetSsid
                0x02fccc7c       0x24 /opt/devkitpro/calico/lib/libcalico_ds7.a(mwl_dev_base.16.o)
                0x02fccc7c                mwlDevSetSsid
 .text.mwlDevSetPreamble
                0x02fccca0       0x40 /opt/devkitpro/calico/lib/libcalico_ds7.a(mwl_dev_base.16.o)
                0x02fccca0                mwlDevSetPreamble
 .text.mwlDevReset
                0x02fccce0       0xcc /opt/devkitpro/calico/lib/libcalico_ds7.a(mwl_dev_base.16.o)
                0x02fccce0                mwlDevReset
 .text.mwlDevSetAuth
                0x02fccdac       0x74 /opt/devkitpro/calico/lib/libcalico_ds7.a(mwl_dev_base.16.o)
                0x02fccdac                mwlDevSetAuth
 .text.mwlDevShutdown
                0x02fcce20       0x48 /opt/devkitpro/calico/lib/libcalico_ds7.a(mwl_dev_base.16.o)
                0x02fcce20                mwlDevShutdown
 .text._mwlMgmtMakeProbeReq
                0x02fcce68       0x9c /opt/devkitpro/calico/lib/libcalico_ds7.a(mwl_mgmt_frame.16.o)
                0x02fcce68                _mwlMgmtMakeProbeReq
 .text._mwlMgmtMakeAuth
                0x02fccf04       0xa4 /opt/devkitpro/calico/lib/libcalico_ds7.a(mwl_mgmt_frame.16.o)
                0x02fccf04                _mwlMgmtMakeAuth
 .text._mwlMgmtMakeAssocReq
                0x02fccfa8       0xd8 /opt/devkitpro/calico/lib/libcalico_ds7.a(mwl_mgmt_frame.16.o)
                0x02fccfa8                _mwlMgmtMakeAssocReq
 .text._mwlMgmtMakeDeauth
                0x02fcd080       0x64 /opt/devkitpro/calico/lib/libcalico_ds7.a(mwl_mgmt_frame.16.o)
                0x02fcd080                _mwlMgmtMakeDeauth
 *.16.o(.glue_7t .glue_7 .vfp11_veneer .v4_bx)
 *(SORT_NONE(.fini))
 .fini          0x02fcd0e4        0x4 /opt/devkitpro/devkitARM/bin/../lib/gcc/arm-none-eabi/15.1.0/thumb/crti.o
                0x02fcd0e4                _fini
 .fini          0x02fcd0e8        0x8 /opt/devkitpro/devkitARM/bin/../lib/gcc/arm-none-eabi/15.1.0/thumb/crtn.o
 .fini.__stub   0x02fcd0f0       0xa0 linker stubs
 *.16.o(.rodata .rodata.* .gnu.linkonce.r.*)
 .rodata.s_mwlMacInitRegs
                0x02fcd190       0x64 /opt/devkitpro/calico/lib/libcalico_ds7.a(mwl_dev_base.16.o)
 .rodata.s_mwlRfMacRegs
                0x02fcd1f4       0x20 /opt/devkitpro/calico/lib/libcalico_ds7.a(mwl_dev_base.16.o)
 *.16.o(.rodata1)
                0x02fcd214                        . = ALIGN (0x4)

.main.rw        0x02fcd214        0x0 load address 0x02381834
 *(.data._impure_data)
 *.16.o(.data .data.* .gnu.linkonce.d.*)
 *.16.o(.data1)
 *(.igot.plt)
 .igot.plt      0x02fcd214        0x0 /opt/devkitpro/devkitARM/bin/../lib/gcc/arm-none-eabi/15.1.0/thumb/crtbegin.o
                0x02fcd214                        . = ALIGN (0x4)

.ARM.extab
 *(.ARM.extab* .gnu.linkonce.armextab.*)

.ARM.exidx      0x02fcd214        0x0 load address 0x02381834
 *(.ARM.exidx* .gnu.linkonce.armexidx.*)
                [!provide]                        PROVIDE (__exidx_start = ADDR (.ARM.exidx))
                [!provide]                        PROVIDE (__exidx_end = (ADDR (.ARM.exidx) + SIZEOF (.ARM.exidx)))

.eh_frame_hdr
 *(.eh_frame_hdr)
 *(.eh_frame_entry .eh_frame_entry.*)

.eh_frame       0x02fcd214        0x4 load address 0x02381834
 *(.eh_frame)
 .eh_frame      0x02fcd214        0x0 /opt/devkitpro/devkitARM/bin/../lib/gcc/arm-none-eabi/15.1.0/thumb/crtbegin.o
 .eh_frame      0x02fcd214        0x4 /opt/devkitpro/devkitARM/bin/../lib/gcc/arm-none-eabi/15.1.0/thumb/crtend.o
 *(.eh_frame.*)

.gcc_except_table
 *(.gcc_except_table .gcc_except_table.*)

.gnu_extab
 *(.gnu_extab*)

.preinit_array  0x02fcd218        0x0 load address 0x02381838
                0x02fcd218                        PROVIDE (__preinit_array_start = .)
 *(.preinit_array)
                0x02fcd218                        PROVIDE (__preinit_array_end = .)

.init_array     0x02fcd218        0x4 load address 0x02381838
                0x02fcd218                        PROVIDE (__init_array_start = .)
 *(SORT_BY_INIT_PRIORITY(.init_array.*) SORT_BY_INIT_PRIORITY(.ctors.*))
 *(.init_array .ctors)
 .init_array    0x02fcd218        0x4 /opt/devkitpro/devkitARM/bin/../lib/gcc/arm-none-eabi/15.1.0/thumb/crtbegin.o
                0x02fcd21c                        PROVIDE (__init_array_end = .)

.fini_array     0x02fcd21c        0x4 load address 0x0238183c
                0x02fcd21c                        PROVIDE (__fini_array_start = .)
 *(SORT_BY_INIT_PRIORITY(.fini_array.*) SORT_BY_INIT_PRIORITY(.dtors.*))
 *(.fini_array .dtors)
 .fini_array    0x02fcd21c        0x4 /opt/devkitpro/devkitARM/bin/../lib/gcc/arm-none-eabi/15.1.0/thumb/crtbegin.o
                0x02fcd220                        PROVIDE (__fini_array_end = .)
                0x02380620                        PROVIDE (__main_lma = LOADADDR (.main))
                0x02fcc000                        PROVIDE (__main_start = ADDR (.main))
                0x02fcd220                        PROVIDE (__main_end = (ADDR (.fini_array) + SIZEOF (.fini_array)))

.main.bss       0x02fcd220      0x1dc load address 0x02381840
 *(.sbss .sbss.*)
 *.16.o(.dynbss)
 *.16.o(.bss .bss.* .gnu.linkonce.b.*)
 .bss.g_mwlCalibData
                0x02fcd220      0x1d6 /opt/devkitpro/calico/lib/libcalico_ds7.a(mwl_calib.16.o)
                0x02fcd220                g_mwlCalibData
 *fill*         0x02fcd3f6        0x2 
 .bss.s_mwlRfBkReg
                0x02fcd3f8        0x4 /opt/devkitpro/calico/lib/libcalico_ds7.a(mwl_dev_base.16.o)
 *.16.o(COMMON)
                0x02fcd3fc                        . = ALIGN (0x4)
                [!provide]                        PROVIDE (__main_bss_start = ADDR (.main.bss))
                0x02fcd3fc                        PROVIDE (__main_bss_end = (ADDR (.main.bss) + SIZEOF (.main.bss)))
                0x02fcd3fc                        . = .
                0x02fcd3fc                        PROVIDE (__heap_start = .)
                0x02ff4000                        PROVIDE (__heap_end = (ORIGIN (main) + LENGTH (main)))

.wram           0x037f8000     0x9ae4 load address 0x02381840
 *(.text.unlikely .text.*_unlikely .text.unlikely.*)
 *(.text.exit .text.exit.*)
 *(.text.startup .text.startup.*)
 .text.startup.main
                0x037f8000       0x88 template.o
                0x037f8000                main
 *(.text.hot .text.hot.*)
 *(.text .iplt .stub .text.* .gnu.linkonce.t.*)
 .iplt          0x037f8088        0x0 /opt/devkitpro/devkitARM/bin/../lib/gcc/arm-none-eabi/15.1.0/thumb/crtbegin.o
 .text._mmEventForwarder
                0x037f8088       0x24 /opt/devkitpro/libnds/lib/libmm7.a(mm_comms7.o)
 .text._mmPxiHandler
                0x037f80ac       0x20 /opt/devkitpro/libnds/lib/libmm7.a(mm_comms7.o)
 .text._mmTimerIsr
                0x037f80cc       0x48 /opt/devkitpro/libnds/lib/libmm7.a(mm_comms7.o)
 .text._mmProcessPxiCmd.isra.0
                0x037f8114      0x124 /opt/devkitpro/libnds/lib/libmm7.a(mm_comms7.o)
 .text._mmProcessComms
                0x037f8238       0xec /opt/devkitpro/libnds/lib/libmm7.a(mm_comms7.o)
 .text._mmThreadMain
                0x037f8324       0x98 /opt/devkitpro/libnds/lib/libmm7.a(mm_comms7.o)
 .text.mmInstall
                0x037f83bc       0x2c /opt/devkitpro/libnds/lib/libmm7.a(mm_comms7.o)
                0x037f83bc                mmInstall
 .text          0x037f83e8       0x14 /opt/devkitpro/libnds/lib/libmm7.a(mm_main.o)
                0x037f83e8                mpp_call_r7
                0x037f83ea                mpp_call_r1
                0x037f83ec                mpp_call_r2
                0x037f83ee                mpp_call_r3
                0x037f83f0                mmSetEventHandler
 .text          0x037f83fc      0x328 /opt/devkitpro/libnds/lib/libmm7.a(mm_effect.o)
                0x037f83fc                mmResetEffects
                0x037f8428                mmEffect
                0x037f843e                mmEffectEx
                0x037f8550                mmEffectActive
                0x037f8584                mmEffectVolume
                0x037f85a0                mmEffectPanning
                0x037f85b4                mmEffectRate
                0x037f85c8                mmEffectCancel
                0x037f8602                mmEffectRelease
                0x037f8628                mmEffectScaleRate
                0x037f863c                mmSetEffectsVolume
                0x037f864a                mmEffectCancelAll
                0x037f868a                mmUpdateEffects
 .text          0x037f8724     0x142c /opt/devkitpro/libnds/lib/libmm7.a(mm_mas.o)
                0x037f8774                mm_reset_channels
                0x037f87ca                mmStart
                0x037f87de                mmJingle
                0x037f87e4                mmPlayModule
                0x037f88ac                mmPause
                0x037f88c8                mmResume
                0x037f88d8                mmActive
                0x037f88de                mmActiveSub
                0x037f88e4                mmSetModuleVolume
                0x037f88f4                mmSetJingleVolume
                0x037f8930                mmGetPositionTick
                0x037f8936                mmGetPositionRow
                0x037f893c                mmGetPosition
                0x037f8942                mmPosition
                0x037f895c                mmSetModuleTempo
                0x037f898e                mmSetModulePitch
                0x037f89d0                mmSetResolution
                0x037f8a00                mmStop
                0x037f8ae8                mmPulse
                0x037f8b48                mppProcessTick
                0x037f8cc4                mpp_Channel_NewNote
                0x037f8dcc                mpp_Update_ACHN_notest
                0x037f91ca                mpp_Process_VolumeCommand
                0x037f9402                mpp_Process_Effect
 .text          0x037f9b50      0x648 /opt/devkitpro/libnds/lib/libmm7.a(mm_mas_arm.o)
                0x037f9b50                mmAllocChannel
                0x037f9bc4                mmReadPattern
                0x037f9cb0                mmUpdateChannel_T0
                0x037f9ef0                mmUpdateChannel_TN
                0x037fa090                mmGetPeriod
                0x037fa0d4                note_table_oct
                0x037fa0f2                note_table_mod
 .text          0x037fa198      0x134 /opt/devkitpro/libnds/lib/libmm7.a(mm_main7.o)
                0x037fa198                mmLockChannels
                0x037fa222                mmUnlockChannels
                0x037fa234                mmIsInitialized
                0x037fa23a                mmInit7
                0x037fa288                mmGetSoundBank
 .text          0x037fa2cc     0x1690 /opt/devkitpro/libnds/lib/libmm7.a(mm_mixer_super.o)
                0x037fa34c                mmMixerPre
                0x037fa420                mmMixerMix
                0x037faf6c                mmVolumeTable
                0x037fb6e2                mmMixerSetSource
                0x037fb6f8                mmMixerSetFreq
                0x037fb718                mmMixerMulFreq
                0x037fb732                mmMixerStopChannel
                0x037fb73c                mmMixerChannelActive
                0x037fb746                mmMixerSetVolume
                0x037fb74e                mmMixerSetPan
                0x037fb760                mmMixerInit
                0x037fb762                mmSelectMode
 .text.irqSet   0x037fb95c       0x34 /opt/devkitpro/calico/lib/libcalico_ds7.a(irq.o)
                0x037fb95c                irqSet
 .text.threadExit
                0x037fb990       0x74 /opt/devkitpro/calico/lib/libcalico_ds7.a(thread_cold.o)
                0x037fb990                threadExit
 .text._threadTickTask
                0x037fba04       0x20 /opt/devkitpro/calico/lib/libcalico_ds7.a(thread_cold.o)
 .text._threadInit
                0x037fba24       0x80 /opt/devkitpro/calico/lib/libcalico_ds7.a(thread_cold.o)
                0x037fba24                _threadInit
 .text.threadPrepare
                0x037fbaa4       0x6c /opt/devkitpro/calico/lib/libcalico_ds7.a(thread_cold.o)
                0x037fbaa4                threadPrepare
 .text.threadStart
                0x037fbb10       0x88 /opt/devkitpro/calico/lib/libcalico_ds7.a(thread_cold.o)
                0x037fbb10                threadStart
 .text.threadJoin
                0x037fbb98       0x48 /opt/devkitpro/calico/lib/libcalico_ds7.a(thread_cold.o)
                0x037fbb98                threadJoin
 .text.threadIrqWait
                0x037fbbe0       0x70 /opt/devkitpro/calico/lib/libcalico_ds7.a(thread_cold.o)
                0x037fbbe0                threadIrqWait
 .text.threadSleepTicks
                0x037fbc50       0x4c /opt/devkitpro/calico/lib/libcalico_ds7.a(thread_cold.o)
                0x037fbc50                threadSleepTicks
 .text.threadReschedule
                0x037fbc9c       0x8c /opt/devkitpro/calico/lib/libcalico_ds7.a(thread_hot.32.o)
 .text.threadBlock
                0x037fbd28       0xc0 /opt/devkitpro/calico/lib/libcalico_ds7.a(thread_hot.32.o)
                0x037fbd28                threadBlock
 .text.threadUnblockOneByValue
                0x037fbde8       0xf0 /opt/devkitpro/calico/lib/libcalico_ds7.a(thread_hot.32.o)
                0x037fbde8                threadUnblockOneByValue
 .text.threadUnblockAllByValue
                0x037fbed8       0xd4 /opt/devkitpro/calico/lib/libcalico_ds7.a(thread_hot.32.o)
                0x037fbed8                threadUnblockAllByValue
 .text.threadUnblockAllByMask
                0x037fbfac       0xd8 /opt/devkitpro/calico/lib/libcalico_ds7.a(thread_hot.32.o)
                0x037fbfac                threadUnblockAllByMask
 .text.mailboxTrySend
                0x037fc084       0x6c /opt/devkitpro/calico/lib/libcalico_ds7.a(mailbox.o)
                0x037fc084                mailboxTrySend
 .text.mailboxTryRecv
                0x037fc0f0       0x54 /opt/devkitpro/calico/lib/libcalico_ds7.a(mailbox.o)
                0x037fc0f0                mailboxTryRecv
 .text.mailboxRecv
                0x037fc144       0x68 /opt/devkitpro/calico/lib/libcalico_ds7.a(mailbox.o)
                0x037fc144                mailboxRecv
 .text.armCopyMem32
                0x037fc1ac       0x4c /opt/devkitpro/calico/lib/libcalico_ds7.a(arm-copy-fill.32.o)
                0x037fc1ac                armCopyMem32
 .text.armFillMem32
                0x037fc1f8       0x58 /opt/devkitpro/calico/lib/libcalico_ds7.a(arm-copy-fill.32.o)
                0x037fc1f8                armFillMem32
 .text.armContextSave
                0x037fc250       0x2c /opt/devkitpro/calico/lib/libcalico_ds7.a(arm-context.32.o)
                0x037fc250                armContextSave
 .text.armContextLoad
                0x037fc27c       0x20 /opt/devkitpro/calico/lib/libcalico_ds7.a(arm-context.32.o)
                0x037fc27c                armContextLoad
                0x037fc280                armContextLoadFromSvc
 .text.armSwapWord
                0x037fc29c        0x8 /opt/devkitpro/calico/lib/libcalico_ds7.a(arm-shims.32.o)
                0x037fc29c                armSwapWord
 .text.armIrqLockByPsr
                0x037fc2a4       0x14 /opt/devkitpro/calico/lib/libcalico_ds7.a(arm-shims.32.o)
                0x037fc2a4                armIrqLockByPsr
 .text.armIrqUnlockByPsr
                0x037fc2b8       0x14 /opt/devkitpro/calico/lib/libcalico_ds7.a(arm-shims.32.o)
                0x037fc2b8                armIrqUnlockByPsr
 .text.svcWaitByLoop
                0x037fc2cc        0x4 /opt/devkitpro/calico/lib/libcalico_ds7.a(bios.o)
                0x037fc2cc                svcWaitByLoop
 .text.svcHalt  0x037fc2d0        0x4 /opt/devkitpro/calico/lib/libcalico_ds7.a(bios.o)
                0x037fc2d0                svcHalt
 .text.svcSleep
                0x037fc2d4        0x4 /opt/devkitpro/calico/lib/libcalico_ds7.a(bios.o)
                0x037fc2d4                svcSleep
 .text.svcSoundBias
                0x037fc2d8        0x4 /opt/devkitpro/calico/lib/libcalico_ds7.a(bios.o)
                0x037fc2d8                svcSoundBias
 .text.svcGetCRC16
                0x037fc2dc        0x4 /opt/devkitpro/calico/lib/libcalico_ds7.a(bios.o)
                0x037fc2dc                svcGetCRC16
 .text.svcCustomHalt
                0x037fc2e0        0x6 /opt/devkitpro/calico/lib/libcalico_ds7.a(bios.o)
                0x037fc2e0                svcCustomHalt
 .text._pxiMailboxHandler
                0x037fc2e6        0xc /opt/devkitpro/calico/lib/libcalico_ds7.a(pxi.o)
 .text._pxiRecvUnhandled
                0x037fc2f2        0x2 /opt/devkitpro/calico/lib/libcalico_ds7.a(pxi.o)
                0x037fc2f2                _pxiRecvUnhandled
 .text._pxiRecvIrqHandler
                0x037fc2f4       0xc0 /opt/devkitpro/calico/lib/libcalico_ds7.a(pxi.o)
 .text._pxiInit
                0x037fc3b4       0x54 /opt/devkitpro/calico/lib/libcalico_ds7.a(pxi.o)
                0x037fc3b4                _pxiInit
 .text.pxiWaitForPing
                0x037fc408       0x12 /opt/devkitpro/calico/lib/libcalico_ds7.a(pxi.o)
                0x037fc408                pxiWaitForPing
 *fill*         0x037fc41a        0x2 ff
 .text.pxiSetHandler
                0x037fc41c       0x54 /opt/devkitpro/calico/lib/libcalico_ds7.a(pxi.o)
                0x037fc41c                pxiSetHandler
 .text.pxiSetMailbox
                0x037fc470       0x14 /opt/devkitpro/calico/lib/libcalico_ds7.a(pxi.o)
                0x037fc470                pxiSetMailbox
 .text.pxiWaitRemote
                0x037fc484       0x20 /opt/devkitpro/calico/lib/libcalico_ds7.a(pxi.o)
                0x037fc484                pxiWaitRemote
 .text.pxiSendPacket
                0x037fc4a4       0x3c /opt/devkitpro/calico/lib/libcalico_ds7.a(pxi.o)
                0x037fc4a4                pxiSendPacket
 .text._keypadSendExtToArm9
                0x037fc4e0       0x24 /opt/devkitpro/calico/lib/libcalico_ds7.a(keypad.o)
 .text.keypadStartExtServer
                0x037fc504       0x38 /opt/devkitpro/calico/lib/libcalico_ds7.a(keypad.o)
                0x037fc504                keypadStartExtServer
 .text._pmCallEventHandlers
                0x037fc53c       0x2c /opt/devkitpro/calico/lib/libcalico_ds7.a(pm.o)
 .text.pmPrepareToReset
                0x037fc568       0x24 /opt/devkitpro/calico/lib/libcalico_ds7.a(pm.o)
                0x037fc568                pmPrepareToReset
 .text._pmPxiThreadMain
                0x037fc58c       0xc8 /opt/devkitpro/calico/lib/libcalico_ds7.a(pm.o)
 .text._pmResetPxiHandler
                0x037fc654       0x1c /opt/devkitpro/calico/lib/libcalico_ds7.a(pm.o)
 .text.systemErrorExit
                0x037fc670        0x2 /opt/devkitpro/calico/lib/libcalico_ds7.a(pm.o)
                0x037fc670                systemErrorExit
 *fill*         0x037fc672        0x2 ff
 .text.pmInit   0x037fc674       0xc0 /opt/devkitpro/calico/lib/libcalico_ds7.a(pm.o)
                0x037fc674                pmInit
 .text.pmAddEventHandler
                0x037fc734       0x2c /opt/devkitpro/calico/lib/libcalico_ds7.a(pm.o)
                0x037fc734                pmAddEventHandler
 .text.pmShouldReset
                0x037fc760       0x14 /opt/devkitpro/calico/lib/libcalico_ds7.a(pm.o)
                0x037fc760                pmShouldReset
 .text.pmIsSleepAllowed
                0x037fc774       0x10 /opt/devkitpro/calico/lib/libcalico_ds7.a(pm.o)
                0x037fc774                pmIsSleepAllowed
 .text.pmSetSleepAllowed
                0x037fc784       0x38 /opt/devkitpro/calico/lib/libcalico_ds7.a(pm.o)
                0x037fc784                pmSetSleepAllowed
 .text.pmHasResetJumpTarget
                0x037fc7bc       0x30 /opt/devkitpro/calico/lib/libcalico_ds7.a(pm.o)
                0x037fc7bc                pmHasResetJumpTarget
 .text.__syscall_exit
                0x037fc7ec       0xf4 /opt/devkitpro/calico/lib/libcalico_ds7.a(pm.o)
                0x037fc7ec                __syscall_exit
 .text.pmEnterSleep
                0x037fc8e0       0xe0 /opt/devkitpro/calico/lib/libcalico_ds7.a(pm.o)
                0x037fc8e0                pmEnterSleep
 .text.pmMainLoop
                0x037fc9c0       0x88 /opt/devkitpro/calico/lib/libcalico_ds7.a(pm.o)
                0x037fc9c0                pmMainLoop
 .text._rtcUpdateTask
                0x037fca48       0x10 /opt/devkitpro/calico/lib/libcalico_ds7.a(rtc.o)
 .text.rtcReadRegister
                0x037fca58       0xb4 /opt/devkitpro/calico/lib/libcalico_ds7.a(rtc.o)
                0x037fca58                rtcReadRegister
 .text.rtcWriteRegister
                0x037fcb0c       0xb0 /opt/devkitpro/calico/lib/libcalico_ds7.a(rtc.o)
                0x037fcb0c                rtcWriteRegister
 .text.rtcInit  0x037fcbbc       0x94 /opt/devkitpro/calico/lib/libcalico_ds7.a(rtc.o)
                0x037fcbbc                rtcInit
 .text.rtcReadDateTime
                0x037fcc50       0x36 /opt/devkitpro/calico/lib/libcalico_ds7.a(rtc.o)
                0x037fcc50                rtcReadDateTime
 *fill*         0x037fcc86        0x2 ff
 .text.rtcDateTimeToUnix
                0x037fcc88       0x60 /opt/devkitpro/calico/lib/libcalico_ds7.a(rtc.o)
                0x037fcc88                rtcDateTimeToUnix
 .text.rtcSyncTime
                0x037fcce8       0x40 /opt/devkitpro/calico/lib/libcalico_ds7.a(rtc.o)
                0x037fcce8                rtcSyncTime
 .text._pmicSpiBegin
                0x037fcd28       0x30 /opt/devkitpro/calico/lib/libcalico_ds7.a(pmic.o)
 .text.pmicWriteRegister
                0x037fcd58       0x40 /opt/devkitpro/calico/lib/libcalico_ds7.a(pmic.o)
                0x037fcd58                pmicWriteRegister
 .text.pmicReadRegister
                0x037fcd98       0x48 /opt/devkitpro/calico/lib/libcalico_ds7.a(pmic.o)
                0x037fcd98                pmicReadRegister
 .text.pmicIssueShutdown
                0x037fcde0       0x24 /opt/devkitpro/calico/lib/libcalico_ds7.a(pmic.o)
                0x037fcde0                pmicIssueShutdown
 .text._envValidateUserSettings
                0x037fce04       0x60 /opt/devkitpro/calico/lib/libcalico_ds7.a(env.o)
 .text._envLoadUserSettings
                0x037fce64       0xa8 /opt/devkitpro/calico/lib/libcalico_ds7.a(env.o)
 .text.envReadNvramSettings
                0x037fcf0c       0x20 /opt/devkitpro/calico/lib/libcalico_ds7.a(env.o)
                0x037fcf0c                envReadNvramSettings
 .text.pmGetBatteryState
                0x037fcf2c       0x68 /opt/devkitpro/calico/lib/libcalico_ds7.a(pm_arm7.o)
                0x037fcf2c                pmGetBatteryState
 .text.pmSetPowerLed
                0x037fcf94       0x34 /opt/devkitpro/calico/lib/libcalico_ds7.a(pm_arm7.o)
                0x037fcf94                pmSetPowerLed
 .text.pmSoundSetAmpPower
                0x037fcfc8       0x44 /opt/devkitpro/calico/lib/libcalico_ds7.a(pm_arm7.o)
                0x037fcfc8                pmSoundSetAmpPower
 .text.pmMicSetAmp
                0x037fd00c       0x60 /opt/devkitpro/calico/lib/libcalico_ds7.a(pm_arm7.o)
                0x037fd00c                pmMicSetAmp
 .text.pmReadNvram
                0x037fd06c       0x2c /opt/devkitpro/calico/lib/libcalico_ds7.a(pm_arm7.o)
                0x037fd06c                pmReadNvram
 .text.touchStartServer
                0x037fd098       0x28 /opt/devkitpro/calico/lib/libcalico_ds7.a(touch.o)
                0x037fd098                touchStartServer
 .text.touchLoadCalibration
                0x037fd0c0       0xb4 /opt/devkitpro/calico/lib/libcalico_ds7.a(touch.o)
                0x037fd0c0                touchLoadCalibration
 .text.touchInit
                0x037fd174       0x3c /opt/devkitpro/calico/lib/libcalico_ds7.a(touch.o)
                0x037fd174                touchInit
 .text.touchRead
                0x037fd1b0      0x11c /opt/devkitpro/calico/lib/libcalico_ds7.a(touch.o)
                0x037fd1b0                touchRead
 .text._touchSrvThreadMain
                0x037fd2cc       0x88 /opt/devkitpro/calico/lib/libcalico_ds7.a(touch.o)
 .text._micTimerIsr
                0x037fd354       0xa0 /opt/devkitpro/calico/lib/libcalico_ds7.a(mic.32.o)
 .text._micReadSampleNtr
                0x037fd3f4       0x40 /opt/devkitpro/calico/lib/libcalico_ds7.a(mic.32.o)
 .text._micPxiHandler
                0x037fd434       0x84 /opt/devkitpro/calico/lib/libcalico_ds7.a(mic.32.o)
 .text._micThreadMain
                0x037fd4b8      0x35c /opt/devkitpro/calico/lib/libcalico_ds7.a(mic.32.o)
 .text.micStartServer
                0x037fd814       0x28 /opt/devkitpro/calico/lib/libcalico_ds7.a(mic.32.o)
                0x037fd814                micStartServer
 .text._soundReset
                0x037fd83c       0x20 /opt/devkitpro/calico/lib/libcalico_ds7.a(sound.o)
 .text._soundTimerTick
                0x037fd85c       0x14 /opt/devkitpro/calico/lib/libcalico_ds7.a(sound.o)
 .text._soundPxiHandler
                0x037fd870       0x20 /opt/devkitpro/calico/lib/libcalico_ds7.a(sound.o)
 .text.soundStartServer
                0x037fd890       0x28 /opt/devkitpro/calico/lib/libcalico_ds7.a(sound.o)
                0x037fd890                soundStartServer
 .text._soundEnable
                0x037fd8b8       0x4c /opt/devkitpro/calico/lib/libcalico_ds7.a(sound.o)
                0x037fd8b8                _soundEnable
 .text._soundDisable
                0x037fd904       0x50 /opt/devkitpro/calico/lib/libcalico_ds7.a(sound.o)
                0x037fd904                _soundDisable
 .text._soundPmEventHandler
                0x037fd954       0x44 /opt/devkitpro/calico/lib/libcalico_ds7.a(sound.o)
 .text._soundSetAutoUpdate
                0x037fd998       0x38 /opt/devkitpro/calico/lib/libcalico_ds7.a(sound.o)
                0x037fd998                _soundSetAutoUpdate
 .text._soundUpdateSharedState
                0x037fd9d0       0x30 /opt/devkitpro/calico/lib/libcalico_ds7.a(sound.o)
                0x037fd9d0                _soundUpdateSharedState
 .text._soundSrvThreadMain
                0x037fda00       0x84 /opt/devkitpro/calico/lib/libcalico_ds7.a(sound.o)
 .text._soundPxiStart
                0x037fda84       0x80 /opt/devkitpro/calico/lib/libcalico_ds7.a(sound_pxi.o)
 .text._soundPxiStop
                0x037fdb04       0x80 /opt/devkitpro/calico/lib/libcalico_ds7.a(sound_pxi.o)
 .text._soundPxiProcessCmd.isra.0
                0x037fdb84      0x334 /opt/devkitpro/calico/lib/libcalico_ds7.a(sound_pxi.o)
 .text._soundPxiProcess
                0x037fdeb8       0xb0 /opt/devkitpro/calico/lib/libcalico_ds7.a(sound_pxi.o)
                0x037fdeb8                _soundPxiProcess
 .text.blkInit  0x037fdf68       0x60 /opt/devkitpro/calico/lib/libcalico_ds7.a(blk.o)
                0x037fdf68                blkInit
 .text.blkDevIsPresent
                0x037fdfc8       0x48 /opt/devkitpro/calico/lib/libcalico_ds7.a(blk.o)
                0x037fdfc8                blkDevIsPresent
 .text.blkDevInit
                0x037fe010       0x60 /opt/devkitpro/calico/lib/libcalico_ds7.a(blk.o)
                0x037fe010                blkDevInit
 .text.blkDevReadSectors
                0x037fe070       0x7c /opt/devkitpro/calico/lib/libcalico_ds7.a(blk.o)
                0x037fe070                blkDevReadSectors
 .text.blkDevWriteSectors
                0x037fe0ec       0x7c /opt/devkitpro/calico/lib/libcalico_ds7.a(blk.o)
                0x037fe0ec                blkDevWriteSectors
 .text._blkPxiThread
                0x037fe168       0xa4 /opt/devkitpro/calico/lib/libcalico_ds7.a(blk.o)
 .text._wlmgrOnAssoc
                0x037fe20c       0x24 /opt/devkitpro/calico/lib/libcalico_ds7.a(wlmgr.o)
 .text._wlmgrScanComplete
                0x037fe230       0x18 /opt/devkitpro/calico/lib/libcalico_ds7.a(wlmgr.o)
 .text._wlmgrTxProcess
                0x037fe248       0x40 /opt/devkitpro/calico/lib/libcalico_ds7.a(wlmgr.o)
 .text._wlmgrSetState
                0x037fe288       0x20 /opt/devkitpro/calico/lib/libcalico_ds7.a(wlmgr.o)
 .text._wlmgrStop
                0x037fe2a8       0x38 /opt/devkitpro/calico/lib/libcalico_ds7.a(wlmgr.o)
 .text._wlmgrTxPxiHandler
                0x037fe2e0       0x38 /opt/devkitpro/calico/lib/libcalico_ds7.a(wlmgr.o)
 .text._wlmgrPmEventHandler
                0x037fe318       0x2c /opt/devkitpro/calico/lib/libcalico_ds7.a(wlmgr.o)
 .text._wlmgrPxiProcessCmd.isra.0
                0x037fe344      0x1cc /opt/devkitpro/calico/lib/libcalico_ds7.a(wlmgr.o)
 .text._wlmgrPxiProcess.constprop.0
                0x037fe510       0x7c /opt/devkitpro/calico/lib/libcalico_ds7.a(wlmgr.o)
 .text._wlmgrThreadMain
                0x037fe58c       0xb4 /opt/devkitpro/calico/lib/libcalico_ds7.a(wlmgr.o)
 .text._wlmgrCmdPxiHandler
                0x037fe640       0x24 /opt/devkitpro/calico/lib/libcalico_ds7.a(wlmgr.o)
 .text._netbufRx
                0x037fe664       0x2c /opt/devkitpro/calico/lib/libcalico_ds7.a(wlmgr.o)
                0x037fe664                _netbufRx
 .text.wlmgrStartServer
                0x037fe690       0x28 /opt/devkitpro/calico/lib/libcalico_ds7.a(wlmgr.o)
                0x037fe690                wlmgrStartServer
 .text._ntrwifiOnStateLost
                0x037fe6b8       0x28 /opt/devkitpro/calico/lib/libcalico_ds7.a(wifi.ntr.o)
 .text._ntrwifiOnScanEnd
                0x037fe6e0       0x30 /opt/devkitpro/calico/lib/libcalico_ds7.a(wifi.ntr.o)
 .text._ntrwifiOnAssocEnd
                0x037fe710       0x50 /opt/devkitpro/calico/lib/libcalico_ds7.a(wifi.ntr.o)
 .text._ntrwifiOnJoinEnd
                0x037fe760       0x3c /opt/devkitpro/calico/lib/libcalico_ds7.a(wifi.ntr.o)
 .text._ntrwifiOnBssInfo
                0x037fe79c       0x34 /opt/devkitpro/calico/lib/libcalico_ds7.a(wifi.ntr.o)
 .text._ntrwifiOnAuthEnd
                0x037fe7d0       0x54 /opt/devkitpro/calico/lib/libcalico_ds7.a(wifi.ntr.o)
 .text._ntrwifiRx
                0x037fe824       0x20 /opt/devkitpro/calico/lib/libcalico_ds7.a(wifi.ntr.o)
 .text.ntrwifiInit
                0x037fe844       0xb4 /opt/devkitpro/calico/lib/libcalico_ds7.a(wifi.ntr.o)
                0x037fe844                ntrwifiInit
 .text.ntrwifiExit
                0x037fe8f8       0x24 /opt/devkitpro/calico/lib/libcalico_ds7.a(wifi.ntr.o)
                0x037fe8f8                ntrwifiExit
 .text.ntrwifiStartScan
                0x037fe91c       0x38 /opt/devkitpro/calico/lib/libcalico_ds7.a(wifi.ntr.o)
                0x037fe91c                ntrwifiStartScan
 .text.ntrwifiAssociate
                0x037fe954       0x2c /opt/devkitpro/calico/lib/libcalico_ds7.a(wifi.ntr.o)
                0x037fe954                ntrwifiAssociate
 .text.ntrwifiDisassociate
                0x037fe980       0x16 /opt/devkitpro/calico/lib/libcalico_ds7.a(wifi.ntr.o)
                0x037fe980                ntrwifiDisassociate
 .text.ntrwifiTx
                0x037fe996       0x28 /opt/devkitpro/calico/lib/libcalico_ds7.a(wifi.ntr.o)
                0x037fe996                ntrwifiTx
 *fill*         0x037fe9be        0x2 ff
 .text._mwlBbpRead
                0x037fe9c0       0x2c /opt/devkitpro/calico/lib/libcalico_ds7.a(mwl_dev_bbp_rf.o)
                0x037fe9c0                _mwlBbpRead
 .text._mwlBbpWrite
                0x037fe9ec       0x30 /opt/devkitpro/calico/lib/libcalico_ds7.a(mwl_dev_bbp_rf.o)
                0x037fe9ec                _mwlBbpWrite
 .text._mwlRfCmd
                0x037fea1c       0x28 /opt/devkitpro/calico/lib/libcalico_ds7.a(mwl_dev_bbp_rf.o)
                0x037fea1c                _mwlRfCmd
 .text._mwlTaskHandler
                0x037fea44       0x30 /opt/devkitpro/calico/lib/libcalico_ds7.a(mwl_dev_task.o)
 .text._mwlExitTask
                0x037fea74       0x64 /opt/devkitpro/calico/lib/libcalico_ds7.a(mwl_dev_task.o)
 .text.mwlDevStop
                0x037fead8       0xa8 /opt/devkitpro/calico/lib/libcalico_ds7.a(mwl_dev_task.o)
                0x037fead8                mwlDevStop
 .text.mwlDevStart
                0x037feb80      0x22c /opt/devkitpro/calico/lib/libcalico_ds7.a(mwl_dev_task.o)
                0x037feb80                mwlDevStart
 .text.mwlDevGracefulStop
                0x037fedac       0x30 /opt/devkitpro/calico/lib/libcalico_ds7.a(mwl_dev_task.o)
                0x037fedac                mwlDevGracefulStop
 .text._mwlPushTask
                0x037feddc       0x60 /opt/devkitpro/calico/lib/libcalico_ds7.a(mwl_dev_irq.32.o)
                0x037feddc                _mwlPushTask
 .text._mwlPopTask
                0x037fee3c       0x94 /opt/devkitpro/calico/lib/libcalico_ds7.a(mwl_dev_irq.32.o)
                0x037fee3c                _mwlPopTask
 .text._mwlIrqHandler
                0x037feed0       0xe0 /opt/devkitpro/calico/lib/libcalico_ds7.a(mwl_dev_irq.32.o)
                0x037feed0                _mwlIrqHandler
 .text.mwlDevWlanToDix
                0x037fefb0       0xb6 /opt/devkitpro/calico/lib/libcalico_ds7.a(mwl_dev_misc.o)
                0x037fefb0                mwlDevWlanToDix
 *fill*         0x037ff066        0x2 ff
 .text.mwlDevDixToWlan
                0x037ff068       0xcc /opt/devkitpro/calico/lib/libcalico_ds7.a(mwl_dev_misc.o)
                0x037ff068                mwlDevDixToWlan
 .text._mwlRxRead
                0x037ff134       0x18 /opt/devkitpro/calico/lib/libcalico_ds7.a(mwl_rx.o)
 .text._mwlRxProbeResFrame
                0x037ff14c       0x5c /opt/devkitpro/calico/lib/libcalico_ds7.a(mwl_rx.o)
 .text._mwlRxBeaconFrame
                0x037ff1a8      0x100 /opt/devkitpro/calico/lib/libcalico_ds7.a(mwl_rx.o)
 .text._mwlRxEndTask
                0x037ff2a8      0x188 /opt/devkitpro/calico/lib/libcalico_ds7.a(mwl_rx.o)
                0x037ff2a8                _mwlRxEndTask
 .text._mwlRxMgmtCtrlTask
                0x037ff430       0xa4 /opt/devkitpro/calico/lib/libcalico_ds7.a(mwl_rx.o)
                0x037ff430                _mwlRxMgmtCtrlTask
 .text._mwlRxDataTask
                0x037ff4d4       0x44 /opt/devkitpro/calico/lib/libcalico_ds7.a(mwl_rx.o)
                0x037ff4d4                _mwlRxDataTask
 .text._mwlRxQueueClear
                0x037ff518       0x30 /opt/devkitpro/calico/lib/libcalico_ds7.a(mwl_rx.o)
                0x037ff518                _mwlRxQueueClear
 .text._mwlTxWrite
                0x037ff548       0x34 /opt/devkitpro/calico/lib/libcalico_ds7.a(mwl_tx.o)
 .text._mwlTxQueueKick
                0x037ff57c      0x184 /opt/devkitpro/calico/lib/libcalico_ds7.a(mwl_tx.o)
 .text._mwlTxEndTask
                0x037ff700       0xa4 /opt/devkitpro/calico/lib/libcalico_ds7.a(mwl_tx.o)
                0x037ff700                _mwlTxEndTask
 .text._mwlTxQueueClear
                0x037ff7a4       0xa0 /opt/devkitpro/calico/lib/libcalico_ds7.a(mwl_tx.o)
                0x037ff7a4                _mwlTxQueueClear
 .text.mwlDevTx
                0x037ff844       0x48 /opt/devkitpro/calico/lib/libcalico_ds7.a(mwl_tx.o)
                0x037ff844                mwlDevTx
 .text._mwlSetMlmeState
                0x037ff88c       0x4c /opt/devkitpro/calico/lib/libcalico_ds7.a(mwl_mlme.o)
 .text._mwlMlmeAuthRaceWorkaround
                0x037ff8d8        0xe /opt/devkitpro/calico/lib/libcalico_ds7.a(mwl_mlme.o)
 *fill*         0x037ff8e6        0x2 ff
 .text._mwlMlmeScanTimeout
                0x037ff8e8       0x34 /opt/devkitpro/calico/lib/libcalico_ds7.a(mwl_mlme.o)
 .text._mwlMlmeJoinTimeout
                0x037ff91c        0xe /opt/devkitpro/calico/lib/libcalico_ds7.a(mwl_mlme.o)
 .text._mwlMlmeAuthTimeout
                0x037ff92a        0xe /opt/devkitpro/calico/lib/libcalico_ds7.a(mwl_mlme.o)
 .text._mwlMlmeAssocTimeout
                0x037ff938        0xe /opt/devkitpro/calico/lib/libcalico_ds7.a(mwl_mlme.o)
 *fill*         0x037ff946        0x2 ff
 .text._mwlMlmeTaskScan
                0x037ff948       0xe8 /opt/devkitpro/calico/lib/libcalico_ds7.a(mwl_mlme.o)
 .text._mwlMlmeDeauthTxCb
                0x037ffa30       0x2c /opt/devkitpro/calico/lib/libcalico_ds7.a(mwl_mlme.o)
 .text._mwlMlmeOnBssInfo
                0x037ffa5c       0x48 /opt/devkitpro/calico/lib/libcalico_ds7.a(mwl_mlme.o)
                0x037ffa5c                _mwlMlmeOnBssInfo
 .text._mwlMlmeHandleJoin
                0x037ffaa4       0x5c /opt/devkitpro/calico/lib/libcalico_ds7.a(mwl_mlme.o)
                0x037ffaa4                _mwlMlmeHandleJoin
 .text._mwlMlmeHandleAuth
                0x037ffb00       0xec /opt/devkitpro/calico/lib/libcalico_ds7.a(mwl_mlme.o)
                0x037ffb00                _mwlMlmeHandleAuth
 .text._mwlMlmeAuthFreeReply
                0x037ffbec       0x1c /opt/devkitpro/calico/lib/libcalico_ds7.a(mwl_mlme.o)
                0x037ffbec                _mwlMlmeAuthFreeReply
 .text._mwlMlmeHandleAssocResp
                0x037ffc08       0x2c /opt/devkitpro/calico/lib/libcalico_ds7.a(mwl_mlme.o)
                0x037ffc08                _mwlMlmeHandleAssocResp
 .text._mwlMlmeHandleStateLoss
                0x037ffc34       0x44 /opt/devkitpro/calico/lib/libcalico_ds7.a(mwl_mlme.o)
                0x037ffc34                _mwlMlmeHandleStateLoss
 .text._mwlMlmeBeaconLostTask
                0x037ffc78       0x2c /opt/devkitpro/calico/lib/libcalico_ds7.a(mwl_mlme.o)
                0x037ffc78                _mwlMlmeBeaconLostTask
 .text._mwlMlmeTask
                0x037ffca4      0x138 /opt/devkitpro/calico/lib/libcalico_ds7.a(mwl_mlme.o)
                0x037ffca4                _mwlMlmeTask
 .text.mwlMlmeGetCallbacks
                0x037ffddc        0x8 /opt/devkitpro/calico/lib/libcalico_ds7.a(mwl_mlme.o)
                0x037ffddc                mwlMlmeGetCallbacks
 .text.mwlMlmeScan
                0x037ffde4       0xcc /opt/devkitpro/calico/lib/libcalico_ds7.a(mwl_mlme.o)
                0x037ffde4                mwlMlmeScan
 .text.mwlMlmeJoin
                0x037ffeb0       0xb0 /opt/devkitpro/calico/lib/libcalico_ds7.a(mwl_mlme.o)
                0x037ffeb0                mwlMlmeJoin
 .text.mwlMlmeAuthenticate
                0x037fff60       0xa4 /opt/devkitpro/calico/lib/libcalico_ds7.a(mwl_mlme.o)
                0x037fff60                mwlMlmeAuthenticate
 .text.mwlMlmeAssociate
                0x03800004       0x7c /opt/devkitpro/calico/lib/libcalico_ds7.a(mwl_mlme.o)
                0x03800004                mwlMlmeAssociate
 .text.mwlMlmeDeauthenticate
                0x03800080       0x50 /opt/devkitpro/calico/lib/libcalico_ds7.a(mwl_mlme.o)
                0x03800080                mwlMlmeDeauthenticate
 .text._tickCountIsr
                0x038000d0       0x1c /opt/devkitpro/calico/lib/libcalico_ds7.a(tick.o)
 .text.tickInit
                0x038000ec       0x70 /opt/devkitpro/calico/lib/libcalico_ds7.a(tick.o)
                0x038000ec                tickInit
 .text.tickGetCount
                0x0380015c       0x4c /opt/devkitpro/calico/lib/libcalico_ds7.a(tick.o)
                0x0380015c                tickGetCount
 .text._tickTaskSchedule
                0x038001a8       0x44 /opt/devkitpro/calico/lib/libcalico_ds7.a(tick.o)
 .text._tickTaskIsr
                0x038001ec       0x78 /opt/devkitpro/calico/lib/libcalico_ds7.a(tick.o)
 .text.tickTaskStart
                0x03800264       0x7c /opt/devkitpro/calico/lib/libcalico_ds7.a(tick.o)
                0x03800264                tickTaskStart
 .text.tickTaskStop
                0x038002e0       0x54 /opt/devkitpro/calico/lib/libcalico_ds7.a(tick.o)
                0x038002e0                tickTaskStop
 .text.threadUpdateDynamicPrio
                0x03800334       0xf4 /opt/devkitpro/calico/lib/libcalico_ds7.a(mutex.o)
 .text.threadRemoveWaiter
                0x03800428       0xc2 /opt/devkitpro/calico/lib/libcalico_ds7.a(mutex.o)
 *fill*         0x038004ea        0x2 ff
 .text.mutexLock
                0x038004ec       0xdc /opt/devkitpro/calico/lib/libcalico_ds7.a(mutex.o)
                0x038004ec                mutexLock
 .text.mutexUnlock
                0x038005c8       0x8c /opt/devkitpro/calico/lib/libcalico_ds7.a(mutex.o)
                0x038005c8                mutexUnlock
 .text.__irq_handler
                0x03800654      0x14c /opt/devkitpro/calico/lib/libcalico_ds7.a(irq_handler.32.o)
                0x03800654                __irq_handler
 .text.netbufAlloc
                0x038007a0       0x9c /opt/devkitpro/calico/lib/libcalico_ds7.a(netbuf.o)
                0x038007a0                netbufAlloc
 .text.netbufFree
                0x0380083c       0x48 /opt/devkitpro/calico/lib/libcalico_ds7.a(netbuf.o)
                0x0380083c                netbufFree
 .text._wlanParseRsn
                0x03800884       0x80 /opt/devkitpro/calico/lib/libcalico_ds7.a(wlan.o)
 .text.wlanGetRateBit
                0x03800904       0x34 /opt/devkitpro/calico/lib/libcalico_ds7.a(wlan.o)
                0x03800904                wlanGetRateBit
 .text.wlanFindOrAddBss
                0x03800938       0x58 /opt/devkitpro/calico/lib/libcalico_ds7.a(wlan.o)
                0x03800938                wlanFindOrAddBss
 .text.wlanFindRsnOrWpaIe
                0x03800990       0x54 /opt/devkitpro/calico/lib/libcalico_ds7.a(wlan.o)
                0x03800990                wlanFindRsnOrWpaIe
 .text.wlanParseBeacon
                0x038009e4      0x1b4 /opt/devkitpro/calico/lib/libcalico_ds7.a(wlan.o)
                0x038009e4                wlanParseBeacon
 .text._nvramSpiBegin
                0x03800b98       0x28 /opt/devkitpro/calico/lib/libcalico_ds7.a(nvram.o)
 .text.nvramWaitReady
                0x03800bc0       0x50 /opt/devkitpro/calico/lib/libcalico_ds7.a(nvram.o)
                0x03800bc0                nvramWaitReady
 .text.nvramReadDataBytes
                0x03800c10       0xa0 /opt/devkitpro/calico/lib/libcalico_ds7.a(nvram.o)
                0x03800c10                nvramReadDataBytes
 .text._tscPowerDownBetweenConversions
                0x03800cb0       0x54 /opt/devkitpro/calico/lib/libcalico_ds7.a(tsc.o)
 .text._tscTryReadChannel
                0x03800d04      0x138 /opt/devkitpro/calico/lib/libcalico_ds7.a(tsc.o)
 .text._tscDetectTouch
                0x03800e3c       0x2c /opt/devkitpro/calico/lib/libcalico_ds7.a(tsc.o)
 .text.tscInit  0x03800e68        0xc /opt/devkitpro/calico/lib/libcalico_ds7.a(tsc.o)
                0x03800e68                tscInit
 .text.tscReadTouch
                0x03800e74       0x84 /opt/devkitpro/calico/lib/libcalico_ds7.a(tsc.o)
                0x03800e74                tscReadTouch
 .text.tscReadChannel12
                0x03800ef8       0x88 /opt/devkitpro/calico/lib/libcalico_ds7.a(tsc.o)
                0x03800ef8                tscReadChannel12
 .text.smutexLock
                0x03800f80       0xa4 /opt/devkitpro/calico/lib/libcalico_ds7.a(smutex.32.o)
                0x03800f80                smutexLock
 .text.smutexUnlock
                0x03801024       0x8c /opt/devkitpro/calico/lib/libcalico_ds7.a(smutex.32.o)
                0x03801024                smutexUnlock
 .text          0x038010b0       0x14 /opt/devkitpro/devkitARM/bin/../lib/gcc/arm-none-eabi/15.1.0/thumb/libgcc.a(_thumb1_case_sqi.o)
                0x038010b0                __gnu_thumb1_case_sqi
 .text          0x038010c4       0x14 /opt/devkitpro/devkitARM/bin/../lib/gcc/arm-none-eabi/15.1.0/thumb/libgcc.a(_thumb1_case_uqi.o)
                0x038010c4                __gnu_thumb1_case_uqi
 .text          0x038010d8      0x11c /opt/devkitpro/devkitARM/bin/../lib/gcc/arm-none-eabi/15.1.0/thumb/libgcc.a(_udivsi3.o)
                0x038010d8                __udivsi3
                0x038010d8                __aeabi_uidiv
                0x038011d4                __aeabi_uidivmod
 .text          0x038011f4      0x150 /opt/devkitpro/devkitARM/bin/../lib/gcc/arm-none-eabi/15.1.0/thumb/libgcc.a(_divsi3.o)
                0x038011f4                __aeabi_idiv
                0x038011f4                __divsi3
                0x03801324                __aeabi_idivmod
 .text          0x03801344        0x4 /opt/devkitpro/devkitARM/bin/../lib/gcc/arm-none-eabi/15.1.0/thumb/libgcc.a(_dvmd_tls.o)
                0x03801344                __aeabi_ldiv0
                0x03801344                __aeabi_idiv0
 .text          0x03801348       0x3c /opt/devkitpro/devkitARM/bin/../lib/gcc/arm-none-eabi/15.1.0/thumb/libgcc.a(_aeabi_uldivmod.o)
                0x03801348                __aeabi_uldivmod
 .text.__muldi3
                0x03801384       0x58 /opt/devkitpro/devkitARM/bin/../lib/gcc/arm-none-eabi/15.1.0/thumb/libgcc.a(_muldi3.o)
                0x03801384                __aeabi_lmul
                0x03801384                __muldi3
 .text.__popcountsi2
                0x038013dc       0x34 /opt/devkitpro/devkitARM/bin/../lib/gcc/arm-none-eabi/15.1.0/thumb/libgcc.a(_popcountsi2.o)
                0x038013dc                __popcountsi2
 .text.__bswapsi2
                0x03801410       0x18 /opt/devkitpro/devkitARM/bin/../lib/gcc/arm-none-eabi/15.1.0/thumb/libgcc.a(_bswapsi2.o)
                0x03801410                __bswapsi2
 .text.__udivmoddi4
                0x03801428      0x194 /opt/devkitpro/devkitARM/bin/../lib/gcc/arm-none-eabi/15.1.0/thumb/libgcc.a(_udivmoddi4.o)
                0x03801428                __udivmoddi4
 .text          0x038015bc       0x28 /opt/devkitpro/devkitARM/bin/../lib/gcc/arm-none-eabi/15.1.0/thumb/libgcc.a(_clzdi2.o)
                0x038015bc                __clzdi2
 .text          0x038015e4       0x48 /opt/devkitpro/devkitARM/bin/../lib/gcc/arm-none-eabi/15.1.0/thumb/libgcc.a(_clzsi2.o)
                0x038015e4                __clzsi2
 .text.memcmp   0x0380162c       0x48 /opt/devkitpro/devkitARM/bin/../lib/gcc/arm-none-eabi/15.1.0/../../../../arm-none-eabi/lib/thumb/libg.a(libc_a-memcmp.o)
                0x0380162c                memcmp
 .text.memset   0x03801674       0x8c /opt/devkitpro/devkitARM/bin/../lib/gcc/arm-none-eabi/15.1.0/../../../../arm-none-eabi/lib/thumb/libg.a(libc_a-memset.o)
                0x03801674                memset
 .text.memcpy   0x03801700       0xb0 /opt/devkitpro/devkitARM/bin/../lib/gcc/arm-none-eabi/15.1.0/../../../../arm-none-eabi/lib/thumb/libg.a(libc_a-memcpy-stub.o)
                0x03801700                memcpy
 .text.memcpy.__stub
                0x038017b0      0x280 linker stubs
 *(.glue_7t .glue_7 .vfp11_veneer .v4_bx)
 .glue_7        0x03801a88        0x0 linker stubs
 .glue_7t       0x03801a88        0x0 linker stubs
 .vfp11_veneer  0x03801a88        0x0 linker stubs
 .v4_bx         0x03801a88        0x0 linker stubs
 *(.rodata .rodata.* .gnu.linkonce.r.*)
 .rodata.s_monthDayOffsets.0
                0x03801a88       0x18 /opt/devkitpro/calico/lib/libcalico_ds7.a(rtc.o)
 .rodata._micThreadMain
                0x03801aa0        0x4 /opt/devkitpro/calico/lib/libcalico_ds7.a(mic.32.o)
 .rodata._soundPxiProcessCmd.isra.0
                0x03801aa4       0x10 /opt/devkitpro/calico/lib/libcalico_ds7.a(sound_pxi.o)
 .rodata._wlmgrPxiProcessCmd.isra.0
                0x03801ab4        0x5 /opt/devkitpro/calico/lib/libcalico_ds7.a(wlmgr.o)
 *fill*         0x03801ab9        0x3 ff
 .rodata.s_mwlTaskHandlers
                0x03801abc       0x1c /opt/devkitpro/calico/lib/libcalico_ds7.a(mwl_dev_task.o)
 .rodata.s_wlanRates
                0x03801ad8        0xc /opt/devkitpro/calico/lib/libcalico_ds7.a(wlan.o)
 *(.rodata1)
                0x03801ae4                        . = ALIGN (0x4)

.wram.rw        0x03801ae4        0x0 load address 0x0238b324
 *(.data .data.* .gnu.linkonce.d.*)
 *(.data1)
                0x03801ae4                        . = ALIGN (0x4)
                [!provide]                        PROVIDE (__wram_lma = LOADADDR (.wram))
                0x037f8000                        PROVIDE (__wram_start = ADDR (.wram))
                0x03801ae4                        PROVIDE (__wram_end = (ADDR (.wram.rw) + SIZEOF (.wram.rw)))

.wram.bss       0x03801ae4     0x5a3c load address 0x0238b324
 *(.dynbss)
 *(.bss .bss.* .gnu.linkonce.b.*)
 .bss.completed.1
                0x03801ae4        0x1 /opt/devkitpro/devkitARM/bin/../lib/gcc/arm-none-eabi/15.1.0/thumb/crtbegin.o
 *fill*         0x03801ae5        0x3 
 .bss.object.0  0x03801ae8       0x18 /opt/devkitpro/devkitARM/bin/../lib/gcc/arm-none-eabi/15.1.0/thumb/crtbegin.o
 .bss.s_mmPxiMailboxSlots
                0x03801b00      0x100 /opt/devkitpro/libnds/lib/libmm7.a(mm_comms7.o)
 .bss.s_mmPxiMailbox
                0x03801c00        0x8 /opt/devkitpro/libnds/lib/libmm7.a(mm_comms7.o)
 .bss.s_mmMailbox
                0x03801c08        0x8 /opt/devkitpro/libnds/lib/libmm7.a(mm_comms7.o)
 .bss.s_mmThreadStack
                0x03801c10      0x200 /opt/devkitpro/libnds/lib/libmm7.a(mm_comms7.o)
 .bss.s_mmThread
                0x03801e10       0x70 /opt/devkitpro/libnds/lib/libmm7.a(mm_comms7.o)
 .bss           0x03801e80        0x8 /opt/devkitpro/libnds/lib/libmm7.a(mm_main.o)
                0x03801e80                mmCallback
                0x03801e84                mm_ch_mask
 .bss           0x03801e88       0x2d /opt/devkitpro/libnds/lib/libmm7.a(mm_effect.o)
                0x03801eac                mm_sfx_bitmask
                0x03801eb0                mm_sfx_clearmask
 *fill*         0x03801eb5        0x3 
 .bss           0x03801eb8      0x148 /opt/devkitpro/libnds/lib/libmm7.a(mm_mas.o)
                0x03801eb8                mmLayerMain
                0x03801ef0                mmLayerSub
                0x03801f28                mpp_vars
                0x03801f38                mpp_layerp
                0x03801f3c                mpp_channels
                0x03801f4c                mpp_nchannels
                0x03801f4d                mpp_clayer
                0x03801f50                mm_achannels
                0x03801f54                mm_pchannels
                0x03801f58                mm_num_mch
                0x03801f5c                mm_num_ach
                0x03801f60                mm_schannels
 .bss           0x03802000      0x88d /opt/devkitpro/libnds/lib/libmm7.a(mm_main7.o)
                0x03802000                mmModuleCount
                0x03802004                mmModuleBank
                0x03802008                mmSampleBank
                0x0380288c                mmInitialized
 *fill*         0x0380288d        0x3 
 .bss           0x03802890     0x2362 /opt/devkitpro/libnds/lib/libmm7.a(mm_mixer_super.o)
                0x03802890                mm_mix_channels
                0x03804bf1                mm_mixing_mode
 *fill*         0x03804bf2        0x2 
 .bss.s_sleepThreads
                0x03804bf4        0x8 /opt/devkitpro/calico/lib/libcalico_ds7.a(thread_cold.o)
 .bss.s_joinThreads
                0x03804bfc        0x8 /opt/devkitpro/calico/lib/libcalico_ds7.a(thread_cold.o)
 .bss.s_idleThread
                0x03804c04       0x70 /opt/devkitpro/calico/lib/libcalico_ds7.a(thread_cold.o)
 .bss.s_mainThread
                0x03804c74       0x70 /opt/devkitpro/calico/lib/libcalico_ds7.a(thread_cold.o)
 .bss.__irq_table
                0x03804ce4      0x100 /opt/devkitpro/calico/lib/libcalico_ds7.a(thread_hot.32.o)
                0x03804ce4                __irq_table
 .bss.__sched_state
                0x03804de4       0x24 /opt/devkitpro/calico/lib/libcalico_ds7.a(thread_hot.32.o)
                0x03804de4                __sched_state
 .bss.s_mailboxRecvQueue
                0x03804e08        0x8 /opt/devkitpro/calico/lib/libcalico_ds7.a(mailbox.o)
 .bss.s_pxiChannels
                0x03804e10      0x1f0 /opt/devkitpro/calico/lib/libcalico_ds7.a(pxi.o)
 .bss.s_pxiRecvState
                0x03805000        0x4 /opt/devkitpro/calico/lib/libcalico_ds7.a(pxi.o)
 .bss.s_pxiRecvQueue
                0x03805004        0x8 /opt/devkitpro/calico/lib/libcalico_ds7.a(pxi.o)
 .bss.s_pxiSendMutex
                0x0380500c        0x4 /opt/devkitpro/calico/lib/libcalico_ds7.a(pxi.o)
 .bss.s_keypadTask
                0x03805010       0x10 /opt/devkitpro/calico/lib/libcalico_ds7.a(keypad.o)
 .bss.s_pmPxiThreadStack
                0x03805020      0x200 /opt/devkitpro/calico/lib/libcalico_ds7.a(pm.o)
 .bss.s_pmPxiThread
                0x03805220       0x70 /opt/devkitpro/calico/lib/libcalico_ds7.a(pm.o)
 .bss.s_pmState
                0x03805290        0xc /opt/devkitpro/calico/lib/libcalico_ds7.a(pm.o)
 .bss.s_rtcUpdateTask
                0x0380529c       0x10 /opt/devkitpro/calico/lib/libcalico_ds7.a(rtc.o)
 .bss.s_rtcMutex
                0x038052ac        0x4 /opt/devkitpro/calico/lib/libcalico_ds7.a(rtc.o)
 .bss.g_spiMutex
                0x038052b0        0x4 /opt/devkitpro/calico/lib/libcalico_ds7.a(spi.o)
                0x038052b0                g_spiMutex
 *fill*         0x038052b4        0x4 
 .bss.s_touchSrvThreadStack
                0x038052b8      0x100 /opt/devkitpro/calico/lib/libcalico_ds7.a(touch.o)
 .bss.s_touchSrvThread
                0x038053b8       0x70 /opt/devkitpro/calico/lib/libcalico_ds7.a(touch.o)
 .bss.s_touchState
                0x03805428       0x1c /opt/devkitpro/calico/lib/libcalico_ds7.a(touch.o)
 .bss.header.0  0x03805444        0x4 /opt/devkitpro/calico/lib/libcalico_ds7.a(mic.32.o)
 .bss.data_words.1
                0x03805448        0x4 /opt/devkitpro/calico/lib/libcalico_ds7.a(mic.32.o)
 .bss.s_micState
                0x0380544c       0x2c /opt/devkitpro/calico/lib/libcalico_ds7.a(mic.32.o)
 .bss.s_micThreadStack
                0x03805478      0x200 /opt/devkitpro/calico/lib/libcalico_ds7.a(mic.32.o)
 .bss.s_micThread
                0x03805678       0x70 /opt/devkitpro/calico/lib/libcalico_ds7.a(mic.32.o)
 .bss.s_soundPxiMailboxSlots
                0x038056e8       0x80 /opt/devkitpro/calico/lib/libcalico_ds7.a(sound.o)
 .bss.s_soundPxiMailbox
                0x03805768        0x8 /opt/devkitpro/calico/lib/libcalico_ds7.a(sound.o)
 .bss.s_soundSrvMailbox
                0x03805770        0x8 /opt/devkitpro/calico/lib/libcalico_ds7.a(sound.o)
 .bss.s_soundPmCookie
                0x03805778        0xc /opt/devkitpro/calico/lib/libcalico_ds7.a(sound.o)
 .bss.s_soundTimer
                0x03805784       0x10 /opt/devkitpro/calico/lib/libcalico_ds7.a(sound.o)
 *fill*         0x03805794        0x4 
 .bss.s_soundSrvThreadStack
                0x03805798      0x400 /opt/devkitpro/calico/lib/libcalico_ds7.a(sound.o)
 .bss.s_soundSrvThread
                0x03805b98       0x70 /opt/devkitpro/calico/lib/libcalico_ds7.a(sound.o)
 .bss.g_soundState
                0x03805c08        0x8 /opt/devkitpro/calico/lib/libcalico_ds7.a(sound.o)
                0x03805c08                g_soundState
 .bss.s_blkPxiThreadStack
                0x03805c10      0x400 /opt/devkitpro/calico/lib/libcalico_ds7.a(blk.o)
 .bss.s_blkPxiThread
                0x03806010       0x70 /opt/devkitpro/calico/lib/libcalico_ds7.a(blk.o)
 .bss.s_blkPxiMailboxData
                0x03806080       0x20 /opt/devkitpro/calico/lib/libcalico_ds7.a(blk.o)
 .bss.s_blkPxiMailbox
                0x038060a0        0x8 /opt/devkitpro/calico/lib/libcalico_ds7.a(blk.o)
 .bss.s_blkHasTwl
                0x038060a8        0x1 /opt/devkitpro/calico/lib/libcalico_ds7.a(blk.o)
 *fill*         0x038060a9        0x3 
 .bss.s_dldiDiscIface