
There are no discarded input sections

Memory Configuration

Name             Origin             Length             Attributes
ddmem            0xbf800000         0x00004000
*default*        0x00000000         0xffffffff

Linker script and memory map

LOAD iointerface.o
LOAD dldi_header.o
LOAD /opt/devkitpro/libnds/lib/libnds7.a
LOAD /opt/devkitpro/calico/lib/libcalico_ds7.a

.crt0           0xbf800000       0x80
                0xbf800000                        __text_start = .
 *(.crt0)
 .crt0          0xbf800000       0x80 dldi_header.o
                0xbf800080                _start
                0xbf800080                        . = ALIGN (0x4)

.text           0xbf800080       0x30
 *(.text.*)
 .text.startup  0xbf800080        0x8 iointerface.o
                0xbf800080                startup
 .text.isInserted
                0xbf800088        0x8 iointerface.o
                0xbf800088                isInserted
 .text.clearStatus
                0xbf800090        0x8 iointerface.o
                0xbf800090                clearStatus
 .text.readSectors
                0xbf800098        0x8 iointerface.o
                0xbf800098                readSectors
 .text.writeSectors
                0xbf8000a0        0x8 iointerface.o
                0xbf8000a0                writeSectors
 .text.shutdown
                0xbf8000a8        0x8 iointerface.o
                0xbf8000a8                shutdown
 *(.stub)
 *(.gnu.warning)
 *(.gnu.linkonce.t*)
                0xbf8000b0                        __glue_start = ABSOLUTE (.)
 *(.glue_7)
 .glue_7        0xbf8000b0        0x0 linker stubs
 *(.glue_7t)
 .glue_7t       0xbf8000b0        0x0 linker stubs
                0xbf8000b0                        __glue_end = ABSOLUTE (.)
                0xbf8000b0                        . = ALIGN (0x4)
 .text          0xbf8000b0        0x0 iointerface.o
 .text          0xbf8000b0        0x0 dldi_header.o

.vfp11_veneer   0xbf8000b0        0x0
 .vfp11_veneer  0xbf8000b0        0x0 linker stubs

.v4_bx          0xbf8000b0        0x0
 .v4_bx         0xbf8000b0        0x0 linker stubs

.iplt           0xbf8000b0        0x0
 .iplt          0xbf8000b0        0x0 iointerface.o

.rel.dyn        0xbf8000b0        0x0
 .rel.iplt      0xbf8000b0        0x0 iointerface.o

.fini           0xbf8000b0        0x0
 *(.fini)
                0xbf8000b0                        . = ALIGN (0x4)
                0xbf8000b0                        __text_end = .

.rodata         0xbf8000b0        0x0
 *(.rodata)
 *all.rodata*(*)
 *(.roda)
 *(.rodata.*)
 *(.gnu.linkonce.r*)
                0xbf8000b0                        . = ALIGN (0x4)

.ARM.extab
 *(.ARM.extab* .gnu.linkonce.armextab.*)
                0xbf8000b0                        __exidx_start = .

.ARM.exidx
 *(.ARM.exidx* .gnu.linkonce.armexidx.*)
                0xbf8000b0                        __exidx_end = .
                0xbf8000b0                        . = ALIGN (0x4)
                [!provide]                        PROVIDE (__preinit_array_start = .)

.preinit_array
 *(.preinit_array)
                [!provide]                        PROVIDE (__preinit_array_end = .)
                [!provide]                        PROVIDE (__init_array_start = .)

.init_array
 *(.init_array)
                [!provide]                        PROVIDE (__init_array_end = .)
                [!provide]                        PROVIDE (__fini_array_start = .)

.fini_array
 *(.fini_array)
                [!provide]                        PROVIDE (__fini_array_end = .)

.ctors          0xbf8000b0        0x0
 *crtbegin.o(.ctors)
 *(EXCLUDE_FILE(*crtend.o) .ctors)
 *(SORT_BY_NAME(.ctors.*))
 *(.ctors)
                0xbf8000b0                        . = ALIGN (0x4)

.dtors          0xbf8000b0        0x0
 *crtbegin.o(.dtors)
 *(EXCLUDE_FILE(*crtend.o) .dtors)
 *(SORT_BY_NAME(.dtors.*))
 *(.dtors)
                0xbf8000b0                        . = ALIGN (0x4)

.eh_frame       0xbf8000b0        0x0
 *(.eh_frame)
                0xbf8000b0                        . = ALIGN (0x4)

.gcc_except_table
                0xbf8000b0        0x0
 *(.gcc_except_table)
                0xbf8000b0                        . = ALIGN (0x4)

.jcr
 *(.jcr)
                0xbf8000b0                        __got_start = .

.got
 *(.got.plt)
 *(.got)
 *(.rel.got)
                0xbf8000b0                        __got_end = .

.data           0xbf8000b0        0x0
                0xbf8000b0                        __data_start = ABSOLUTE (.)
 *(.data)
 .data          0xbf8000b0        0x0 iointerface.o
 .data          0xbf8000b0        0x0 dldi_header.o
 *(.data.*)
 *(.gnu.linkonce.d*)
                0xbf8000b0                        . = ALIGN (0x4)
                0xbf8000b0                        __data_end = ABSOLUTE (.)
                0xbf8000b0                        __data_end = .

.igot.plt       0xbf8000b0        0x0
 .igot.plt      0xbf8000b0        0x0 iointerface.o

.bss            0xbf8000b0        0x0
                0xbf8000b0                        __bss_start = ABSOLUTE (.)
                0xbf8000b0                        __bss_start__ = ABSOLUTE (.)
 *(.dynbss)
 *(.gnu.linkonce.b*)
 *(.bss*)
 .bss           0xbf8000b0        0x0 iointerface.o
 .bss           0xbf8000b0        0x0 dldi_header.o
 *(COMMON)
                0xbf8000b0                        . = ALIGN (0x4)
                0xbf8000b0                        __bss_end = .
                0xbf8000b0                        __bss_end__ = .
                0xbf8000b0                        _end = .
                0xbf8000b0                        __end__ = .
                [!provide]                        PROVIDE (end = _end)

.stab
 *(.stab)

.stabstr
 *(.stabstr)

.stab.excl
 *(.stab.excl)

.stab.exclstr
 *(.stab.exclstr)

.stab.index
 *(.stab.index)

.stab.indexstr
 *(.stab.indexstr)

.comment        0x00000000       0x23
 *(.comment)
 .comment       0x00000000       0x23 iointerface.o
                                 0x24 (size before relaxing)

.ARM.attributes
                0x00000000       0x28
 .ARM.attributes
                0x00000000       0x2a iointerface.o
 .ARM.attributes
                0x0000002a       0x1a dldi_header.o

.debug
 *(.debug)

.line
 *(.line)

.debug_srcinfo
 *(.debug_srcinfo)

.debug_sfnames
 *(.debug_sfnames)

.debug_aranges  0x00000000       0x48
 *(.debug_aranges)
 .debug_aranges
                0x00000000       0x48 iointerface.o

.debug_pubnames
 *(.debug_pubnames)

.debug_info     0x00000000      0x17e
 *(.debug_info)
 .debug_info    0x00000000      0x17e iointerface.o

.debug_abbrev   0x00000000       0xee
 *(.debug_abbrev)
 .debug_abbrev  0x00000000       0xee iointerface.o

.debug_line     0x00000000      0x182
 *(.debug_line)
 .debug_line    0x00000000      0x182 iointerface.o

.debug_frame    0x00000000       0x70
 *(.debug_frame)
 .debug_frame   0x00000000       0x70 iointerface.o

.debug_str      0x00000000      0x17e
 *(.debug_str)
 .debug_str     0x00000000      0x17e iointerface.o
                                0x1c2 (size before relaxing)

.debug_loc
 *(.debug_loc)

.debug_macinfo
 *(.debug_macinfo)

.debug_weaknames
 *(.debug_weaknames)

.debug_funcnames
 *(.debug_funcnames)

.debug_typenames
 *(.debug_typenames)

.debug_varnames
 *(.debug_varnames)

.stack          0x00080000        0x0
                0x00080000                        _stack = .
 *(.stack)
OUTPUT(/home/zaid/nds-game/dldi/dldi.elf elf32-littlearm)
LOAD linker stubs

.debug_loclists
                0x00000000       0x29
 .debug_loclists
                0x00000000       0x29 iointerface.o

.debug_rnglists
                0x00000000       0x31
 .debug_rnglists
                0x00000000       0x31 iointerface.o
