Archive member included to satisfy reference by file (symbol)

/opt/devkitpro/libnds/lib/libnds9.a(console.o)
                              main.o (consoleDemoInit)
/opt/devkitpro/libnds/lib/libnds9.a(default_font.bin.o)
                              /opt/devkitpro/libnds/lib/libnds9.a(console.o) (default_font_bin)
/opt/devkitpro/libnds/lib/libnds9.a(background.o)
                              /opt/devkitpro/libnds/lib/libnds9.a(console.o) (bgState)
/opt/devkitpro/libnds/lib/libnds9.a(trig.o)
                              /opt/devkitpro/libnds/lib/libnds9.a(background.o) (sinLerp)
/opt/devkitpro/calico/lib/libcalico_ds9.a(thread_cold.o)
                              main.o (threadIrqWait)
/opt/devkitpro/calico/lib/libcalico_ds9.a(thread_hot.32.o)
                              /opt/devkitpro/calico/lib/libcalico_ds9.a(thread_cold.o) (__sched_state)
/opt/devkitpro/calico/lib/libcalico_ds9.a(arm-copy-fill.32.o)
                              /opt/devkitpro/calico/lib/libcalico_ds9.a(thread_cold.o) (armCopyMem32)
/opt/devkitpro/calico/lib/libcalico_ds9.a(arm-context.32.o)
                              /opt/devkitpro/calico/lib/libcalico_ds9.a(thread_cold.o) (armContextSave)
/opt/devkitpro/calico/lib/libcalico_ds9.a(arm-shims.32.o)
                              /opt/devkitpro/calico/lib/libcalico_ds9.a(thread_cold.o) (armWaitForIrq)
/opt/devkitpro/calico/lib/libcalico_ds9.a(bootstub_arm9.o)
                              (__ds9_bootstub)
/opt/devkitpro/calico/lib/libcalico_ds9.a(excpt_handler.32.o)
                              /opt/devkitpro/calico/lib/libcalico_ds9.a(bootstub_arm9.o) (__arm_excpt_rst)
/opt/devkitpro/calico/lib/libcalico_ds9.a(tick.o)
                              /opt/devkitpro/calico/lib/libcalico_ds9.a(thread_cold.o) (tickTaskStart)
/opt/devkitpro/calico/lib/libcalico_ds9.a(newlib_syscalls.o)
                              /opt/devkitpro/calico/lib/libcalico_ds9.a(bootstub_arm9.o) (__newlib_syscalls)
/opt/devkitpro/calico/lib/libcalico_ds9.a(startup.crt0.o)
                              /opt/devkitpro/calico/lib/libcalico_ds9.a(bootstub_arm9.o) (crt0Startup)
/opt/devkitpro/calico/lib/libcalico_ds9.a(utils.crt0.o)
                              /opt/devkitpro/calico/lib/libcalico_ds9.a(startup.crt0.o) (crt0CopyMem32)
/opt/devkitpro/calico/lib/libcalico_ds9.a(irq_handler.32.o)
                              /opt/devkitpro/calico/lib/libcalico_ds9.a(bootstub_arm9.o) (__arm_excpt_irq)
/opt/devkitpro/calico/lib/libcalico_ds9.a(pxi.o)
                              /opt/devkitpro/calico/lib/libcalico_ds9.a(startup.crt0.o) (_pxiInit)
/opt/devkitpro/calico/lib/libcalico_ds9.a(mpu_setup.crt0.o)
                              /opt/devkitpro/calico/lib/libcalico_ds9.a(startup.crt0.o) (crt0SetupMPU)
/opt/devkitpro/calico/lib/libcalico_ds9.a(sys_startup.o)
                              /opt/devkitpro/calico/lib/libcalico_ds9.a(startup.crt0.o) (systemStartup)
/opt/devkitpro/calico/lib/libcalico_ds9.a(irq.o)
                              /opt/devkitpro/calico/lib/libcalico_ds9.a(tick.o) (irqSet)
/opt/devkitpro/calico/lib/libcalico_ds9.a(mutex.o)
                              /opt/devkitpro/calico/lib/libcalico_ds9.a(newlib_syscalls.o) (mutexLock)
/opt/devkitpro/calico/lib/libcalico_ds9.a(mailbox.o)
                              /opt/devkitpro/calico/lib/libcalico_ds9.a(pxi.o) (mailboxTrySend)
/opt/devkitpro/calico/lib/libcalico_ds9.a(arm-cache.32.o)
                              /opt/devkitpro/calico/lib/libcalico_ds9.a(startup.crt0.o) (armDCacheFlushAll)
/opt/devkitpro/calico/lib/libcalico_ds9.a(pm.o)
                              /opt/devkitpro/calico/lib/libcalico_ds9.a(sys_startup.o) (pmInit)
/opt/devkitpro/devkitARM/bin/../lib/gcc/arm-none-eabi/15.1.0/libgcc.a(_divsi3.o)
                              /opt/devkitpro/libnds/lib/libnds9.a(console.o) (__aeabi_idivmod)
/opt/devkitpro/devkitARM/bin/../lib/gcc/arm-none-eabi/15.1.0/libgcc.a(_dvmd_tls.o)
                              /opt/devkitpro/devkitARM/bin/../lib/gcc/arm-none-eabi/15.1.0/libgcc.a(_divsi3.o) (__aeabi_idiv0)
/opt/devkitpro/devkitARM/bin/../lib/gcc/arm-none-eabi/15.1.0/libgcc.a(_aeabi_uldivmod.o)
                              /opt/devkitpro/calico/lib/libcalico_ds9.a(newlib_syscalls.o) (__aeabi_uldivmod)
/opt/devkitpro/devkitARM/bin/../lib/gcc/arm-none-eabi/15.1.0/libgcc.a(_sync_none.o)
                              (__sync_synchronize_none)
/opt/devkitpro/devkitARM/bin/../lib/gcc/arm-none-eabi/15.1.0/libgcc.a(_udivmoddi4.o)
                              /opt/devkitpro/devkitARM/bin/../lib/gcc/arm-none-eabi/15.1.0/libgcc.a(_aeabi_uldivmod.o) (__udivmoddi4)
/opt/devkitpro/devkitARM/bin/../lib/gcc/arm-none-eabi/15.1.0/libgcc.a(_clzdi2.o)
                              /opt/devkitpro/devkitARM/bin/../lib/gcc/arm-none-eabi/15.1.0/libgcc.a(_udivmoddi4.o) (__clzdi2)
/opt/devkitpro/devkitARM/bin/../lib/gcc/arm-none-eabi/15.1.0/libgcc.a(_clzsi2.o)
[...]
Memory Configuration

Name             Origin             Length             Attributes
lma9             0x02004000         0x0027c000
lma9i            0x02400000         0x00280000
vectors          0x00000000         0x00000020
itcm             0x01ff8020         0x00007fe0
main             0x02001000         0x00f7f000
dtcm             0x02ff0000         0x00003e80
dldi             0x0380b000         0x00004000
stub             0x0e000000         0x00004000
tls              0x00000000         0x00000400
*default*        0x00000000         0xffffffff

Linker script and memory map

                0x00000000                        __sync_synchronize = __sync_synchronize_none
LOAD /opt/devkitpro/devkitARM/bin/../lib/gcc/arm-none-eabi/15.1.0/crti.o
LOAD /opt/devkitpro/devkitARM/bin/../lib/gcc/arm-none-eabi/15.1.0/crtbegin.o
LOAD main.o
LOAD zaidPicture.o
LOAD zaidPicture_small.o
LOAD /opt/devkitpro/libnds/lib/libnds9.a
LOAD /opt/devkitpro/calico/lib/libcalico_ds9.a
START GROUP
LOAD /opt/devkitpro/devkitARM/bin/../lib/gcc/arm-none-eabi/15.1.0/libgcc.a
LOAD /opt/devkitpro/devkitARM/bin/../lib/gcc/arm-none-eabi/15.1.0/../../../../arm-none-eabi/lib/libg.a
LOAD /opt/devkitpro/devkitARM/bin/../lib/gcc/arm-none-eabi/15.1.0/../../../../arm-none-eabi/lib/libc.a
LOAD /opt/devkitpro/devkitARM/bin/../lib/gcc/arm-none-eabi/15.1.0/../../../../arm-none-eabi/lib/libsysbase.a
END GROUP
LOAD /opt/devkitpro/devkitARM/bin/../lib/gcc/arm-none-eabi/15.1.0/crtend.o
LOAD /opt/devkitpro/devkitARM/bin/../lib/gcc/arm-none-eabi/15.1.0/crtn.o
                0x02ff3e80                        PROVIDE (__sp_usr = (ORIGIN (dtcm) + LENGTH (dtcm)))
                0x02ff3f80                        PROVIDE (__sp_irq = (__sp_usr + 0x100))
                0x02ff3fc0                        PROVIDE (__sp_svc = (__sp_irq + 0x40))
                0x02ff3ff8                        PROVIDE (__irq_flags = (__sp_svc + 0x38))
                [!provide]                        PROVIDE (__irq_vector = (__sp_svc + 0x3c))
                [!provide]                        PROVIDE (__arm_excpt_rst = 0xffff0000)
                [!provide]                        PROVIDE (__arm_excpt_und = 0xffff0004)
                0xffff0008                        PROVIDE (__arm_excpt_svc = 0xffff0008)
                [!provide]                        PROVIDE (__arm_excpt_pabt = 0xffff000c)
                [!provide]                        PROVIDE (__arm_excpt_dabt = 0xffff0010)
                [!provide]                        PROVIDE (__arm_excpt_irq = 0xffff0018)
                [!provide]                        PROVIDE (__arm_excpt_fiq = 0xffff001c)
                0x00000000                        PROVIDE (__end__ = 0x0)

.secure         0x0e000000      0x800 load address 0x02004000
                0x0e0007fc                        . = (. + 0x7fc)
 *fill*         0x0e000000      0x7fc 00000000
                0x0e0007fc        0x4 LONG 0x0

.bootstub       0x0e000800      0x198 load address 0x02004800
 *(.bootstub .bootstub.*)
 .bootstub.__ds9_bootstub
                0x0e000800      0x198 /opt/devkitpro/calico/lib/libcalico_ds9.a(bootstub_arm9.o)
                0x0e000800                __ds9_bootstub
                0x0e000998                        . = ALIGN (0x4)

.crt0           0x02001000      0x3c0 load address 0x02004998
 *(.crt0 .crt0.*)
 .crt0.__ds9_bootstub_trampoline
                0x02001000       0x60 /opt/devkitpro/calico/lib/libcalico_ds9.a(bootstub_arm9.o)
 *.crt0.*(.text .stub .text.* .gnu.linkonce.t.*)
 .text.crt0ProcessLoadList
                0x02001060       0x74 /opt/devkitpro/calico/lib/libcalico_ds9.a(startup.crt0.o)
                0x02001060                crt0ProcessLoadList
 .text.crt0Startup
                0x020010d4      0x180 /opt/devkitpro/calico/lib/libcalico_ds9.a(startup.crt0.o)
                0x020010d4                crt0Startup
 .text.crt0CopyMem32
                0x02001254       0x4c /opt/devkitpro/calico/lib/libcalico_ds9.a(utils.crt0.o)
                0x02001254                crt0CopyMem32
 .text.crt0FillMem32
                0x020012a0       0x58 /opt/devkitpro/calico/lib/libcalico_ds9.a(utils.crt0.o)
                0x020012a0                crt0FillMem32
 .text.crt0SetupMPU
                0x020012f8       0xb4 /opt/devkitpro/calico/lib/libcalico_ds9.a(mpu_setup.crt0.o)
                0x020012f8                crt0SetupMPU
 *.crt0.*(.glue_7t .glue_7 .vfp11_veneer .v4_bx)
 *.crt0.*(.rodata .rodata.* .gnu.linkonce.r.*)
 *.crt0.*(.rodata1)
                0x020013c0                        . = ALIGN (0x20)
 *fill*         0x020013ac       0x14 ff
                0x02004998                        PROVIDE (__crt0_lma = LOADADDR (.crt0))
                0x02001000                        PROVIDE (__crt0_start = ADDR (.crt0))
                0x020013c0                        PROVIDE (__crt0_end = (ADDR (.crt0) + SIZEOF (.crt0)))
                0x00000001                        ASSERT (((__crt0_end <= LOADADDR (.bootstub)) || (__crt0_start >= (LOADADDR (.bootstub) + SIZEOF (.bootstub)))), Error: crt0 section overlaps initial bootstrap)

.dldi           0x0380b000        0x0 load address 0x02004d58
 *(.dldi)
                0x00000000                        PROVIDE (__dldi_lma = SIZEOF (.dldi)?LOADADDR (.dldi):0x0)

.vectors        0x00000000       0x20 load address 0x02004d58
 *(.vectors)
 .vectors       0x00000000       0x20 /opt/devkitpro/calico/lib/libcalico_ds9.a(bootstub_arm9.o)

.itcm           0x01ff8020      0x67c load address 0x02004d78
 *(.itcm .itcm.*)
 .itcm          0x01ff8020       0x30 /opt/devkitpro/calico/lib/libcalico_ds9.a(bootstub_arm9.o)
                0x01ff8038                __excpt_vectors
 *.itcm.*(.text .stub .text.* .gnu.linkonce.t.*)
 *.32.o(.text .stub .text.* .gnu.linkonce.t.*)
 .text.threadReschedule
                0x01ff8050       0x88 /opt/devkitpro/calico/lib/libcalico_ds9.a(thread_hot.32.o)
 .text.threadBlock
                0x01ff80d8       0xd8 /opt/devkitpro/calico/lib/libcalico_ds9.a(thread_hot.32.o)
                0x01ff80d8                threadBlock
 .text.threadUnblockOneByValue
                0x01ff81b0       0xc0 /opt/devkitpro/calico/lib/libcalico_ds9.a(thread_hot.32.o)
                0x01ff81b0                threadUnblockOneByValue
 .text.threadUnblockAllByValue
                0x01ff8270      0x130 /opt/devkitpro/calico/lib/libcalico_ds9.a(thread_hot.32.o)
                0x01ff8270                threadUnblockAllByValue
 .text.threadUnblockAllByMask
                0x01ff83a0      0x134 /opt/devkitpro/calico/lib/libcalico_ds9.a(thread_hot.32.o)
                0x01ff83a0                threadUnblockAllByMask
 .text.armContextSave
                0x01ff84d4       0x2c /opt/devkitpro/calico/lib/libcalico_ds9.a(arm-context.32.o)
                0x01ff84d4                armContextSave
 .text.armContextLoad
                0x01ff8500       0x20 /opt/devkitpro/calico/lib/libcalico_ds9.a(arm-context.32.o)
                0x01ff8500                armContextLoad
                0x01ff8504                armContextLoadFromSvc
 .text.armWaitForIrq
                0x01ff8520        0x8 /opt/devkitpro/calico/lib/libcalico_ds9.a(arm-shims.32.o)
                0x01ff8520                armWaitForIrq
 .text.__excpt_entry
                0x01ff8528       0x50 /opt/devkitpro/calico/lib/libcalico_ds9.a(excpt_handler.32.o)
                0x01ff8528                __arm_excpt_rst
                0x01ff852c                __arm_excpt_pabt
                0x01ff8530                __arm_excpt_und
                0x01ff853c                __arm_excpt_dabt
 .text.__arm_excpt_irq
                0x01ff8578       0xe4 /opt/devkitpro/calico/lib/libcalico_ds9.a(irq_handler.32.o)
                0x01ff8578                __arm_excpt_irq
 .text.armDrainWriteBuffer
                0x01ff865c        0xc /opt/devkitpro/calico/lib/libcalico_ds9.a(arm-cache.32.o)
                0x01ff865c                armDrainWriteBuffer
 .text.armDCacheFlushAll
                0x01ff8668       0x28 /opt/devkitpro/calico/lib/libcalico_ds9.a(arm-cache.32.o)
                0x01ff8668                armDCacheFlushAll
 .text.armICacheInvalidateAll
                0x01ff8690        0xc /opt/devkitpro/calico/lib/libcalico_ds9.a(arm-cache.32.o)
                0x01ff8690                armICacheInvalidateAll
 *.itcm.*(.glue_7t .glue_7 .vfp11_veneer .v4_bx)
 *.32.o(.glue_7t .glue_7 .vfp11_veneer .v4_bx)
 *.itcm.*(.rodata .rodata.* .gnu.linkonce.r.*)
 *.32.o(.rodata .rodata.* .gnu.linkonce.r.*)
 *.itcm.*(.rodata1)
 *.32.o(.rodata1)
                0x01ff869c                        . = ALIGN (0x4)
                0x02004d58                        PROVIDE (__itcm_lma = LOADADDR (.vectors))
                0x01ff8000                        PROVIDE (__itcm_start = (ADDR (.itcm) - SIZEOF (.vectors)))
                0x01ff869c                        PROVIDE (__itcm_end = (ADDR (.itcm) + SIZEOF (.itcm)))
                0x00000001                        ASSERT (((__itcm_lma + SIZEOF (.vectors)) == LOADADDR (.itcm)), Error: gap between vectors and itcm)

.dtcm           0x02ff0000        0x0 load address 0x020053f4
 *(.dtcm .dtcm.*)
 *.32.o(.data .data.* .gnu.linkonce.d.*)
 *.32.o(.data1)
                0x02ff0000                        . = ALIGN (0x4)
                [!provide]                        PROVIDE (__dtcm_lma = LOADADDR (.dtcm))
                0x02ff0000                        PROVIDE (__dtcm_start = ADDR (.dtcm))
                0x02ff0000                        PROVIDE (__dtcm_end = (ADDR (.dtcm) + SIZEOF (.dtcm)))

.dtcm.bss       0x02ff0000       0x98 load address 0x020053f4
 *(.sbss .sbss.*)
 *.32.o(.dynbss)
 *.32.o(.bss .bss.* .gnu.linkonce.b.*)
 .bss.__irq_table
                0x02ff0000       0x80 /opt/devkitpro/calico/lib/libcalico_ds9.a(thread_hot.32.o)
                0x02ff0000                __irq_table
 .bss.__sched_state
                0x02ff0080       0x18 /opt/devkitpro/calico/lib/libcalico_ds9.a(thread_hot.32.o)
                0x02ff0080                __sched_state
 *.32.o(COMMON)
                0x02ff0098                        . = ALIGN (0x4)
                [!provide]                        PROVIDE (__dtcm_bss_start = ADDR (.dtcm.bss))
                0x02ff0098                        PROVIDE (__dtcm_bss_end = (ADDR (.dtcm.bss) + SIZEOF (.dtcm.bss)))

.main           0x020013c0    0x10ec8 load address 0x020053f4
 *(SORT_NONE(.init))
 .init          0x020013c0        0xc /opt/devkitpro/devkitARM/bin/../lib/gcc/arm-none-eabi/15.1.0/crti.o
                0x020013c0                _init
 .init          0x020013cc        0xc /opt/devkitpro/devkitARM/bin/../lib/gcc/arm-none-eabi/15.1.0/crtn.o
 EXCLUDE_FILE(*.twl.*) *(.text.unlikely .text.*_unlikely .text.unlikely.*)
 EXCLUDE_FILE(*.twl.*) *(.text.exit .text.exit.*)
 .text.exit     0x020013d8       0x30 /opt/devkitpro/devkitARM/bin/../lib/gcc/arm-none-eabi/15.1.0/../../../../arm-none-eabi/lib/libg.a(libc_a-exit.o)
                0x020013d8                exit
 EXCLUDE_FILE(*.twl.*) *(.text.startup .text.startup.*)
 .text.startup.main
                0x02001408      0x100 main.o
                0x02001408                main
 EXCLUDE_FILE(*.twl.*) *(.text.hot .text.hot.*)
 EXCLUDE_FILE(*.twl.*) *(.text .iplt .stub .text.* .gnu.linkonce.t.*)
 .text.__do_global_dtors_aux
                0x02001508       0x54 /opt/devkitpro/devkitARM/bin/../lib/gcc/arm-none-eabi/15.1.0/crtbegin.o
 .text.frame_dummy
                0x0200155c       0x30 /opt/devkitpro/devkitARM/bin/../lib/gcc/arm-none-eabi/15.1.0/crtbegin.o
 .iplt          0x0200158c        0x0 /opt/devkitpro/devkitARM/bin/../lib/gcc/arm-none-eabi/15.1.0/crtbegin.o
 .text.drawBars
                0x0200158c       0xa8 main.o
                0x0200158c                drawBars
 .text.randomizeBars
                0x02001634       0xb8 main.o
                0x02001634                randomizeBars
 .text.countingSortVisual
                0x020016ec      0x10c main.o
                0x020016ec                countingSortVisual
 .text.newRow   0x020017f8       0xe0 /opt/devkitpro/libnds/lib/libnds9.a(console.o)
 .text.consolePrintChar
                0x020018d8       0xe0 /opt/devkitpro/libnds/lib/libnds9.a(console.o)
                0x020018d8                consolePrintChar
 .text.con_write
                0x020019b8      0x344 /opt/devkitpro/libnds/lib/libnds9.a(console.o)
                0x020019b8                con_write
 .text.consoleLoadFont
                0x02001cfc      0x2e8 /opt/devkitpro/libnds/lib/libnds9.a(console.o)
                0x02001cfc                consoleLoadFont
 .text.consoleInit
                0x02001fe4      0x170 /opt/devkitpro/libnds/lib/libnds9.a(console.o)
                0x02001fe4                consoleInit
 .text.consoleDemoInit
                0x02002154       0x40 /opt/devkitpro/libnds/lib/libnds9.a(console.o)
                0x02002154                consoleDemoInit
 .text.checkIfText
                0x02002194       0x6c /opt/devkitpro/libnds/lib/libnds9.a(background.o)
                0x02002194                checkIfText
 .text.bgUpdate
                0x02002200       0xe8 /opt/devkitpro/libnds/lib/libnds9.a(background.o)
                0x02002200                bgUpdate
 .text.bgInit_call
                0x020022e8       0xa8 /opt/devkitpro/libnds/lib/libnds9.a(background.o)
                0x020022e8                bgInit_call
 .text.bgInitSub_call
                0x02002390       0xb0 /opt/devkitpro/libnds/lib/libnds9.a(background.o)
                0x02002390                bgInitSub_call
 .text.sinLutLookup
                0x02002440       0x4c /opt/devkitpro/libnds/lib/libnds9.a(trig.o)
                0x02002440                sinLutLookup
 .text.sinLerp  0x0200248c       0x38 /opt/devkitpro/libnds/lib/libnds9.a(trig.o)
                0x0200248c                sinLerp
 .text.cosLerp  0x020024c4       0x44 /opt/devkitpro/libnds/lib/libnds9.a(trig.o)
                0x020024c4                cosLerp
 .text.threadExit
                0x02002508       0x9c /opt/devkitpro/calico/lib/libcalico_ds9.a(thread_cold.o)
                0x02002508                threadExit
 .text._threadTickTask
                0x020025a4       0x10 /opt/devkitpro/calico/lib/libcalico_ds9.a(thread_cold.o)
 .text._threadInit
                0x020025b4       0x98 /opt/devkitpro/calico/lib/libcalico_ds9.a(thread_cold.o)
                0x020025b4                _threadInit
 .text.threadPrepare
                0x0200264c       0xa4 /opt/devkitpro/calico/lib/libcalico_ds9.a(thread_cold.o)
                0x0200264c                threadPrepare
 .text.threadStart
                0x020026f0       0xc8 /opt/devkitpro/calico/lib/libcalico_ds9.a(thread_cold.o)
                0x020026f0                threadStart
 .text.threadIrqWait
                0x020027b8       0xa0 /opt/devkitpro/calico/lib/libcalico_ds9.a(thread_cold.o)
                0x020027b8                threadIrqWait
 .text.threadSleepTicks
                0x02002858       0x58 /opt/devkitpro/calico/lib/libcalico_ds9.a(thread_cold.o)
                0x02002858                threadSleepTicks
 .text._tickCountIsr
                0x020028b0       0x1c /opt/devkitpro/calico/lib/libcalico_ds9.a(tick.o)
 .text._tickTaskSchedule.part.0.isra.0
                0x020028cc       0x84 /opt/devkitpro/calico/lib/libcalico_ds9.a(tick.o)
 .text.tickInit
                0x02002950       0xa0 /opt/devkitpro/calico/lib/libcalico_ds9.a(tick.o)
                0x02002950                tickInit
 .text.tickGetCount
                0x020029f0       0x5c /opt/devkitpro/calico/lib/libcalico_ds9.a(tick.o)
                0x020029f0                tickGetCount
 .text._tickTaskIsr
                0x02002a4c      0x110 /opt/devkitpro/calico/lib/libcalico_ds9.a(tick.o)
 .text.tickTaskStart
                0x02002b5c      0x144 /opt/devkitpro/calico/lib/libcalico_ds9.a(tick.o)
                0x02002b5c                tickTaskStart
 .text.__syscall_getreent
                0x02002ca0       0x14 /opt/devkitpro/calico/lib/libcalico_ds9.a(newlib_syscalls.o)
                0x02002ca0                __syscall_getreent
 .text.__errno  0x02002cb4       0x24 /opt/devkitpro/calico/lib/libcalico_ds9.a(newlib_syscalls.o)
                0x02002cb4                __errno
 .text.__syscall_gettod_r
                0x02002cd8       0x30 /opt/devkitpro/calico/lib/libcalico_ds9.a(newlib_syscalls.o)
                0x02002cd8                __syscall_gettod_r
 .text.__syscall_lock_acquire
                0x02002d08        0x4 /opt/devkitpro/calico/lib/libcalico_ds9.a(newlib_syscalls.o)
                0x02002d08                __syscall_lock_acquire
 .text.__syscall_lock_release
                0x02002d0c        0x4 /opt/devkitpro/calico/lib/libcalico_ds9.a(newlib_syscalls.o)
                0x02002d0c                __syscall_lock_release
 .text.__syscall_lock_acquire_recursive
                0x02002d10       0x4c /opt/devkitpro/calico/lib/libcalico_ds9.a(newlib_syscalls.o)
                0x02002d10                __syscall_lock_acquire_recursive
 .text.__syscall_lock_release_recursive
                0x02002d5c       0x18 /opt/devkitpro/calico/lib/libcalico_ds9.a(newlib_syscalls.o)
                0x02002d5c                __syscall_lock_release_recursive
 .text._pxiMailboxHandler
                0x02002d74        0x4 /opt/devkitpro/calico/lib/libcalico_ds9.a(pxi.o)
 .text._pxiRecvUnhandled
                0x02002d78        0x4 /opt/devkitpro/calico/lib/libcalico_ds9.a(pxi.o)
                0x02002d78                _pxiRecvUnhandled
 .text._pxiRecvIrqHandler
                0x02002d7c      0x154 /opt/devkitpro/calico/lib/libcalico_ds9.a(pxi.o)
 .text._pxiInit
                0x02002ed0       0x58 /opt/devkitpro/calico/lib/libcalico_ds9.a(pxi.o)
                0x02002ed0                _pxiInit
 .text.pxiSetHandler
                0x02002f28       0x74 /opt/devkitpro/calico/lib/libcalico_ds9.a(pxi.o)
                0x02002f28                pxiSetHandler
 .text.pxiSetMailbox
                0x02002f9c       0x68 /opt/devkitpro/calico/lib/libcalico_ds9.a(pxi.o)
                0x02002f9c                pxiSetMailbox
 .text.pxiWaitRemote
                0x02003004       0x38 /opt/devkitpro/calico/lib/libcalico_ds9.a(pxi.o)
                0x02003004                pxiWaitRemote
 .text.pxiSendPacket
                0x0200303c       0x50 /opt/devkitpro/calico/lib/libcalico_ds9.a(pxi.o)
                0x0200303c                pxiSendPacket
 .text.systemUserStartup
                0x0200308c        0x4 /opt/devkitpro/calico/lib/libcalico_ds9.a(sys_startup.o)
                0x0200308c                systemUserStartup
 .text.systemStartup
                0x02003090      0x104 /opt/devkitpro/calico/lib/libcalico_ds9.a(sys_startup.o)
                0x02003090                systemStartup
 .text.irqSet   0x02003194       0x64 /opt/devkitpro/calico/lib/libcalico_ds9.a(irq.o)
                0x02003194                irqSet
 .text.threadUpdateDynamicPrio
                0x020031f8      0x1cc /opt/devkitpro/calico/lib/libcalico_ds9.a(mutex.o)
 .text.threadRemoveWaiter
                0x020033c4      0x1c8 /opt/devkitpro/calico/lib/libcalico_ds9.a(mutex.o)
 .text.mutexLock
                0x0200358c      0x150 /opt/devkitpro/calico/lib/libcalico_ds9.a(mutex.o)
                0x0200358c                mutexLock
 .text.mutexUnlock
                0x020036dc       0xd0 /opt/devkitpro/calico/lib/libcalico_ds9.a(mutex.o)
                0x020036dc                mutexUnlock
 .text.mailboxTrySend
                0x020037ac       0x98 /opt/devkitpro/calico/lib/libcalico_ds9.a(mailbox.o)
                0x020037ac                mailboxTrySend
 .text.mailboxRecv
                0x02003844       0x98 /opt/devkitpro/calico/lib/libcalico_ds9.a(mailbox.o)
                0x02003844                mailboxRecv
 .text._pmCallEventHandlers
                0x020038dc       0x40 /opt/devkitpro/calico/lib/libcalico_ds9.a(pm.o)
 .text._pmPxiThreadMain
                0x0200391c       0xa0 /opt/devkitpro/calico/lib/libcalico_ds9.a(pm.o)
 .text._pmResetPxiHandler
                0x020039bc       0x28 /opt/devkitpro/calico/lib/libcalico_ds9.a(pm.o)
 .text.systemUserExit
                0x020039e4        0x4 /opt/devkitpro/calico/lib/libcalico_ds9.a(pm.o)
                0x020039e4                systemUserExit
 .text.systemErrorExit
                0x020039e8        0x4 /opt/devkitpro/calico/lib/libcalico_ds9.a(pm.o)
                0x020039e8                systemErrorExit
 .text.__syscall_exit
                0x020039ec      0x138 /opt/devkitpro/calico/lib/libcalico_ds9.a(pm.o)
                0x020039ec                __syscall_exit
 .text.pmInit   0x02003b24       0x58 /opt/devkitpro/calico/lib/libcalico_ds9.a(pm.o)
                0x02003b24                pmInit
 .text          0x02003b7c      0x148 /opt/devkitpro/devkitARM/bin/../lib/gcc/arm-none-eabi/15.1.0/libgcc.a(_divsi3.o)
                0x02003b7c                __aeabi_idiv
                0x02003b7c                __divsi3
                0x02003ca4                __aeabi_idivmod
 .text          0x02003cc4        0x4 /opt/devkitpro/devkitARM/bin/../lib/gcc/arm-none-eabi/15.1.0/libgcc.a(_dvmd_tls.o)
                0x02003cc4                __aeabi_ldiv0
                0x02003cc4                __aeabi_idiv0
 .text          0x02003cc8       0x3c /opt/devkitpro/devkitARM/bin/../lib/gcc/arm-none-eabi/15.1.0/libgcc.a(_aeabi_uldivmod.o)
                0x02003cc8                __aeabi_uldivmod
 .text.__udivmoddi4
                0x02003d04      0x140 /opt/devkitpro/devkitARM/bin/../lib/gcc/arm-none-eabi/15.1.0/libgcc.a(_udivmoddi4.o)
                0x02003d04                __udivmoddi4
 .text          0x02003e44       0x28 /opt/devkitpro/devkitARM/bin/../lib/gcc/arm-none-eabi/15.1.0/libgcc.a(_clzdi2.o)
                0x02003e44                __clzdi2
 .text          0x02003e6c       0x48 /opt/devkitpro/devkitARM/bin/../lib/gcc/arm-none-eabi/15.1.0/libgcc.a(_clzsi2.o)
                0x02003e6c                __clzsi2
 .text.srand    0x02003eb4       0x20 /opt/devkitpro/devkitARM/bin/../lib/gcc/arm-none-eabi/15.1.0/../../../../arm-none-eabi/lib/libg.a(libc_a-rand.o)
                0x02003eb4                srand
 .text.rand     0x02003ed4       0x4c /opt/devkitpro/devkitARM/bin/../lib/gcc/arm-none-eabi/15.1.0/../../../../arm-none-eabi/lib/libg.a(libc_a-rand.o)
                0x02003ed4                rand
 .text.__libc_init_array
                0x02003f20       0x90 /opt/devkitpro/devkitARM/bin/../lib/gcc/arm-none-eabi/15.1.0/../../../../arm-none-eabi/lib/libg.a(libc_a-init.o)
                0x02003f20                __libc_init_array
 .text.siscanf  0x02003fb0       0x78 /opt/devkitpro/devkitARM/bin/../lib/gcc/arm-none-eabi/15.1.0/../../../../arm-none-eabi/lib/libg.a(libc_a-siscanf.o)
                0x02003fb0                siscanf
 .text._malloc_r
                0x02004028      0x804 /opt/devkitpro/devkitARM/bin/../lib/gcc/arm-none-eabi/15.1.0/../../../../arm-none-eabi/lib/libg.a(libc_a-mallocr.o)
                0x02004028                _malloc_r
 .text._malloc_trim_r
                0x0200482c      0x11c /opt/devkitpro/devkitARM/bin/../lib/gcc/arm-none-eabi/15.1.0/../../../../arm-none-eabi/lib/libg.a(libc_a-freer.o)
                0x0200482c                _malloc_trim_r
 .text._free_r  0x02004948      0x2fc /opt/devkitpro/devkitARM/bin/../lib/gcc/arm-none-eabi/15.1.0/../../../../arm-none-eabi/lib/libg.a(libc_a-freer.o)
                0x02004948                _free_r
 .text.time     0x02004c44       0x4c /opt/devkitpro/devkitARM/bin/../lib/gcc/arm-none-eabi/15.1.0/../../../../arm-none-eabi/lib/libg.a(libc_a-time.o)
                0x02004c44                time
 .text.memset   0x02004c90       0xf4 /opt/devkitpro/devkitARM/bin/../lib/gcc/arm-none-eabi/15.1.0/../../../../arm-none-eabi/lib/libg.a(libc_a-memset.o)
                0x02004c90                memset
 .text.__malloc_lock
                0x02004d84       0x18 /opt/devkitpro/devkitARM/bin/../lib/gcc/arm-none-eabi/15.1.0/../../../../arm-none-eabi/lib/libg.a(libc_a-mlock.o)
                0x02004d84                __malloc_lock
 .text.__malloc_unlock
                0x02004d9c       0x18 /opt/devkitpro/devkitARM/bin/../lib/gcc/arm-none-eabi/15.1.0/../../../../arm-none-eabi/lib/libg.a(libc_a-mlock.o)
                0x02004d9c                __malloc_unlock
 .text.__call_exitprocs
                0x02004db4       0x10 /opt/devkitpro/devkitARM/bin/../lib/gcc/arm-none-eabi/15.1.0/../../../../arm-none-eabi/lib/libg.a(libc_a-exit.o)
                0x02004db4                __call_exitprocs
 .text.setvbuf  0x02004dc4      0x29c /opt/devkitpro/devkitARM/bin/../lib/gcc/arm-none-eabi/15.1.0/../../../../arm-none-eabi/lib/libg.a(libc_a-setvbuf.o)
                0x02004dc4                setvbuf
 .text.memcpy   0x02005060      0x130 /opt/devkitpro/devkitARM/bin/../lib/gcc/arm-none-eabi/15.1.0/../../../../arm-none-eabi/lib/libg.a(libc_a-memcpy-stub.o)
                0x02005060                memcpy
 .text.iprintf  0x02005190       0x34 /opt/devkitpro/devkitARM/bin/../lib/gcc/arm-none-eabi/15.1.0/../../../../arm-none-eabi/lib/libg.a(libc_a-iprintf.o)
                0x02005190                iprintf
 .text.__sread  0x020051c4       0x4c /opt/devkitpro/devkitARM/bin/../lib/gcc/arm-none-eabi/15.1.0/../../../../arm-none-eabi/lib/libg.a(libc_a-stdio.o)
                0x020051c4                __sread
 .text.__seofread
                0x02005210        0x8 /opt/devkitpro/devkitARM/bin/../lib/gcc/arm-none-eabi/15.1.0/../../../../arm-none-eabi/lib/libg.a(libc_a-stdio.o)
                0x02005210                __seofread
 .text.__swrite
                0x02005218       0x6c /opt/devkitpro/devkitARM/bin/../lib/gcc/arm-none-eabi/15.1.0/../../../../arm-none-eabi/lib/libg.a(libc_a-stdio.o)
                0x02005218                __swrite
 .text.__sseek  0x02005284       0x48 /opt/devkitpro/devkitARM/bin/../lib/gcc/arm-none-eabi/15.1.0/../../../../arm-none-eabi/lib/libg.a(libc_a-stdio.o)
                0x02005284                __sseek
 .text.__sclose
                0x020052cc       0x14 /opt/devkitpro/devkitARM/bin/../lib/gcc/arm-none-eabi/15.1.0/../../../../arm-none-eabi/lib/libg.a(libc_a-stdio.o)
                0x020052cc                __sclose
 .text.get_arg  0x020052e0      0x5fc /opt/devkitpro/devkitARM/bin/../lib/gcc/arm-none-eabi/15.1.0/../../../../arm-none-eabi/lib/libg.a(libc_a-vfiprintf.o)
 .text._vfiprintf_r
                0x020058dc     0x2344 /opt/devkitpro/devkitARM/bin/../lib/gcc/arm-none-eabi/15.1.0/../../../../arm-none-eabi/lib/libg.a(libc_a-vfiprintf.o)
                0x020058dc                _vfiprintf_r
 .text.__sbprintf
                0x02007c20       0xb8 /opt/devkitpro/devkitARM/bin/../lib/gcc/arm-none-eabi/15.1.0/../../../../arm-none-eabi/lib/libg.a(libc_a-vfiprintf.o)
 .text.strlen   0x02007cd8       0x90 /opt/devkitpro/devkitARM/bin/../lib/gcc/arm-none-eabi/15.1.0/../../../../arm-none-eabi/lib/libg.a(libc_a-strlen.o)
                0x02007cd8                strlen
 .text.get_arg  0x02007d68       0x54 /opt/devkitpro/devkitARM/bin/../lib/gcc/arm-none-eabi/15.1.0/../../../../arm-none-eabi/lib/libg.a(libc_a-svfiscanf.o)
 .text._sungetc_r
                0x02007dbc       0xe8 /opt/devkitpro/devkitARM/bin/../lib/gcc/arm-none-eabi/15.1.0/../../../../arm-none-eabi/lib/libg.a(libc_a-svfiscanf.o)
                0x02007dbc                _sungetc_r
 .text.__ssrefill_r
                0x02007ea4       0x68 /opt/devkitpro/devkitARM/bin/../lib/gcc/arm-none-eabi/15.1.0/../../../../arm-none-eabi/lib/libg.a(libc_a-svfiscanf.o)
                0x02007ea4                __ssrefill_r
 .text._sfread_r
                0x02007f0c       0xb8 /opt/devkitpro/devkitARM/bin/../lib/gcc/arm-none-eabi/15.1.0/../../../../arm-none-eabi/lib/libg.a(libc_a-svfiscanf.o)
                0x02007f0c                _sfread_r
 .text.__ssvfiscanf_r
                0x02007fc4     0x22d4 /opt/devkitpro/devkitARM/bin/../lib/gcc/arm-none-eabi/15.1.0/../../../../arm-none-eabi/lib/libg.a(libc_a-svfiscanf.o)
                0x02007fc4                __ssvfiscanf_r
 .text.stdio_exit_handler
                0x0200a298       0x28 /opt/devkitpro/devkitARM/bin/../lib/gcc/arm-none-eabi/15.1.0/../../../../arm-none-eabi/lib/libg.a(libc_a-findfp.o)
 .text.cleanup_stdio
                0x0200a2c0       0x54 /opt/devkitpro/devkitARM/bin/../lib/gcc/arm-none-eabi/15.1.0/../../../../arm-none-eabi/lib/libg.a(libc_a-findfp.o)
 .text.global_stdio_init.part.0
                0x0200a314      0x158 /opt/devkitpro/devkitARM/bin/../lib/gcc/arm-none-eabi/15.1.0/../../../../arm-none-eabi/lib/libg.a(libc_a-findfp.o)
 .text.__sinit  0x0200a46c       0x64 /opt/devkitpro/devkitARM/bin/../lib/gcc/arm-none-eabi/15.1.0/../../../../arm-none-eabi/lib/libg.a(libc_a-findfp.o)
                0x0200a46c                __sinit
 .text.__sfp_lock_acquire
                0x0200a4d0       0x18 /opt/devkitpro/devkitARM/bin/../lib/gcc/arm-none-eabi/15.1.0/../../../../arm-none-eabi/lib/libg.a(libc_a-findfp.o)
                0x0200a4d0                __sfp_lock_acquire
 .text.__sfp_lock_release
                0x0200a4e8       0x18 /opt/devkitpro/devkitARM/bin/../lib/gcc/arm-none-eabi/15.1.0/../../../../arm-none-eabi/lib/libg.a(libc_a-findfp.o)
                0x0200a4e8                __sfp_lock_release
 .text._strtoul_l.isra.0
                0x0200a500      0x1f0 /opt/devkitpro/devkitARM/bin/../lib/gcc/arm-none-eabi/15.1.0/../../../../arm-none-eabi/lib/libg.a(libc_a-strtoul.o)
 .text._strtoul_r
                0x0200a6f0       0x38 /opt/devkitpro/devkitARM/bin/../lib/gcc/arm-none-eabi/15.1.0/../../../../arm-none-eabi/lib/libg.a(libc_a-strtoul.o)
                0x0200a6f0                _strtoul_r
 .text._fwalk_sglue
                0x0200a728       0x78 /opt/devkitpro/devkitARM/bin/../lib/gcc/arm-none-eabi/15.1.0/../../../../arm-none-eabi/lib/libg.a(libc_a-fwalk.o)
                0x0200a728                _fwalk_sglue
 .text.__sprint_r
                0x0200a7a0       0x34 /opt/devkitpro/devkitARM/bin/../lib/gcc/arm-none-eabi/15.1.0/../../../../arm-none-eabi/lib/libg.a(libc_a-sprint_r.o)
                0x0200a7a0                __sprint_r
 .text.iswspace
                0x0200a7d4       0x14 /opt/devkitpro/devkitARM/bin/../lib/gcc/arm-none-eabi/15.1.0/../../../../arm-none-eabi/lib/libg.a(libc_a-iswspace.o)
                0x0200a7d4                iswspace
 .text._localeconv_r
                0x0200a7e8       0x28 /opt/devkitpro/devkitARM/bin/../lib/gcc/arm-none-eabi/15.1.0/../../../../arm-none-eabi/lib/libg.a(libc_a-localeconv.o)
                0x0200a7e8                _localeconv_r
 .text.realloc  0x0200a810       0x2c /opt/devkitpro/devkitARM/bin/../lib/gcc/arm-none-eabi/15.1.0/../../../../arm-none-eabi/lib/libg.a(libc_a-realloc.o)
                0x0200a810                realloc
 .text.memchr   0x0200a83c       0xf4 /opt/devkitpro/devkitARM/bin/../lib/gcc/arm-none-eabi/15.1.0/../../../../arm-none-eabi/lib/libg.a(libc_a-memchr-stub.o)
                0x0200a83c                memchr
 .text._wcrtomb_r
                0x0200a930       0xac /opt/devkitpro/devkitARM/bin/../lib/gcc/arm-none-eabi/15.1.0/../../../../arm-none-eabi/lib/libg.a(libc_a-wcrtomb.o)
                0x0200a930                _wcrtomb_r
 .text._strtol_l.part.0
                0x0200a9dc      0x388 /opt/devkitpro/devkitARM/bin/../lib/gcc/arm-none-eabi/15.1.0/../../../../arm-none-eabi/lib/libg.a(libc_a-strtol.o)
 .text._strtol_r
                0x0200ad64       0x70 /opt/devkitpro/devkitARM/bin/../lib/gcc/arm-none-eabi/15.1.0/../../../../arm-none-eabi/lib/libg.a(libc_a-strtol.o)
                0x0200ad64                _strtol_r
 .text.__libc_fini_array
                0x0200add4       0x44 /opt/devkitpro/devkitARM/bin/../lib/gcc/arm-none-eabi/15.1.0/../../../../arm-none-eabi/lib/libg.a(libc_a-fini.o)
                0x0200add4                __libc_fini_array
 .text.malloc   0x0200ae18       0x48 /opt/devkitpro/devkitARM/bin/../lib/gcc/arm-none-eabi/15.1.0/../../../../arm-none-eabi/lib/libg.a(libc_a-malloc.o)
                0x0200ae18                malloc
 .text.free     0x0200ae60       0x24 /opt/devkitpro/devkitARM/bin/../lib/gcc/arm-none-eabi/15.1.0/../../../../arm-none-eabi/lib/libg.a(libc_a-malloc.o)
                0x0200ae60                free
 .text.__sccl   0x0200ae84       0xe8 /opt/devkitpro/devkitARM/bin/../lib/gcc/arm-none-eabi/15.1.0/../../../../arm-none-eabi/lib/libg.a(libc_a-sccl.o)
                0x0200ae84                __sccl
 .text.__sflush_r
                0x0200af6c      0x248 /opt/devkitpro/devkitARM/bin/../lib/gcc/arm-none-eabi/15.1.0/../../../../arm-none-eabi/lib/libg.a(libc_a-fflush.o)
                0x0200af6c                __sflush_r
 .text._fflush_r
                0x0200b1b4       0xcc /opt/devkitpro/devkitARM/bin/../lib/gcc/arm-none-eabi/15.1.0/../../../../arm-none-eabi/lib/libg.a(libc_a-fflush.o)
                0x0200b1b4                _fflush_r
 .text.__smakebuf_r
                0x0200b280      0x168 /opt/devkitpro/devkitARM/bin/../lib/gcc/arm-none-eabi/15.1.0/../../../../arm-none-eabi/lib/libg.a(libc_a-makebuf.o)
                0x0200b280                __smakebuf_r
 .text.__swhatbuf_r
                0x0200b3e8       0x84 /opt/devkitpro/devkitARM/bin/../lib/gcc/arm-none-eabi/15.1.0/../../../../arm-none-eabi/lib/libg.a(libc_a-makebuf.o)
                0x0200b3e8                __swhatbuf_r
 .text._realloc_r
                0x0200b46c      0x51c /opt/devkitpro/devkitARM/bin/../lib/gcc/arm-none-eabi/15.1.0/../../../../arm-none-eabi/lib/libg.a(libc_a-reallocr.o)
                0x0200b46c                _realloc_r
 .text.strncpy  0x0200b988       0xdc /opt/devkitpro/devkitARM/bin/../lib/gcc/arm-none-eabi/15.1.0/../../../../arm-none-eabi/lib/libg.a(libc_a-strncpy.o)
                0x0200b988                strncpy
 .text._strtoull_l.isra.0
                0x0200ba64      0x268 /opt/devkitpro/devkitARM/bin/../lib/gcc/arm-none-eabi/15.1.0/../../../../arm-none-eabi/lib/libg.a(libc_a-strtoull.o)
 .text._strtoull_r
                0x0200bccc       0x38 /opt/devkitpro/devkitARM/bin/../lib/gcc/arm-none-eabi/15.1.0/../../../../arm-none-eabi/lib/libg.a(libc_a-strtoull.o)
                0x0200bccc                _strtoull_r
 .text._wcsrtombs_r
                0x0200bd04       0x2c /opt/devkitpro/devkitARM/bin/../lib/gcc/arm-none-eabi/15.1.0/../../../../arm-none-eabi/lib/libg.a(libc_a-wcsrtombs.o)
                0x0200bd04                _wcsrtombs_r
 .text._mbrtowc_r
                0x0200bd30       0xd0 /opt/devkitpro/devkitARM/bin/../lib/gcc/arm-none-eabi/15.1.0/../../../../arm-none-eabi/lib/libg.a(libc_a-mbrtowc.o)
                0x0200bd30                _mbrtowc_r
 .text.__swsetup_r
                0x0200be00      0x148 /opt/devkitpro/devkitARM/bin/../lib/gcc/arm-none-eabi/15.1.0/../../../../arm-none-eabi/lib/libg.a(libc_a-wsetup.o)
                0x0200be00                __swsetup_r
 .text.__sfvwrite_r
                0x0200bf48      0x4b4 /opt/devkitpro/devkitARM/bin/../lib/gcc/arm-none-eabi/15.1.0/../../../../arm-none-eabi/lib/libg.a(libc_a-fvwrite.o)
                0x0200bf48                __sfvwrite_r
 .text.memmove  0x0200c3fc      0x170 /opt/devkitpro/devkitARM/bin/../lib/gcc/arm-none-eabi/15.1.0/../../../../arm-none-eabi/lib/libg.a(libc_a-memmove.o)
                0x0200c3fc                memmove
 .text.iswspace_l
                0x0200c56c       0x40 /opt/devkitpro/devkitARM/bin/../lib/gcc/arm-none-eabi/15.1.0/../../../../arm-none-eabi/lib/libg.a(libc_a-iswspace_l.o)
                0x0200c56c                iswspace_l
 .text._fclose_r
                0x0200c5ac      0x14c /opt/devkitpro/devkitARM/bin/../lib/gcc/arm-none-eabi/15.1.0/../../../../arm-none-eabi/lib/libg.a(libc_a-fclose.o)
                0x0200c5ac                _fclose_r
 .text._strtoll_l.isra.0
                0x0200c6f8      0x49c /opt/devkitpro/devkitARM/bin/../lib/gcc/arm-none-eabi/15.1.0/../../../../arm-none-eabi/lib/libg.a(libc_a-strtoll.o)
 .text._strtoll_r
                0x0200cb94       0x38 /opt/devkitpro/devkitARM/bin/../lib/gcc/arm-none-eabi/15.1.0/../../../../arm-none-eabi/lib/libg.a(libc_a-strtoll.o)
                0x0200cb94                _strtoll_r
 .text.__locale_mb_cur_max
                0x0200cbcc       0x28 /opt/devkitpro/devkitARM/bin/../lib/gcc/arm-none-eabi/15.1.0/../../../../arm-none-eabi/lib/libg.a(libc_a-locale.o)
                0x0200cbcc                __locale_mb_cur_max
 .text.__submore
                0x0200cbf4       0xbc /opt/devkitpro/devkitARM/bin/../lib/gcc/arm-none-eabi/15.1.0/../../../../arm-none-eabi/lib/libg.a(libc_a-ungetc.o)
                0x0200cbf4                __submore
 .text._memalign_r
                0x0200ccb0      0x188 /opt/devkitpro/devkitARM/bin/../lib/gcc/arm-none-eabi/15.1.0/../../../../arm-none-eabi/lib/libg.a(libc_a-malignr.o)
                0x0200ccb0                _memalign_r
 .text._wcsnrtombs_l
                0x0200ce38      0x16c /opt/devkitpro/devkitARM/bin/../lib/gcc/arm-none-eabi/15.1.0/../../../../arm-none-eabi/lib/libg.a(libc_a-wcsnrtombs.o)
                0x0200ce38                _wcsnrtombs_l
 .text._wcsnrtombs_r
                0x0200cfa4       0x68 /opt/devkitpro/devkitARM/bin/../lib/gcc/arm-none-eabi/15.1.0/../../../../arm-none-eabi/lib/libg.a(libc_a-wcsnrtombs.o)
                0x0200cfa4                _wcsnrtombs_r
 .text.__utf8_mbtowc
                0x0200d00c      0x344 /opt/devkitpro/devkitARM/bin/../lib/gcc/arm-none-eabi/15.1.0/../../../../arm-none-eabi/lib/libg.a(libc_a-mbtowc_r.o)
                0x0200d00c                __utf8_mbtowc
 .text.category
                0x0200d350       0x98 /opt/devkitpro/devkitARM/bin/../lib/gcc/arm-none-eabi/15.1.0/../../../../arm-none-eabi/lib/libg.a(libc_a-categories.o)
                0x0200d350                category
 .text.__utf8_wctomb
                0x0200d3e8       0xf8 /opt/devkitpro/devkitARM/bin/../lib/gcc/arm-none-eabi/15.1.0/../../../../arm-none-eabi/lib/libg.a(libc_a-wctomb_r.o)
                0x0200d3e8                __utf8_wctomb
 .text._exit    0x0200d4e0       0x20 /opt/devkitpro/devkitARM/bin/../lib/gcc/arm-none-eabi/15.1.0/../../../../arm-none-eabi/lib/libsysbase.a(libsysbase_libsysbase_a-_exit.o)
                0x0200d4e0                _exit
 .text._fstat_r
                0x0200d500       0xa0 /opt/devkitpro/devkitARM/bin/../lib/gcc/arm-none-eabi/15.1.0/../../../../arm-none-eabi/lib/libsysbase.a(libsysbase_libsysbase_a-fstat.o)
                0x0200d500                _fstat_r
 .text.__getreent
                0x0200d5a0       0x30 /opt/devkitpro/devkitARM/bin/../lib/gcc/arm-none-eabi/15.1.0/../../../../arm-none-eabi/lib/libsysbase.a(libsysbase_libsysbase_a-getreent.o)
                0x0200d5a0                __getreent
 .text._gettimeofday_r
                0x0200d5d0       0x34 /opt/devkitpro/devkitARM/bin/../lib/gcc/arm-none-eabi/15.1.0/../../../../arm-none-eabi/lib/libsysbase.a(libsysbase_libsysbase_a-gettod.o)
                0x0200d5d0                _gettimeofday_r
 .text.__get_handle
                0x0200d604       0x5c /opt/devkitpro/devkitARM/bin/../lib/gcc/arm-none-eabi/15.1.0/../../../../arm-none-eabi/lib/libsysbase.a(libsysbase_libsysbase_a-handle_manager.o)
                0x0200d604                __get_handle
 .text._close_r
                0x0200d660      0x118 /opt/devkitpro/devkitARM/bin/../lib/gcc/arm-none-eabi/15.1.0/../../../../arm-none-eabi/lib/libsysbase.a(libsysbase_libsysbase_a-handle_manager.o)
                0x0200d660                _close_r
 .text.null_write
                0x0200d778        0x8 /opt/devkitpro/devkitARM/bin/../lib/gcc/arm-none-eabi/15.1.0/../../../../arm-none-eabi/lib/libsysbase.a(libsysbase_libsysbase_a-iosupport.o)
 .text._isatty_r
                0x0200d780        0x8 /opt/devkitpro/devkitARM/bin/../lib/gcc/arm-none-eabi/15.1.0/../../../../arm-none-eabi/lib/libsysbase.a(libsysbase_libsysbase_a-isatty.o)
                0x0200d780                _isatty_r
 .text._lseek_r
                0x0200d788       0x98 /opt/devkitpro/devkitARM/bin/../lib/gcc/arm-none-eabi/15.1.0/../../../../arm-none-eabi/lib/libsysbase.a(libsysbase_libsysbase_a-lseek.o)
                0x0200d788                _lseek_r
 .text._read_r  0x0200d820       0x98 /opt/devkitpro/devkitARM/bin/../lib/gcc/arm-none-eabi/15.1.0/../../../../arm-none-eabi/lib/libsysbase.a(libsysbase_libsysbase_a-read.o)
                0x0200d820                _read_r
 .text._sbrk_r  0x0200d8b8       0x78 /opt/devkitpro/devkitARM/bin/../lib/gcc/arm-none-eabi/15.1.0/../../../../arm-none-eabi/lib/libsysbase.a(libsysbase_libsysbase_a-sbrk.o)
                0x0200d8b8                _sbrk_r
 .text.__libc_lock_acquire
                0x0200d930       0x20 /opt/devkitpro/devkitARM/bin/../lib/gcc/arm-none-eabi/15.1.0/../../../../arm-none-eabi/lib/libsysbase.a(libsysbase_libsysbase_a-syscall_support.o)
                0x0200d930                __libc_lock_acquire
 .text.__libc_lock_release
                0x0200d950       0x20 /opt/devkitpro/devkitARM/bin/../lib/gcc/arm-none-eabi/15.1.0/../../../../arm-none-eabi/lib/libsysbase.a(libsysbase_libsysbase_a-syscall_support.o)
                0x0200d950                __libc_lock_release
 .text.__libc_lock_acquire_recursive
                0x0200d970       0x20 /opt/devkitpro/devkitARM/bin/../lib/gcc/arm-none-eabi/15.1.0/../../../../arm-none-eabi/lib/libsysbase.a(libsysbase_libsysbase_a-syscall_support.o)
                0x0200d970                __libc_lock_acquire_recursive
 .text.__libc_lock_release_recursive
                0x0200d990       0x20 /opt/devkitpro/devkitARM/bin/../lib/gcc/arm-none-eabi/15.1.0/../../../../arm-none-eabi/lib/libsysbase.a(libsysbase_libsysbase_a-syscall_support.o)
                0x0200d990                __libc_lock_release_recursive
 .text._write_r
                0x0200d9b0       0x98 /opt/devkitpro/devkitARM/bin/../lib/gcc/arm-none-eabi/15.1.0/../../../../arm-none-eabi/lib/libsysbase.a(libsysbase_libsysbase_a-write.o)
                0x0200d9b0                _write_r
 .text          0x0200da48      0x114 /opt/devkitpro/devkitARM/bin/../lib/gcc/arm-none-eabi/15.1.0/libgcc.a(_udivsi3.o)
                0x0200da48                __udivsi3
                0x0200da48                __aeabi_uidiv
                0x0200db3c                __aeabi_uidivmod
 EXCLUDE_FILE(*.twl.*) *(.glue_7t .glue_7 .vfp11_veneer .v4_bx)
 .glue_7        0x0200db5c        0x0 linker stubs
 .glue_7t       0x0200db5c        0x0 linker stubs
 .vfp11_veneer  0x0200db5c        0x0 linker stubs
 .v4_bx         0x0200db5c        0x0 linker stubs
 *(SORT_NONE(.fini))
 .fini          0x0200db5c        0xc /opt/devkitpro/devkitARM/bin/../lib/gcc/arm-none-eabi/15.1.0/crti.o
                0x0200db5c                _fini
 .fini          0x0200db68        0xc /opt/devkitpro/devkitARM/bin/../lib/gcc/arm-none-eabi/15.1.0/crtn.o
 EXCLUDE_FILE(*.twl.*) *(.rodata .rodata.* .gnu.linkonce.r.*)
 .rodata.main.str1.4
                0x0200db74      0x1ac main.o
                                0x118 (size before relaxing)
 .rodata.con_write.str1.4
                0x0200dd20       0x30 /opt/devkitpro/libnds/lib/libnds9.a(console.o)
 .rodata.con_write
                0x0200dd20       0xd4 /opt/devkitpro/libnds/lib/libnds9.a(console.o)
 .rodata.str1.4
                0x0200ddf4       0x14 /opt/devkitpro/libnds/lib/libnds9.a(console.o)
 .rodata.dotab_stdout
                0x0200ddf4       0x80 /opt/devkitpro/libnds/lib/libnds9.a(console.o)
 .rodata.default_font_bin
                0x0200de74      0x800 /opt/devkitpro/libnds/lib/libnds9.a(default_font.bin.o)
                0x0200de74                default_font_bin
                0x0200e674                default_font_bin_end
 .rodata.SIN_LUT
                0x0200e674      0x102 /opt/devkitpro/libnds/lib/libnds9.a(trig.o)
                0x0200e674                SIN_LUT
 .rodata.get_arg
                0x0200e776       0x34 /opt/devkitpro/devkitARM/bin/../lib/gcc/arm-none-eabi/15.1.0/../../../../arm-none-eabi/lib/libg.a(libc_a-vfiprintf.o)
 .rodata._vfiprintf_r.str1.1
                0x0200e7aa       0x29 /opt/devkitpro/devkitARM/bin/../lib/gcc/arm-none-eabi/15.1.0/../../../../arm-none-eabi/lib/libg.a(libc_a-vfiprintf.o)
 *fill*         0x0200e7d3        0x1 ff
 .rodata._vfiprintf_r
                0x0200e7d4       0xb6 /opt/devkitpro/devkitARM/bin/../lib/gcc/arm-none-eabi/15.1.0/../../../../arm-none-eabi/lib/libg.a(libc_a-vfiprintf.o)
 *fill*         0x0200e88a        0x2 ff
 .rodata.zeroes.0
                0x0200e88c       0x10 /opt/devkitpro/devkitARM/bin/../lib/gcc/arm-none-eabi/15.1.0/../../../../arm-none-eabi/lib/libg.a(libc_a-vfiprintf.o)
 .rodata.blanks.1
                0x0200e89c       0x10 /opt/devkitpro/devkitARM/bin/../lib/gcc/arm-none-eabi/15.1.0/../../../../arm-none-eabi/lib/libg.a(libc_a-vfiprintf.o)
 .rodata.__ssvfiscanf_r
                0x0200e8ac       0x7f /opt/devkitpro/devkitARM/bin/../lib/gcc/arm-none-eabi/15.1.0/../../../../arm-none-eabi/lib/libg.a(libc_a-svfiscanf.o)
 *fill*         0x0200e92b        0x1 ff
 .rodata.basefix.0
                0x0200e92c       0x22 /opt/devkitpro/devkitARM/bin/../lib/gcc/arm-none-eabi/15.1.0/../../../../arm-none-eabi/lib/libg.a(libc_a-svfiscanf.o)
 *fill*         0x0200e94e        0x2 ff
 .rodata._ctype_
                0x0200e950      0x101 /opt/devkitpro/devkitARM/bin/../lib/gcc/arm-none-eabi/15.1.0/../../../../arm-none-eabi/lib/libg.a(libc_a-ctype_.o)
                0x0200e950                _ctype_
 *fill*         0x0200ea51        0x3 ff
 .rodata.__action_table
                0x0200ea54       0x6c /opt/devkitpro/devkitARM/bin/../lib/gcc/arm-none-eabi/15.1.0/../../../../arm-none-eabi/lib/libg.a(libc_a-svfiprintf.o)
                0x0200ea54                __action_table
 .rodata.__state_table
                0x0200eac0       0x6c /opt/devkitpro/devkitARM/bin/../lib/gcc/arm-none-eabi/15.1.0/../../../../arm-none-eabi/lib/libg.a(libc_a-svfiprintf.o)
                0x0200eac0                __state_table
 .rodata.__chclass
                0x0200eb2c      0x100 /opt/devkitpro/devkitARM/bin/../lib/gcc/arm-none-eabi/15.1.0/../../../../arm-none-eabi/lib/libg.a(libc_a-svfiprintf.o)
                0x0200eb2c                __chclass
 .rodata._mbrtowc_r.str1.4
                0x0200ec2c        0x1 /opt/devkitpro/devkitARM/bin/../lib/gcc/arm-none-eabi/15.1.0/../../../../arm-none-eabi/lib/libg.a(libc_a-mbrtowc.o)
 .rodata.str1.4
                0x0200ec2c       0x4c /opt/devkitpro/devkitARM/bin/../lib/gcc/arm-none-eabi/15.1.0/../../../../arm-none-eabi/lib/libg.a(libc_a-locale.o)
 .rodata.categories
                0x0200ec2c     0x35dc /opt/devkitpro/devkitARM/bin/../lib/gcc/arm-none-eabi/15.1.0/../../../../arm-none-eabi/lib/libg.a(libc_a-categories.o)
 .rodata.AddDevice.str1.4
                0x02012208        0x8 /opt/devkitpro/devkitARM/bin/../lib/gcc/arm-none-eabi/15.1.0/../../../../arm-none-eabi/lib/libsysbase.a(libsysbase_libsysbase_a-iosupport.o)
 .rodata.dotab_stdnull
                0x02012208       0x80 /opt/devkitpro/devkitARM/bin/../lib/gcc/arm-none-eabi/15.1.0/../../../../arm-none-eabi/lib/libsysbase.a(libsysbase_libsysbase_a-iosupport.o)
                0x02012208                dotab_stdnull
 EXCLUDE_FILE(*.twl.*) *(.rodata1)
                0x02012288                        . = ALIGN (0x4)

.main.rw        0x02012288     0x1848 load address 0x020162bc
 EXCLUDE_FILE(*.twl.*) *(.data .data.* .gnu.linkonce.d.*)
 .data.firstConsoleInit.0
                0x02012288        0x1 /opt/devkitpro/libnds/lib/libnds9.a(console.o)
 *fill*         0x02012289        0x3 ff
 .data.currentConsole
                0x0201228c        0x4 /opt/devkitpro/libnds/lib/libnds9.a(console.o)
                0x0201228c                currentConsole
 .data.defaultConsole
                0x02012290       0x5c /opt/devkitpro/libnds/lib/libnds9.a(console.o)
                0x02012290                defaultConsole
 .data.bgTransform
                0x020122ec       0x20 /opt/devkitpro/libnds/lib/libnds9.a(background.o)
                0x020122ec                bgTransform
 .data.bgScrollTable
                0x0201230c       0x20 /opt/devkitpro/libnds/lib/libnds9.a(background.o)
                0x0201230c                bgScrollTable
 .data.bgControl
                0x0201232c       0x20 /opt/devkitpro/libnds/lib/libnds9.a(background.o)
                0x0201232c                bgControl
 .data.__malloc_sbrk_base
                0x0201234c        0x4 /opt/devkitpro/devkitARM/bin/../lib/gcc/arm-none-eabi/15.1.0/../../../../arm-none-eabi/lib/libg.a(libc_a-mallocr.o)
                0x0201234c                __malloc_sbrk_base
 .data.__malloc_trim_threshold
                0x02012350        0x4 /opt/devkitpro/devkitARM/bin/../lib/gcc/arm-none-eabi/15.1.0/../../../../arm-none-eabi/lib/libg.a(libc_a-mallocr.o)
                0x02012350                __malloc_trim_threshold
 *fill*         0x02012354        0x4 ff
 .data.__malloc_av_
                0x02012358      0x408 /opt/devkitpro/devkitARM/bin/../lib/gcc/arm-none-eabi/15.1.0/../../../../arm-none-eabi/lib/libg.a(libc_a-mallocr.o)
                0x02012358                __malloc_av_
 .data.__sglue  0x02012760        0xc /opt/devkitpro/devkitARM/bin/../lib/gcc/arm-none-eabi/15.1.0/../../../../arm-none-eabi/lib/libg.a(libc_a-findfp.o)
                0x02012760                __sglue
 .data._impure_ptr
                0x0201276c        0x4 /opt/devkitpro/devkitARM/bin/../lib/gcc/arm-none-eabi/15.1.0/../../../../arm-none-eabi/lib/libg.a(libc_a-impure.o)
                0x0201276c                _impure_ptr
 .data._impure_data
                0x02012770      0x140 /opt/devkitpro/devkitARM/bin/../lib/gcc/arm-none-eabi/15.1.0/../../../../arm-none-eabi/lib/libg.a(libc_a-impure.o)
                0x02012770                _impure_data
 .data.__global_locale
                0x020128b0      0x16c /opt/devkitpro/devkitARM/bin/../lib/gcc/arm-none-eabi/15.1.0/../../../../arm-none-eabi/lib/libg.a(libc_a-locale.o)
                0x020128b0                __global_locale
 *fill*         0x02012a1c        0x4 ff
 .data.handles  0x02012a20     0x1000 /opt/devkitpro/devkitARM/bin/../lib/gcc/arm-none-eabi/15.1.0/../../../../arm-none-eabi/lib/libsysbase.a(libsysbase_libsysbase_a-handle_manager.o)
 .data.__stderr_handle
                0x02013a20        0xc /opt/devkitpro/devkitARM/bin/../lib/gcc/arm-none-eabi/15.1.0/../../../../arm-none-eabi/lib/libsysbase.a(libsysbase_libsysbase_a-handle_manager.o)
 .data.__stdout_handle
                0x02013a2c        0xc /opt/devkitpro/devkitARM/bin/../lib/gcc/arm-none-eabi/15.1.0/../../../../arm-none-eabi/lib/libsysbase.a(libsysbase_libsysbase_a-handle_manager.o)
 .data.__stdin_handle
                0x02013a38        0xc /opt/devkitpro/devkitARM/bin/../lib/gcc/arm-none-eabi/15.1.0/../../../../arm-none-eabi/lib/libsysbase.a(libsysbase_libsysbase_a-handle_manager.o)
 .data.devoptab_list
                0x02013a44       0x8c /opt/devkitpro/devkitARM/bin/../lib/gcc/arm-none-eabi/15.1.0/../../../../arm-none-eabi/lib/libsysbase.a(libsysbase_libsysbase_a-iosupport.o)
                0x02013a44                devoptab_list
 EXCLUDE_FILE(*.twl.*) *(.data1)
 EXCLUDE_FILE(*.twl.*) *(.igot.plt)
 .igot.plt      0x02013ad0        0x0 /opt/devkitpro/devkitARM/bin/../lib/gcc/arm-none-eabi/15.1.0/crtbegin.o
                0x02013ad0                        . = ALIGN (0x4)

.ARM.extab
 *(.ARM.extab* .gnu.linkonce.armextab.*)

.ARM.exidx      0x02013ad0        0x0 load address 0x02017b04
 *(.ARM.exidx* .gnu.linkonce.armexidx.*)
                [!provide]                        PROVIDE (__exidx_start = ADDR (.ARM.exidx))
                [!provide]                        PROVIDE (__exidx_end = (ADDR (.ARM.exidx) + SIZEOF (.ARM.exidx)))

.eh_frame_hdr
 *(.eh_frame_hdr)
 *(.eh_frame_entry .eh_frame_entry.*)

.eh_frame       0x02013ad0        0x4 load address 0x02017b04
 *(.eh_frame)
 .eh_frame      0x02013ad0        0x0 /opt/devkitpro/devkitARM/bin/../lib/gcc/arm-none-eabi/15.1.0/crtbegin.o
 .eh_frame      0x02013ad0        0x4 /opt/devkitpro/devkitARM/bin/../lib/gcc/arm-none-eabi/15.1.0/crtend.o
 *(.eh_frame.*)

.gcc_except_table
 *(.gcc_except_table .gcc_except_table.*)

.gnu_extab
 *(.gnu_extab*)

.tinfo          0x02013ad4        0xc load address 0x02017b08
                0x02013ad4        0x4 LONG 0x2013ae8 __tls_start
                0x02013ad8        0x4 LONG 0x0 SIZEOF (.main.tls)
                0x02013adc        0x4 LONG 0x0 SIZEOF (.tdata)
                0x02013ad4                        PROVIDE (__tls_info = ADDR (.tinfo))

.preinit_array  0x02013ae0        0x0 load address 0x02017b14
                0x02013ae0                        PROVIDE (__preinit_array_start = .)
 *(.preinit_array)
                0x02013ae0                        PROVIDE (__preinit_array_end = .)

.init_array     0x02013ae0        0x4 load address 0x02017b14
                0x02013ae0                        PROVIDE (__init_array_start = .)
 *(SORT_BY_INIT_PRIORITY(.init_array.*) SORT_BY_INIT_PRIORITY(.ctors.*))
 *(.init_array .ctors)
 .init_array    0x02013ae0        0x4 /opt/devkitpro/devkitARM/bin/../lib/gcc/arm-none-eabi/15.1.0/crtbegin.o
                0x02013ae4                        PROVIDE (__init_array_end = .)

.fini_array     0x02013ae4        0x4 load address 0x02017b18
                0x02013ae4                        PROVIDE (__fini_array_start = .)
 *(SORT_BY_INIT_PRIORITY(.fini_array.*) SORT_BY_INIT_PRIORITY(.dtors.*))
 *(.fini_array .dtors)
 .fini_array    0x02013ae4        0x4 /opt/devkitpro/devkitARM/bin/../lib/gcc/arm-none-eabi/15.1.0/crtbegin.o
                0x02013ae8                        PROVIDE (__fini_array_end = .)
                [!provide]                        PROVIDE (__main_lma = LOADADDR (.main))
                0x020013c0                        PROVIDE (__main_start = ADDR (.main))
                0x02013ae8                        PROVIDE (__main_end = (ADDR (.fini_array) + SIZEOF (.fini_array)))

.tdata          0x00000000        0x0 load address 0x02017b1c
 *(.tdata .tdata.* .gnu.linkonce.td.*)
                0x00000000                        . = ALIGN (0x4)

.tbss           0x00000000        0x0 load address 0x02017b1c
 *(.tbss .tbss.* .gnu.linkonce.tb.*)
 *(.tcommon)
                0x00000000                        . = ALIGN (0x4)
                0x00000001                        ASSERT (((ALIGNOF (.tdata) <= 0x8) || (ALIGNOF (.tbss) <= 0x8)), Error: TLS is overaligned (up to 8-byte alignment is supported))
                0x00000001                        ASSERT (((ADDR (.tbss) + SIZEOF (.tbss)) <= (ORIGIN (tls) + LENGTH (tls))), Error: TLS section too large)

.main.tls       0x02013ae8        0x0
                0x02013ae8                        . = (. + ((ADDR (.tbss) + SIZEOF (.tbss)) - ADDR (.tdata)))
                [!provide]                        PROVIDE (__tls_lma = LOADADDR (.tdata))
                0x02013ae8                        PROVIDE (__tls_start = ADDR (.main.tls))
                0x02013ae8                        PROVIDE (__tls_end = (ADDR (.main.tls) + SIZEOF (.tdata)))

.main.bss       0x02013ae8      0x91c
 EXCLUDE_FILE(*.twl.*) *(.dynbss)
 EXCLUDE_FILE(*.twl.*) *(.bss .bss.* .gnu.linkonce.b.*)
 .bss.completed.1
                0x02013ae8        0x1 /opt/devkitpro/devkitARM/bin/../lib/gcc/arm-none-eabi/15.1.0/crtbegin.o
 *fill*         0x02013ae9        0x3 
 .bss.object.0  0x02013aec       0x18 /opt/devkitpro/devkitARM/bin/../lib/gcc/arm-none-eabi/15.1.0/crtbegin.o
 .bss.currentCopy
                0x02013b04       0x5c /opt/devkitpro/libnds/lib/libnds9.a(console.o)
                0x02013b04                currentCopy
 .bss.bgIsTextLut
                0x02013b60        0x8 /opt/devkitpro/libnds/lib/libnds9.a(background.o)
                0x02013b60                bgIsTextLut
 .bss.bgState   0x02013b68      0x140 /opt/devkitpro/libnds/lib/libnds9.a(background.o)
                0x02013b68                bgState
 .bss.s_sleepThreads
                0x02013ca8        0x8 /opt/devkitpro/calico/lib/libcalico_ds9.a(thread_cold.o)
 .bss.s_joinThreads
                0x02013cb0        0x8 /opt/devkitpro/calico/lib/libcalico_ds9.a(thread_cold.o)
 .bss.s_idleThread
                0x02013cb8       0x70 /opt/devkitpro/calico/lib/libcalico_ds9.a(thread_cold.o)
 .bss.s_mainThread
                0x02013d28       0x70 /opt/devkitpro/calico/lib/libcalico_ds9.a(thread_cold.o)
 .bss.s_firstTask
                0x02013d98        0x4 /opt/devkitpro/calico/lib/libcalico_ds9.a(tick.o)
 *fill*         0x02013d9c        0x4 
 .bss.s_highTickCount
                0x02013da0        0x8 /opt/devkitpro/calico/lib/libcalico_ds9.a(tick.o)
 .bss.s_tickInit
                0x02013da8        0x1 /opt/devkitpro/calico/lib/libcalico_ds9.a(tick.o)
 *fill*         0x02013da9        0x3 
 .bss.s_defaultErrno.0
                0x02013dac        0x4 /opt/devkitpro/calico/lib/libcalico_ds9.a(newlib_syscalls.o)
 .bss.__stacksize__
                0x02013db0        0x4 /opt/devkitpro/calico/lib/libcalico_ds9.a(startup.crt0.o)
                0x02013db0                __stacksize__
 .bss.g_isTwlMode
                0x02013db4        0x1 /opt/devkitpro/calico/lib/libcalico_ds9.a(startup.crt0.o)
                0x02013db4                g_isTwlMode
 *fill*         0x02013db5        0x3 
 .bss.s_pxiChannels
                0x02013db8      0x1f0 /opt/devkitpro/calico/lib/libcalico_ds9.a(pxi.o)
 .bss.s_pxiRecvState
                0x02013fa8        0x4 /opt/devkitpro/calico/lib/libcalico_ds9.a(pxi.o)
 .bss.s_pxiRecvQueue
                0x02013fac        0x8 /opt/devkitpro/calico/lib/libcalico_ds9.a(pxi.o)
 .bss.s_pxiSendMutex
                0x02013fb4        0x4 /opt/devkitpro/calico/lib/libcalico_ds9.a(pxi.o)
 .bss.s_mailboxRecvQueue
                0x02013fb8        0x8 /opt/devkitpro/calico/lib/libcalico_ds9.a(mailbox.o)
 .bss.s_pmPxiThreadStack
                0x02013fc0      0x200 /opt/devkitpro/calico/lib/libcalico_ds9.a(pm.o)
 .bss.s_pmPxiThread
                0x020141c0       0x70 /opt/devkitpro/calico/lib/libcalico_ds9.a(pm.o)
 .bss.s_pmState
                0x02014230        0x8 /opt/devkitpro/calico/lib/libcalico_ds9.a(pm.o)
 .bss.__malloc_current_mallinfo
                0x02014238       0x28 /opt/devkitpro/devkitARM/bin/../lib/gcc/arm-none-eabi/15.1.0/../../../../arm-none-eabi/lib/libg.a(libc_a-mallocr.o)
                0x02014238                __malloc_current_mallinfo
 .bss.__malloc_max_total_mem
                0x02014260        0x4 /opt/devkitpro/devkitARM/bin/../lib/gcc/arm-none-eabi/15.1.0/../../../../arm-none-eabi/lib/libg.a(libc_a-mallocr.o)
                0x02014260                __malloc_max_total_mem
 .bss.__malloc_max_sbrked_mem
                0x02014264        0x4 /opt/devkitpro/devkitARM/bin/../lib/gcc/arm-none-eabi/15.1.0/../../../../arm-none-eabi/lib/libg.a(libc_a-mallocr.o)
                0x02014264                __malloc_max_sbrked_mem
 .bss.__malloc_top_pad
                0x02014268        0x4 /opt/devkitpro/devkitARM/bin/../lib/gcc/arm-none-eabi/15.1.0/../../../../arm-none-eabi/lib/libg.a(libc_a-mallocr.o)
                0x02014268                __malloc_top_pad
 .bss.__malloc_recursive_mutex
                0x0201426c        0xc /opt/devkitpro/devkitARM/bin/../lib/gcc/arm-none-eabi/15.1.0/../../../../arm-none-eabi/lib/libg.a(libc_a-mlock.o)
 .bss.__sfp_recursive_mutex
                0x02014278        0xc /opt/devkitpro/devkitARM/bin/../lib/gcc/arm-none-eabi/15.1.0/../../../../arm-none-eabi/lib/libg.a(libc_a-findfp.o)
 *fill*         0x02014284        0x4 
 .bss.__sf      0x02014288      0x168 /opt/devkitpro/devkitARM/bin/../lib/gcc/arm-none-eabi/15.1.0/../../../../arm-none-eabi/lib/libg.a(libc_a-findfp.o)
                0x02014288                __sf
 .bss.__stdio_exit_handler
                0x020143f0        0x4 /opt/devkitpro/devkitARM/bin/../lib/gcc/arm-none-eabi/15.1.0/../../../../arm-none-eabi/lib/libg.a(libc_a-findfp.o)
                0x020143f0                __stdio_exit_handler
 .bss.__hndl_lock
                0x020143f4        0x4 /opt/devkitpro/devkitARM/bin/../lib/gcc/arm-none-eabi/15.1.0/../../../../arm-none-eabi/lib/libsysbase.a(libsysbase_libsysbase_a-handle_manager.o)
 .bss.fake_heap_start
                0x020143f8        0x4 /opt/devkitpro/devkitARM/bin/../lib/gcc/arm-none-eabi/15.1.0/../../../../arm-none-eabi/lib/libsysbase.a(libsysbase_libsysbase_a-malloc_vars.o)
                0x020143f8                fake_heap_start
 .bss.fake_heap_end
                0x020143fc        0x4 /opt/devkitpro/devkitARM/bin/../lib/gcc/arm-none-eabi/15.1.0/../../../../arm-none-eabi/lib/libsysbase.a(libsysbase_libsysbase_a-malloc_vars.o)
                0x020143fc                fake_heap_end
 .bss.heap_start.0
                0x02014400        0x4 /opt/devkitpro/devkitARM/bin/../lib/gcc/arm-none-eabi/15.1.0/../../../../arm-none-eabi/lib/libsysbase.a(libsysbase_libsysbase_a-sbrk.o)
 EXCLUDE_FILE(*.twl.*) *(COMMON)
                0x02014404                        . = ALIGN (0x4)
                [!provide]                        PROVIDE (__main_bss_start = ADDR (.main.bss))
                0x02014404                        PROVIDE (__main_bss_end = (ADDR (.main.bss) + SIZEOF (.main.bss)))
                0x02014404                        . = .
                0x02014404                        PROVIDE (__heap_start_ntr = .)
                0x00000001                        ASSERT ((. <= 0x2380000), Error: DS-mode sections overflow DS ARM9 memory size (3.5 MB))

.twl            0x02014420        0x0 load address 0x02400000
 *(.twl .twl.*)
 *.twl.*(.text .stub .text.* .gnu.linkonce.t.*)
 *.twl.*(.glue_7t .glue_7 .vfp11_veneer .v4_bx)
 *.twl.*(.rodata .rodata.* .gnu.linkonce.r.*)
 *.twl.*(.rodata1)
                0x02014420                        . = ALIGN (0x4)

.twl.rw         0x02014420        0x0 load address 0x02400000
 *.twl.*(.data .data.* .gnu.linkonce.d.*)
 *.twl.*(.data1)
                0x02014420                        . = ALIGN (0x4)
                0x02400000                        PROVIDE (__twl_lma = LOADADDR (.twl))
                0x02014420                        PROVIDE (__twl_start = ADDR (.twl))
                0x02014420                        PROVIDE (__twl_end = (ADDR (.twl.rw) + SIZEOF (.twl.rw)))

.twl.bss        0x02014420        0x0 load address 0x02400000
 *(.twl_bss .twl_bss.*)
 *.twl.*(.dynbss)
 *.twl.*(.bss .bss.* .gnu.linkonce.b.*)
 *.twl.*(COMMON)
                0x02014420                        . = ALIGN (0x4)
                [!provide]                        PROVIDE (__twl_bss_start = ADDR (.twl.bss))
                0x02014420                        PROVIDE (__twl_bss_end = (ADDR (.twl.bss) + SIZEOF (.twl.bss)))
                0x02014420                        . = .
                0x02014420                        PROVIDE (__heap_start_twl = .)

.loadlist       0x0e000998       0x30 load address 0x02017b1c
                0x0e000998        0x4 LONG 0x1ff8000 __itcm_start
                0x0e00099c        0x4 LONG 0x1ff869c __itcm_end
                0x0e0009a0        0x4 LONG 0x1ff869c __itcm_end
                0x0e0009a4        0x4 LONG 0x2ff0000 __dtcm_start
                0x0e0009a8        0x4 LONG 0x2ff0000 __dtcm_end
                0x0e0009ac        0x4 LONG 0x2ff0098 __dtcm_bss_end
                0x0e0009b0        0x4 LONG 0x20013c0 __main_start
                0x0e0009b4        0x4 LONG 0x2013ae8 __main_end
                0x0e0009b8        0x4 LONG 0x2013ae8 __main_end
                0x0e0009bc        0x4 LONG 0x2013ae8 __tls_start
                0x0e0009c0        0x4 LONG 0x2013ae8 __tls_end
                0x0e0009c4        0x4 LONG 0x2014404 __main_bss_end
                0x02004d58                        PROVIDE (__loadlist_lma = __itcm_lma)
                0x02017b1c                        PROVIDE (__loadlist_start = LOADADDR (.loadlist))
                0x02017b4c                        PROVIDE (__loadlist_end = (LOADADDR (.loadlist) + SIZEOF (.loadlist)))

.twl.loadlist   0x0e0009c8        0xc load address 0x02400000
                0x0e0009c8        0x4 LONG 0x2014420 __twl_start
                0x0e0009cc        0x4 LONG 0x2014420 __twl_end
                0x0e0009d0        0x4 LONG 0x2014420 __twl_bss_end
                0x02400000                        PROVIDE (__twl_loadlist_lma = __twl_lma)
                0x02400000                        PROVIDE (__twl_loadlist_start = LOADADDR (.twl.loadlist))
                0x0240000c                        PROVIDE (__twl_loadlist_end = (LOADADDR (.twl.loadlist) + SIZEOF (.twl.loadlist)))

.rel.dyn        0x0e0009d4        0x0 load address 0x0240000c
 .rel.iplt      0x0e0009d4        0x0 /opt/devkitpro/devkitARM/bin/../lib/gcc/arm-none-eabi/15.1.0/crtbegin.o

.stab
 *(.stab)

.stabstr
 *(.stabstr)

.stab.excl
 *(.stab.excl)

.stab.exclstr
 *(.stab.exclstr)

.stab.index
 *(.stab.index)

.stab.indexstr
 *(.stab.indexstr)

.comment        0x00000000       0x23
 *(.comment)
 .comment       0x00000000       0x23 /opt/devkitpro/devkitARM/bin/../lib/gcc/arm-none-eabi/15.1.0/crtbegin.o
                                 0x24 (size before relaxing)
 .comment       0x00000023       0x24 main.o
 .comment       0x00000023       0x24 /opt/devkitpro/libnds/lib/libnds9.a(console.o)
 .comment       0x00000023       0x24 /opt/devkitpro/libnds/lib/libnds9.a(background.o)
 .comment       0x00000023       0x24 /opt/devkitpro/libnds/lib/libnds9.a(trig.o)
 .comment       0x00000023       0x24 /opt/devkitpro/calico/lib/libcalico_ds9.a(thread_cold.o)
 .comment       0x00000023       0x24 /opt/devkitpro/calico/lib/libcalico_ds9.a(thread_hot.32.o)
 .comment       0x00000023       0x24 /opt/devkitpro/calico/lib/libcalico_ds9.a(arm-shims.32.o)
 .comment       0x00000023       0x24 /opt/devkitpro/calico/lib/libcalico_ds9.a(tick.o)
 .comment       0x00000023       0x24 /opt/devkitpro/calico/lib/libcalico_ds9.a(newlib_syscalls.o)
 .comment       0x00000023       0x24 /opt/devkitpro/calico/lib/libcalico_ds9.a(startup.crt0.o)
 .comment       0x00000023       0x24 /opt/devkitpro/calico/lib/libcalico_ds9.a(pxi.o)
 .comment       0x00000023       0x24 /opt/devkitpro/calico/lib/libcalico_ds9.a(sys_startup.o)
 .comment       0x00000023       0x24 /opt/devkitpro/calico/lib/libcalico_ds9.a(irq.o)
 .comment       0x00000023       0x24 /opt/devkitpro/calico/lib/libcalico_ds9.a(mutex.o)
 .comment       0x00000023       0x24 /opt/devkitpro/calico/lib/libcalico_ds9.a(mailbox.o)
 .comment       0x00000023       0x24 /opt/devkitpro/calico/lib/libcalico_ds9.a(pm.o)
 .comment       0x00000023       0x24 /opt/devkitpro/devkitARM/bin/../lib/gcc/arm-none-eabi/15.1.0/libgcc.a(_udivmoddi4.o)
 .comment       0x00000023       0x24 /opt/devkitpro/devkitARM/bin/../lib/gcc/arm-none-eabi/15.1.0/../../../../arm-none-eabi/lib/libg.a(libc_a-rand.o)
 .comment       0x00000023       0x24 /opt/devkitpro/devkitARM/bin/../lib/gcc/arm-none-eabi/15.1.0/../../../../arm-none-eabi/lib/libg.a(libc_a-init.o)
 .comment       0x00000023       0x24 /opt/devkitpro/devkitARM/bin/../lib/gcc/arm-none-eabi/15.1.0/../../../../arm-none-eabi/lib/libg.a(libc_a-siscanf.o)
 .comment       0x00000023       0x24 /opt/devkitpro/devkitARM/bin/../lib/gcc/arm-none-eabi/15.1.0/../../../../arm-none-eabi/lib/libg.a(libc_a-mallocr.o)
 .comment       0x00000023       0x24 /opt/devkitpro/devkitARM/bin/../lib/gcc/arm-none-eabi/15.1.0/../../../../arm-none-eabi/lib/libg.a(libc_a-freer.o)
 .comment       0x00000023       0x24 /opt/devkitpro/devkitARM/bin/../lib/gcc/arm-none-eabi/15.1.0/../../../../arm-none-eabi/lib/libg.a(libc_a-time.o)
 .comment       0x00000023       0x24 /opt/devkitpro/devkitARM/bin/../lib/gcc/arm-none-eabi/15.1.0/../../../../arm-none-eabi/lib/libg.a(libc_a-memset.o)
 .comment       0x00000023       0x24 /opt/devkitpro/devkitARM/bin/../lib/gcc/arm-none-eabi/15.1.0/../../../../arm-none-eabi/lib/libg.a(libc_a-mlock.o)
 .comment       0x00000023       0x24 /opt/devkitpro/devkitARM/bin/../lib/gcc/arm-none-eabi/15.1.0/../../../../arm-none-eabi/lib/libg.a(libc_a-exit.o)
 .comment       0x00000023       0x24 /opt/devkitpro/devkitARM/bin/../lib/gcc/arm-none-eabi/15.1.0/../../../../arm-none-eabi/lib/libg.a(libc_a-setvbuf.o)
 .comment       0x00000023       0x24 /opt/devkitpro/devkitARM/bin/../lib/gcc/arm-none-eabi/15.1.0/../../../../arm-none-eabi/lib/libg.a(libc_a-memcpy-stub.o)
 .comment       0x00000023       0x24 /opt/devkitpro/devkitARM/bin/../lib/gcc/arm-none-eabi/15.1.0/../../../../arm-none-eabi/lib/libg.a(libc_a-iprintf.o)
 .comment       0x00000023       0x24 /opt/devkitpro/devkitARM/bin/../lib/gcc/arm-none-eabi/15.1.0/../../../../arm-none-eabi/lib/libg.a(libc_a-stdio.o)
 .comment       0x00000023       0x24 /opt/devkitpro/devkitARM/bin/../lib/gcc/arm-none-eabi/15.1.0/../../../../arm-none-eabi/lib/libg.a(libc_a-vfiprintf.o)
 .comment       0x00000023       0x24 /opt/devkitpro/devkitARM/bin/../lib/gcc/arm-none-eabi/15.1.0/../../../../arm-none-eabi/lib/libg.a(libc_a-strlen.o)
 .comment       0x00000023       0x24 /opt/devkitpro/devkitARM/bin/../lib/gcc/arm-none-eabi/15.1.0/../../../../arm-none-eabi/lib/libg.a(libc_a-svfiscanf.o)
 .comment       0x00000023       0x24 /opt/devkitpro/devkitARM/bin/../lib/gcc/arm-none-eabi/15.1.0/../../../../arm-none-eabi/lib/libg.a(libc_a-findfp.o)
 .comment       0x00000023       0x24 /opt/devkitpro/devkitARM/bin/../lib/gcc/arm-none-eabi/15.1.0/../../../../arm-none-eabi/lib/libg.a(libc_a-strtoul.o)
 .comment       0x00000023       0x24 /opt/devkitpro/devkitARM/bin/../lib/gcc/arm-none-eabi/15.1.0/../../../../arm-none-eabi/lib/libg.a(libc_a-fwalk.o)
 .comment       0x00000023       0x24 /opt/devkitpro/devkitARM/bin/../lib/gcc/arm-none-eabi/15.1.0/../../../../arm-none-eabi/lib/libg.a(libc_a-sprint_r.o)
 .comment       0x00000023       0x24 /opt/devkitpro/devkitARM/bin/../lib/gcc/arm-none-eabi/15.1.0/../../../../arm-none-eabi/lib/libg.a(libc_a-iswspace.o)
 .comment       0x00000023       0x24 /opt/devkitpro/devkitARM/bin/../lib/gcc/arm-none-eabi/15.1.0/../../../../arm-none-eabi/lib/libg.a(libc_a-localeconv.o)
 .comment       0x00000023       0x24 /opt/devkitpro/devkitARM/bin/../lib/gcc/arm-none-eabi/15.1.0/../../../../arm-none-eabi/lib/libg.a(libc_a-realloc.o)
 .comment       0x00000023       0x24 /opt/devkitpro/devkitARM/bin/../lib/gcc/arm-none-eabi/15.1.0/../../../../arm-none-eabi/lib/libg.a(libc_a-memchr-stub.o)
 .comment       0x00000023       0x24 /opt/devkitpro/devkitARM/bin/../lib/gcc/arm-none-eabi/15.1.0/../../../../arm-none-eabi/lib/libg.a(libc_a-wcrtomb.o)
 .comment       0x00000023       0x24 /opt/devkitpro/devkitARM/bin/../lib/gcc/arm-none-eabi/15.1.0/../../../../arm-none-eabi/lib/libg.a(libc_a-strtol.o)
 .comment       0x00000023       0x24 /opt/devkitpro/devkitARM/bin/../lib/gcc/arm-none-eabi/15.1.0/../../../../arm-none-eabi/lib/libg.a(libc_a-fini.o)
 .comment       0x00000023       0x24 /opt/devkitpro/devkitARM/bin/../lib/gcc/arm-none-eabi/15.1.0/../../../../arm-none-eabi/lib/libg.a(libc_a-malloc.o)
 .comment       0x00000023       0x24 /opt/devkitpro/devkitARM/bin/../lib/gcc/arm-none-eabi/15.1.0/../../../../arm-none-eabi/lib/libg.a(libc_a-sccl.o)
 .comment       0x00000023       0x24 /opt/devkitpro/devkitARM/bin/../lib/gcc/arm-none-eabi/15.1.0/../../../../arm-none-eabi/lib/libg.a(libc_a-fflush.o)
 .comment       0x00000023       0x24 /opt/devkitpro/devkitARM/bin/../lib/gcc/arm-none-eabi/15.1.0/../../../../arm-none-eabi/lib/libg.a(libc_a-ctype_.o)
 .comment       0x00000023       0x24 /opt/devkitpro/devkitARM/bin/../lib/gcc/arm-none-eabi/15.1.0/../../../../arm-none-eabi/lib/libg.a(libc_a-makebuf.o)
 .comment       0x00000023       0x24 /opt/devkitpro/devkitARM/bin/../lib/gcc/arm-none-eabi/15.1.0/../../../../arm-none-eabi/lib/libg.a(libc_a-reallocr.o)
 .comment       0x00000023       0x24 /opt/devkitpro/devkitARM/bin/../lib/gcc/arm-none-eabi/15.1.0/../../../../arm-none-eabi/lib/libg.a(libc_a-impure.o)
 .comment       0x00000023       0x24 /opt/devkitpro/devkitARM/bin/../lib/gcc/arm-none-eabi/15.1.0/../../../../arm-none-eabi/lib/libg.a(libc_a-strncpy.o)
 .comment       0x00000023       0x24 /opt/devkitpro/devkitARM/bin/../lib/gcc/arm-none-eabi/15.1.0/../../../../arm-none-eabi/lib/libg.a(libc_a-strtoull.o)
 .comment       0x00000023       0x24 /opt/devkitpro/devkitARM/bin/../lib/gcc/arm-none-eabi/15.1.0/../../../../arm-none-eabi/lib/libg.a(libc_a-wcsrtombs.o)
 .comment       0x00000023       0x24 /opt/devkitpro/devkitARM/bin/../lib/gcc/arm-none-eabi/15.1.0/../../../../arm-none-eabi/lib/libg.a(libc_a-svfiprintf.o)
 .comment       0x00000023       0x24 /opt/devkitpro/devkitARM/bin/../lib/gcc/arm-none-eabi/15.1.0/../../../../arm-none-eabi/lib/libg.a(libc_a-mbrtowc.o)
 .comment       0x00000023       0x24 /opt/devkitpro/devkitARM/bin/../lib/gcc/arm-none-eabi/15.1.0/../../../../arm-none-eabi/lib/libg.a(libc_a-wsetup.o)
 .comment       0x00000023       0x24 /opt/devkitpro/devkitARM/bin/../lib/gcc/arm-none-eabi/15.1.0/../../../../arm-none-eabi/lib/libg.a(libc_a-fvwrite.o)
 .comment       0x00000023       0x24 /opt/devkitpro/devkitARM/bin/../lib/gcc/arm-none-eabi/15.1.0/../../../../arm-none-eabi/lib/libg.a(libc_a-memmove.o)
 .comment       0x00000023       0x24 /opt/devkitpro/devkitARM/bin/../lib/gcc/arm-none-eabi/15.1.0/../../../../arm-none-eabi/lib/libg.a(libc_a-iswspace_l.o)
 .comment       0x00000023       0x24 /opt/devkitpro/devkitARM/bin/../lib/gcc/arm-none-eabi/15.1.0/../../../../arm-none-eabi/lib/libg.a(libc_a-fclose.o)
 .comment       0x00000023       0x24 /opt/devkitpro/devkitARM/bin/../lib/gcc/arm-none-eabi/15.1.0/../../../../arm-none-eabi/lib/libg.a(libc_a-strtoll.o)
 .comment       0x00000023       0x24 /opt/devkitpro/devkitARM/bin/../lib/gcc/arm-none-eabi/15.1.0/../../../../arm-none-eabi/lib/libg.a(libc_a-locale.o)
 .comment       0x00000023       0x24 /opt/devkitpro/devkitARM/bin/../lib/gcc/arm-none-eabi/15.1.0/../../../../arm-none-eabi/lib/libg.a(libc_a-ungetc.o)
 .comment       0x00000023       0x24 /opt/devkitpro/devkitARM/bin/../lib/gcc/arm-none-eabi/15.1.0/../../../../arm-none-eabi/lib/libg.a(libc_a-malignr.o)
 .comment       0x00000023       0x24 /opt/devkitpro/devkitARM/bin/../lib/gcc/arm-none-eabi/15.1.0/../../../../arm-none-eabi/lib/libg.a(libc_a-wcsnrtombs.o)
 .comment       0x00000023       0x24 /opt/devkitpro/devkitARM/bin/../lib/gcc/arm-none-eabi/15.1.0/../../../../arm-none-eabi/lib/libg.a(libc_a-mbtowc_r.o)
 .comment       0x00000023       0x24 /opt/devkitpro/devkitARM/bin/../lib/gcc/arm-none-eabi/15.1.0/../../../../arm-none-eabi/lib/libg.a(libc_a-categories.o)
 .comment       0x00000023       0x24 /opt/devkitpro/devkitARM/bin/../lib/gcc/arm-none-eabi/15.1.0/../../../../arm-none-eabi/lib/libg.a(libc_a-wctomb_r.o)
 .comment       0x00000023       0x24 /opt/devkitpro/devkitARM/bin/../lib/gcc/arm-none-eabi/15.1.0/../../../../arm-none-eabi/lib/libsysbase.a(libsysbase_libsysbase_a-_exit.o)
 .comment       0x00000023       0x24 /opt/devkitpro/devkitARM/bin/../lib/gcc/arm-none-eabi/15.1.0/../../../../arm-none-eabi/lib/libsysbase.a(libsysbase_libsysbase_a-fstat.o)
 .comment       0x00000023       0x24 /opt/devkitpro/devkitARM/bin/../lib/gcc/arm-none-eabi/15.1.0/../../../../arm-none-eabi/lib/libsysbase.a(libsysbase_libsysbase_a-getreent.o)
 .comment       0x00000023       0x24 /opt/devkitpro/devkitARM/bin/../lib/gcc/arm-none-eabi/15.1.0/../../../../arm-none-eabi/lib/libsysbase.a(libsysbase_libsysbase_a-gettod.o)
 .comment       0x00000023       0x24 /opt/devkitpro/devkitARM/bin/../lib/gcc/arm-none-eabi/15.1.0/../../../../arm-none-eabi/lib/libsysbase.a(libsysbase_libsysbase_a-handle_manager.o)
 .comment       0x00000023       0x24 /opt/devkitpro/devkitARM/bin/../lib/gcc/arm-none-eabi/15.1.0/../../../../arm-none-eabi/lib/libsysbase.a(libsysbase_libsysbase_a-iosupport.o)
 .comment       0x00000023       0x24 /opt/devkitpro/devkitARM/bin/../lib/gcc/arm-none-eabi/15.1.0/../../../../arm-none-eabi/lib/libsysbase.a(libsysbase_libsysbase_a-isatty.o)
 .comment       0x00000023       0x24 /opt/devkitpro/devkitARM/bin/../lib/gcc/arm-none-eabi/15.1.0/../../../../arm-none-eabi/lib/libsysbase.a(libsysbase_libsysbase_a-lseek.o)
 .comment       0x00000023       0x24 /opt/devkitpro/devkitARM/bin/../lib/gcc/arm-none-eabi/15.1.0/../../../../arm-none-eabi/lib/libsysbase.a(libsysbase_libsysbase_a-malloc_vars.o)
 .comment       0x00000023       0x24 /opt/devkitpro/devkitARM/bin/../lib/gcc/arm-none-eabi/15.1.0/../../../../arm-none-eabi/lib/libsysbase.a(libsysbase_libsysbase_a-read.o)
 .comment       0x00000023       0x24 /opt/devkitpro/devkitARM/bin/../lib/gcc/arm-none-eabi/15.1.0/../../../../arm-none-eabi/lib/libsysbase.a(libsysbase_libsysbase_a-sbrk.o)
 .comment       0x00000023       0x24 /opt/devkitpro/devkitARM/bin/../lib/gcc/arm-none-eabi/15.1.0/../../../../arm-none-eabi/lib/libsysbase.a(libsysbase_libsysbase_a-syscall_support.o)
 .comment       0x00000023       0x24 /opt/devkitpro/devkitARM/bin/../lib/gcc/arm-none-eabi/15.1.0/../../../../arm-none-eabi/lib/libsysbase.a(libsysbase_libsysbase_a-write.o)
 .comment       0x00000023       0x24 /opt/devkitpro/devkitARM/bin/../lib/gcc/arm-none-eabi/15.1.0/crtend.o

.gnu.build.attributes
 *(.gnu.build.attributes .gnu.build.attributes.*)

.debug
 *(.debug)

.line
 *(.line)

.debug_srcinfo
 *(.debug_srcinfo)

.debug_sfnames
 *(.debug_sfnames)

.debug_aranges  0x00000000      0x6d0
 *(.debug_aranges)
 .debug_aranges
                0x00000000       0x38 main.o
 .debug_aranges
                0x00000038       0x80 /opt/devkitpro/libnds/lib/libnds9.a(console.o)
 .debug_aranges
                0x000000b8       0x40 /opt/devkitpro/libnds/lib/libnds9.a(background.o)
 .debug_aranges
                0x000000f8       0x60 /opt/devkitpro/libnds/lib/libnds9.a(trig.o)
 .debug_aranges
                0x00000158       0x88 /opt/devkitpro/calico/lib/libcalico_ds9.a(thread_cold.o)
 .debug_aranges
                0x000001e0       0x50 /opt/devkitpro/calico/lib/libcalico_ds9.a(thread_hot.32.o)
 .debug_aranges
                0x00000230       0x28 /opt/devkitpro/calico/lib/libcalico_ds9.a(arm-context.32.o)
 .debug_aranges
                0x00000258       0x70 /opt/devkitpro/calico/lib/libcalico_ds9.a(arm-shims.32.o)
 .debug_aranges
                0x000002c8       0x38 /opt/devkitpro/calico/lib/libcalico_ds9.a(bootstub_arm9.o)
 .debug_aranges
                0x00000300       0x20 /opt/devkitpro/calico/lib/libcalico_ds9.a(excpt_handler.32.o)
 .debug_aranges
                0x00000320       0x50 /opt/devkitpro/calico/lib/libcalico_ds9.a(tick.o)
 .debug_aranges
                0x00000370       0xa8 /opt/devkitpro/calico/lib/libcalico_ds9.a(newlib_syscalls.o)
 .debug_aranges
                0x00000418       0x28 /opt/devkitpro/calico/lib/libcalico_ds9.a(startup.crt0.o)
 .debug_aranges
                0x00000440       0x28 /opt/devkitpro/calico/lib/libcalico_ds9.a(utils.crt0.o)
 .debug_aranges
                0x00000468       0x20 /opt/devkitpro/calico/lib/libcalico_ds9.a(irq_handler.32.o)
 .debug_aranges
                0x00000488       0x78 /opt/devkitpro/calico/lib/libcalico_ds9.a(pxi.o)
 .debug_aranges
                0x00000500       0x20 /opt/devkitpro/calico/lib/libcalico_ds9.a(mpu_setup.crt0.o)
 .debug_aranges
                0x00000520       0x28 /opt/devkitpro/calico/lib/libcalico_ds9.a(sys_startup.o)
 .debug_aranges
                0x00000548       0x20 /opt/devkitpro/calico/lib/libcalico_ds9.a(irq.o)
 .debug_aranges
                0x00000568       0x50 /opt/devkitpro/calico/lib/libcalico_ds9.a(mutex.o)
 .debug_aranges
                0x000005b8       0x30 /opt/devkitpro/calico/lib/libcalico_ds9.a(mailbox.o)
 .debug_aranges
                0x000005e8       0x48 /opt/devkitpro/calico/lib/libcalico_ds9.a(arm-cache.32.o)
 .debug_aranges
                0x00000630       0xa0 /opt/devkitpro/calico/lib/libcalico_ds9.a(pm.o)

.debug_pubnames
 *(.debug_pubnames)

.debug_info     0x00000000     0xf4d7
 *(.debug_info .gnu.linkonce.wi.*)
 .debug_info    0x00000000      0xc2f main.o
 .debug_info    0x00000c2f     0x2a7a /opt/devkitpro/libnds/lib/libnds9.a(console.o)
 .debug_info    0x000036a9      0xa36 /opt/devkitpro/libnds/lib/libnds9.a(background.o)
 .debug_info    0x000040df      0x77c /opt/devkitpro/libnds/lib/libnds9.a(trig.o)
 .debug_info    0x0000485b     0x1e51 /opt/devkitpro/calico/lib/libcalico_ds9.a(thread_cold.o)
 .debug_info    0x000066ac     0x126f /opt/devkitpro/calico/lib/libcalico_ds9.a(thread_hot.32.o)
 .debug_info    0x0000791b       0x3b /opt/devkitpro/calico/lib/libcalico_ds9.a(arm-context.32.o)
 .debug_info    0x00007956      0x385 /opt/devkitpro/calico/lib/libcalico_ds9.a(arm-shims.32.o)
 .debug_info    0x00007cdb       0x3e /opt/devkitpro/calico/lib/libcalico_ds9.a(bootstub_arm9.o)
 .debug_info    0x00007d19       0x5d /opt/devkitpro/calico/lib/libcalico_ds9.a(excpt_handler.32.o)
 .debug_info    0x00007d76      0xc64 /opt/devkitpro/calico/lib/libcalico_ds9.a(tick.o)
 .debug_info    0x000089da     0x161d /opt/devkitpro/calico/lib/libcalico_ds9.a(newlib_syscalls.o)
 .debug_info    0x00009ff7      0x4e1 /opt/devkitpro/calico/lib/libcalico_ds9.a(startup.crt0.o)
 .debug_info    0x0000a4d8       0x3b /opt/devkitpro/calico/lib/libcalico_ds9.a(utils.crt0.o)
 .debug_info    0x0000a513       0x33 /opt/devkitpro/calico/lib/libcalico_ds9.a(irq_handler.32.o)
 .debug_info    0x0000a546     0x13cf /opt/devkitpro/calico/lib/libcalico_ds9.a(pxi.o)
 .debug_info    0x0000b915       0x33 /opt/devkitpro/calico/lib/libcalico_ds9.a(mpu_setup.crt0.o)
 .debug_info    0x0000b948      0x4fc /opt/devkitpro/calico/lib/libcalico_ds9.a(sys_startup.o)
 .debug_info    0x0000be44      0x28e /opt/devkitpro/calico/lib/libcalico_ds9.a(irq.o)
 .debug_info    0x0000c0d2     0x1070 /opt/devkitpro/calico/lib/libcalico_ds9.a(mutex.o)
 .debug_info    0x0000d142      0x80d /opt/devkitpro/calico/lib/libcalico_ds9.a(mailbox.o)
 .debug_info    0x0000d94f       0x67 /opt/devkitpro/calico/lib/libcalico_ds9.a(arm-cache.32.o)
 .debug_info    0x0000d9b6     0x1b21 /opt/devkitpro/calico/lib/libcalico_ds9.a(pm.o)

.debug_abbrev   0x00000000     0x39ea
 *(.debug_abbrev)
 .debug_abbrev  0x00000000      0x381 main.o
 .debug_abbrev  0x00000381      0x62f /opt/devkitpro/libnds/lib/libnds9.a(console.o)
 .debug_abbrev  0x000009b0      0x364 /opt/devkitpro/libnds/lib/libnds9.a(background.o)
 .debug_abbrev  0x00000d14      0x26c /opt/devkitpro/libnds/lib/libnds9.a(trig.o)
 .debug_abbrev  0x00000f80      0x592 /opt/devkitpro/calico/lib/libcalico_ds9.a(thread_cold.o)
 .debug_abbrev  0x00001512      0x36d /opt/devkitpro/calico/lib/libcalico_ds9.a(thread_hot.32.o)
 .debug_abbrev  0x0000187f       0x26 /opt/devkitpro/calico/lib/libcalico_ds9.a(arm-context.32.o)
 .debug_abbrev  0x000018a5      0x1c3 /opt/devkitpro/calico/lib/libcalico_ds9.a(arm-shims.32.o)
 .debug_abbrev  0x00001a68       0x26 /opt/devkitpro/calico/lib/libcalico_ds9.a(bootstub_arm9.o)
 .debug_abbrev  0x00001a8e       0x26 /opt/devkitpro/calico/lib/libcalico_ds9.a(excpt_handler.32.o)
 .debug_abbrev  0x00001ab4      0x329 /opt/devkitpro/calico/lib/libcalico_ds9.a(tick.o)
 .debug_abbrev  0x00001ddd      0x4a2 /opt/devkitpro/calico/lib/libcalico_ds9.a(newlib_syscalls.o)
 .debug_abbrev  0x0000227f      0x1d6 /opt/devkitpro/calico/lib/libcalico_ds9.a(startup.crt0.o)
 .debug_abbrev  0x00002455       0x26 /opt/devkitpro/calico/lib/libcalico_ds9.a(utils.crt0.o)
 .debug_abbrev  0x0000247b       0x28 /opt/devkitpro/calico/lib/libcalico_ds9.a(irq_handler.32.o)
 .debug_abbrev  0x000024a3      0x446 /opt/devkitpro/calico/lib/libcalico_ds9.a(pxi.o)
 .debug_abbrev  0x000028e9       0x28 /opt/devkitpro/calico/lib/libcalico_ds9.a(mpu_setup.crt0.o)
 .debug_abbrev  0x00002911      0x1e7 /opt/devkitpro/calico/lib/libcalico_ds9.a(sys_startup.o)
 .debug_abbrev  0x00002af8      0x1c1 /opt/devkitpro/calico/lib/libcalico_ds9.a(irq.o)
 .debug_abbrev  0x00002cb9      0x3c9 /opt/devkitpro/calico/lib/libcalico_ds9.a(mutex.o)
 .debug_abbrev  0x00003082      0x2af /opt/devkitpro/calico/lib/libcalico_ds9.a(mailbox.o)
 .debug_abbrev  0x00003331       0x26 /opt/devkitpro/calico/lib/libcalico_ds9.a(arm-cache.32.o)
 .debug_abbrev  0x00003357      0x693 /opt/devkitpro/calico/lib/libcalico_ds9.a(pm.o)

.debug_line     0x00000000     0x9546
 *(.debug_line .debug_line.* .debug_line_end)
 .debug_line    0x00000000      0x657 main.o
 .debug_line    0x00000657     0x1622 /opt/devkitpro/libnds/lib/libnds9.a(console.o)
 .debug_line    0x00001c79      0x61c /opt/devkitpro/libnds/lib/libnds9.a(background.o)
 .debug_line    0x00002295      0x77f /opt/devkitpro/libnds/lib/libnds9.a(trig.o)
 .debug_line    0x00002a14      0xeab /opt/devkitpro/calico/lib/libcalico_ds9.a(thread_cold.o)
 .debug_line    0x000038bf     0x1058 /opt/devkitpro/calico/lib/libcalico_ds9.a(thread_hot.32.o)
 .debug_line    0x00004917       0x69 /opt/devkitpro/calico/lib/libcalico_ds9.a(arm-context.32.o)
 .debug_line    0x00004980      0x2aa /opt/devkitpro/calico/lib/libcalico_ds9.a(arm-shims.32.o)
 .debug_line    0x00004c2a      0x108 /opt/devkitpro/calico/lib/libcalico_ds9.a(bootstub_arm9.o)
 .debug_line    0x00004d32       0x66 /opt/devkitpro/calico/lib/libcalico_ds9.a(excpt_handler.32.o)
 .debug_line    0x00004d98      0xa69 /opt/devkitpro/calico/lib/libcalico_ds9.a(tick.o)
 .debug_line    0x00005801      0x765 /opt/devkitpro/calico/lib/libcalico_ds9.a(newlib_syscalls.o)
 .debug_line    0x00005f66      0x3bd /opt/devkitpro/calico/lib/libcalico_ds9.a(startup.crt0.o)
 .debug_line    0x00006323       0x7d /opt/devkitpro/calico/lib/libcalico_ds9.a(utils.crt0.o)
 .debug_line    0x000063a0       0x92 /opt/devkitpro/calico/lib/libcalico_ds9.a(irq_handler.32.o)
 .debug_line    0x00006432      0x983 /opt/devkitpro/calico/lib/libcalico_ds9.a(pxi.o)
 .debug_line    0x00006db5       0x6e /opt/devkitpro/calico/lib/libcalico_ds9.a(mpu_setup.crt0.o)
 .debug_line    0x00006e23      0x46b /opt/devkitpro/calico/lib/libcalico_ds9.a(sys_startup.o)
 .debug_line    0x0000728e      0x26e /opt/devkitpro/calico/lib/libcalico_ds9.a(irq.o)
 .debug_line    0x000074fc      0xcc4 /opt/devkitpro/calico/lib/libcalico_ds9.a(mutex.o)
 .debug_line    0x000081c0      0x4e3 /opt/devkitpro/calico/lib/libcalico_ds9.a(mailbox.o)
 .debug_line    0x000086a3       0xb2 /opt/devkitpro/calico/lib/libcalico_ds9.a(arm-cache.32.o)
 .debug_line    0x00008755      0xdf1 /opt/devkitpro/calico/lib/libcalico_ds9.a(pm.o)

.debug_frame    0x00000000      0xfd4
 *(.debug_frame)
 .debug_frame   0x00000000       0x98 main.o
 .debug_frame   0x00000098      0x17c /opt/devkitpro/libnds/lib/libnds9.a(console.o)
 .debug_frame   0x00000214       0xb4 /opt/devkitpro/libnds/lib/libnds9.a(background.o)
 .debug_frame   0x000002c8       0xd8 /opt/devkitpro/libnds/lib/libnds9.a(trig.o)
 .debug_frame   0x000003a0      0x194 /opt/devkitpro/calico/lib/libcalico_ds9.a(thread_cold.o)
 .debug_frame   0x00000534      0x10c /opt/devkitpro/calico/lib/libcalico_ds9.a(thread_hot.32.o)
 .debug_frame   0x00000640       0x30 /opt/devkitpro/calico/lib/libcalico_ds9.a(arm-context.32.o)
 .debug_frame   0x00000670       0xc0 /opt/devkitpro/calico/lib/libcalico_ds9.a(arm-shims.32.o)
 .debug_frame   0x00000730       0x30 /opt/devkitpro/calico/lib/libcalico_ds9.a(bootstub_arm9.o)
 .debug_frame   0x00000760       0xf0 /opt/devkitpro/calico/lib/libcalico_ds9.a(tick.o)
 .debug_frame   0x00000850      0x1a4 /opt/devkitpro/calico/lib/libcalico_ds9.a(newlib_syscalls.o)
 .debug_frame   0x000009f4       0x58 /opt/devkitpro/calico/lib/libcalico_ds9.a(startup.crt0.o)
 .debug_frame   0x00000a4c       0x30 /opt/devkitpro/calico/lib/libcalico_ds9.a(utils.crt0.o)
 .debug_frame   0x00000a7c       0x20 /opt/devkitpro/calico/lib/libcalico_ds9.a(irq_handler.32.o)
 .debug_frame   0x00000a9c      0x15c /opt/devkitpro/calico/lib/libcalico_ds9.a(pxi.o)
 .debug_frame   0x00000bf8       0x20 /opt/devkitpro/calico/lib/libcalico_ds9.a(mpu_setup.crt0.o)
 .debug_frame   0x00000c18       0x38 /opt/devkitpro/calico/lib/libcalico_ds9.a(sys_startup.o)
 .debug_frame   0x00000c50       0x28 /opt/devkitpro/calico/lib/libcalico_ds9.a(irq.o)
 .debug_frame   0x00000c78       0xf8 /opt/devkitpro/calico/lib/libcalico_ds9.a(mutex.o)
 .debug_frame   0x00000d70       0x64 /opt/devkitpro/calico/lib/libcalico_ds9.a(mailbox.o)
 .debug_frame   0x00000dd4       0x70 /opt/devkitpro/calico/lib/libcalico_ds9.a(arm-cache.32.o)
 .debug_frame   0x00000e44      0x190 /opt/devkitpro/calico/lib/libcalico_ds9.a(pm.o)

.debug_str      0x00000000     0x348d
 *(.debug_str)
 .debug_str     0x00000000     0x348d main.o
                                0x870 (size before relaxing)
 .debug_str     0x0000348d     0x130b /opt/devkitpro/libnds/lib/libnds9.a(console.o)
 .debug_str     0x0000348d      0x76c /opt/devkitpro/libnds/lib/libnds9.a(background.o)
 .debug_str     0x0000348d      0x2d5 /opt/devkitpro/libnds/lib/libnds9.a(trig.o)
 .debug_str     0x0000348d      0x9e0 /opt/devkitpro/calico/lib/libcalico_ds9.a(thread_cold.o)
 .debug_str     0x0000348d      0x4c8 /opt/devkitpro/calico/lib/libcalico_ds9.a(thread_hot.32.o)
 .debug_str     0x0000348d       0xac /opt/devkitpro/calico/lib/libcalico_ds9.a(arm-context.32.o)
 .debug_str     0x0000348d      0x245 /opt/devkitpro/calico/lib/libcalico_ds9.a(arm-shims.32.o)
 .debug_str     0x0000348d       0xbb /opt/devkitpro/calico/lib/libcalico_ds9.a(bootstub_arm9.o)
 .debug_str     0x0000348d       0xe5 /opt/devkitpro/calico/lib/libcalico_ds9.a(excpt_handler.32.o)
 .debug_str     0x0000348d      0x375 /opt/devkitpro/calico/lib/libcalico_ds9.a(tick.o)
 .debug_str     0x0000348d      0xb64 /opt/devkitpro/calico/lib/libcalico_ds9.a(newlib_syscalls.o)
 .debug_str     0x0000348d      0x35d /opt/devkitpro/calico/lib/libcalico_ds9.a(startup.crt0.o)
 .debug_str     0x0000348d       0xb3 /opt/devkitpro/calico/lib/libcalico_ds9.a(utils.crt0.o)
 .debug_str     0x0000348d       0x9e /opt/devkitpro/calico/lib/libcalico_ds9.a(irq_handler.32.o)
 .debug_str     0x0000348d      0x960 /opt/devkitpro/calico/lib/libcalico_ds9.a(pxi.o)
 .debug_str     0x0000348d       0xa0 /opt/devkitpro/calico/lib/libcalico_ds9.a(mpu_setup.crt0.o)
 .debug_str     0x0000348d      0x37a /opt/devkitpro/calico/lib/libcalico_ds9.a(sys_startup.o)
 .debug_str     0x0000348d      0x20a /opt/devkitpro/calico/lib/libcalico_ds9.a(irq.o)
 .debug_str     0x0000348d      0x509 /opt/devkitpro/calico/lib/libcalico_ds9.a(mutex.o)
 .debug_str     0x0000348d      0x37b /opt/devkitpro/calico/lib/libcalico_ds9.a(mailbox.o)
 .debug_str     0x0000348d      0x100 /opt/devkitpro/calico/lib/libcalico_ds9.a(arm-cache.32.o)
 .debug_str     0x0000348d      0xd3c /opt/devkitpro/calico/lib/libcalico_ds9.a(pm.o)

.debug_loc
 *(.debug_loc)

.debug_macinfo
 *(.debug_macinfo)

.debug_weaknames
 *(.debug_weaknames)

.debug_funcnames
 *(.debug_funcnames)

.debug_typenames
 *(.debug_typenames)

.debug_varnames
 *(.debug_varnames)

.debug_pubtypes
 *(.debug_pubtypes)

.debug_ranges
 *(.debug_ranges)

.debug_macro
 *(.debug_macro)

.debug_addr
 *(.debug_addr)

.ARM.attributes
                0x00000000       0x27
 *(.ARM.attributes)
 .ARM.attributes
                0x00000000       0x1c /opt/devkitpro/devkitARM/bin/../lib/gcc/arm-none-eabi/15.1.0/crti.o
 .ARM.attributes
                0x0000001c       0x2a /opt/devkitpro/devkitARM/bin/../lib/gcc/arm-none-eabi/15.1.0/crtbegin.o
 .ARM.attributes
                0x00000046       0x2b main.o
 .ARM.attributes
                0x00000071       0x2b zaidPicture.o
 .ARM.attributes
                0x0000009c       0x2b zaidPicture_small.o
 .ARM.attributes
                0x000000c7       0x2b /opt/devkitpro/libnds/lib/libnds9.a(console.o)
 .ARM.attributes
                0x000000f2       0x1b /opt/devkitpro/libnds/lib/libnds9.a(default_font.bin.o)
 .ARM.attributes
                0x0000010d       0x2b /opt/devkitpro/libnds/lib/libnds9.a(background.o)
 .ARM.attributes
                0x00000138       0x2b /opt/devkitpro/libnds/lib/libnds9.a(trig.o)
 .ARM.attributes
                0x00000163       0x2b /opt/devkitpro/calico/lib/libcalico_ds9.a(thread_cold.o)
 .ARM.attributes
                0x0000018e       0x2b /opt/devkitpro/calico/lib/libcalico_ds9.a(thread_hot.32.o)
 .ARM.attributes
                0x000001b9       0x1b /opt/devkitpro/calico/lib/libcalico_ds9.a(arm-copy-fill.32.o)
 .ARM.attributes
                0x000001d4       0x1b /opt/devkitpro/calico/lib/libcalico_ds9.a(arm-context.32.o)
 .ARM.attributes
                0x000001ef       0x2b /opt/devkitpro/calico/lib/libcalico_ds9.a(arm-shims.32.o)
 .ARM.attributes
                0x0000021a       0x1b /opt/devkitpro/calico/lib/libcalico_ds9.a(bootstub_arm9.o)
 .ARM.attributes
                0x00000235       0x1b /opt/devkitpro/calico/lib/libcalico_ds9.a(excpt_handler.32.o)
 .ARM.attributes
                0x00000250       0x2b /opt/devkitpro/calico/lib/libcalico_ds9.a(tick.o)
 .ARM.attributes
                0x0000027b       0x2b /opt/devkitpro/calico/lib/libcalico_ds9.a(newlib_syscalls.o)
 .ARM.attributes
                0x000002a6       0x2b /opt/devkitpro/calico/lib/libcalico_ds9.a(startup.crt0.o)
 .ARM.attributes
                0x000002d1       0x1b /opt/devkitpro/calico/lib/libcalico_ds9.a(utils.crt0.o)
 .ARM.attributes
                0x000002ec       0x1b /opt/devkitpro/calico/lib/libcalico_ds9.a(irq_handler.32.o)
 .ARM.attributes
                0x00000307       0x2b /opt/devkitpro/calico/lib/libcalico_ds9.a(pxi.o)
 .ARM.attributes
                0x00000332       0x1b /opt/devkitpro/calico/lib/libcalico_ds9.a(mpu_setup.crt0.o)
 .ARM.attributes
                0x0000034d       0x2b /opt/devkitpro/calico/lib/libcalico_ds9.a(sys_startup.o)
 .ARM.attributes
                0x00000378       0x2b /opt/devkitpro/calico/lib/libcalico_ds9.a(irq.o)
 .ARM.attributes
                0x000003a3       0x2b /opt/devkitpro/calico/lib/libcalico_ds9.a(mutex.o)
 .ARM.attributes
                0x000003ce       0x2b /opt/devkitpro/calico/lib/libcalico_ds9.a(mailbox.o)
 .ARM.attributes
                0x000003f9       0x1b /opt/devkitpro/calico/lib/libcalico_ds9.a(arm-cache.32.o)
 .ARM.attributes
                0x00000414       0x2b /opt/devkitpro/calico/lib/libcalico_ds9.a(pm.o)
 .ARM.attributes
                0x0000043f       0x1c /opt/devkitpro/devkitARM/bin/../lib/gcc/arm-none-eabi/15.1.0/libgcc.a(_divsi3.o)
 .ARM.attributes
                0x0000045b       0x1c /opt/devkitpro/devkitARM/bin/../lib/gcc/arm-none-eabi/15.1.0/libgcc.a(_dvmd_tls.o)
 .ARM.attributes
                0x00000477       0x1c /opt/devkitpro/devkitARM/bin/../lib/gcc/arm-none-eabi/15.1.0/libgcc.a(_aeabi_uldivmod.o)
 .ARM.attributes
                0x00000493       0x1c /opt/devkitpro/devkitARM/bin/../lib/gcc/arm-none-eabi/15.1.0/libgcc.a(_sync_none.o)
 .ARM.attributes
                0x000004af       0x2a /opt/devkitpro/devkitARM/bin/../lib/gcc/arm-none-eabi/15.1.0/libgcc.a(_udivmoddi4.o)
 .ARM.attributes